Archive member included to satisfy reference by file (symbol)

C:/ST/STM32CubeIDE_1.13.0/STM32CubeIDE/plugins/com.st.stm32cube.ide.mcu.externaltools.gnu-tools-for-stm32.11.3.rel1.win32_1.1.0.202305231506/tools/bin/../lib/gcc/arm-none-eabi/11.3.1/../../../../arm-none-eabi/lib/thumb/v7-m/nofp\libc_nano.a(libc_a-calloc.o)
                              ./CANopenNode/CANopen.o (calloc)
C:/ST/STM32CubeIDE_1.13.0/STM32CubeIDE/plugins/com.st.stm32cube.ide.mcu.externaltools.gnu-tools-for-stm32.11.3.rel1.win32_1.1.0.202305231506/tools/bin/../lib/gcc/arm-none-eabi/11.3.1/../../../../arm-none-eabi/lib/thumb/v7-m/nofp\libc_nano.a(libc_a-callocr.o)
                              C:/ST/STM32CubeIDE_1.13.0/STM32CubeIDE/plugins/com.st.stm32cube.ide.mcu.externaltools.gnu-tools-for-stm32.11.3.rel1.win32_1.1.0.202305231506/tools/bin/../lib/gcc/arm-none-eabi/11.3.1/../../../../arm-none-eabi/lib/thumb/v7-m/nofp\libc_nano.a(libc_a-calloc.o) (_calloc_r)
C:/ST/STM32CubeIDE_1.13.0/STM32CubeIDE/plugins/com.st.stm32cube.ide.mcu.externaltools.gnu-tools-for-stm32.11.3.rel1.win32_1.1.0.202305231506/tools/bin/../lib/gcc/arm-none-eabi/11.3.1/../../../../arm-none-eabi/lib/thumb/v7-m/nofp\libc_nano.a(libc_a-exit.o)
                              C:/ST/STM32CubeIDE_1.13.0/STM32CubeIDE/plugins/com.st.stm32cube.ide.mcu.externaltools.gnu-tools-for-stm32.11.3.rel1.win32_1.1.0.202305231506/tools/bin/../lib/gcc/arm-none-eabi/11.3.1/../../../../arm-none-eabi/lib/thumb/v7-m/nofp/crt0.o (exit)
C:/ST/STM32CubeIDE_1.13.0/STM32CubeIDE/plugins/com.st.stm32cube.ide.mcu.externaltools.gnu-tools-for-stm32.11.3.rel1.win32_1.1.0.202305231506/tools/bin/../lib/gcc/arm-none-eabi/11.3.1/../../../../arm-none-eabi/lib/thumb/v7-m/nofp\libc_nano.a(libc_a-malloc.o)
                              ./CANopenNode/CANopen.o (free)
C:/ST/STM32CubeIDE_1.13.0/STM32CubeIDE/plugins/com.st.stm32cube.ide.mcu.externaltools.gnu-tools-for-stm32.11.3.rel1.win32_1.1.0.202305231506/tools/bin/../lib/gcc/arm-none-eabi/11.3.1/../../../../arm-none-eabi/lib/thumb/v7-m/nofp\libc_nano.a(libc_a-mallocr.o)
                              C:/ST/STM32CubeIDE_1.13.0/STM32CubeIDE/plugins/com.st.stm32cube.ide.mcu.externaltools.gnu-tools-for-stm32.11.3.rel1.win32_1.1.0.202305231506/tools/bin/../lib/gcc/arm-none-eabi/11.3.1/../../../../arm-none-eabi/lib/thumb/v7-m/nofp\libc_nano.a(libc_a-callocr.o) (_malloc_r)
C:/ST/STM32CubeIDE_1.13.0/STM32CubeIDE/plugins/com.st.stm32cube.ide.mcu.externaltools.gnu-tools-for-stm32.11.3.rel1.win32_1.1.0.202305231506/tools/bin/../lib/gcc/arm-none-eabi/11.3.1/../../../../arm-none-eabi/lib/thumb/v7-m/nofp\libc_nano.a(libc_a-mlock.o)
                              C:/ST/STM32CubeIDE_1.13.0/STM32CubeIDE/plugins/com.st.stm32cube.ide.mcu.externaltools.gnu-tools-for-stm32.11.3.rel1.win32_1.1.0.202305231506/tools/bin/../lib/gcc/arm-none-eabi/11.3.1/../../../../arm-none-eabi/lib/thumb/v7-m/nofp\libc_nano.a(libc_a-mallocr.o) (__malloc_lock)
C:/ST/STM32CubeIDE_1.13.0/STM32CubeIDE/plugins/com.st.stm32cube.ide.mcu.externaltools.gnu-tools-for-stm32.11.3.rel1.win32_1.1.0.202305231506/tools/bin/../lib/gcc/arm-none-eabi/11.3.1/../../../../arm-none-eabi/lib/thumb/v7-m/nofp\libc_nano.a(libc_a-fflush.o)
                              ./CANopenNode_STM32/CO_app_STM32.o (fflush)
C:/ST/STM32CubeIDE_1.13.0/STM32CubeIDE/plugins/com.st.stm32cube.ide.mcu.externaltools.gnu-tools-for-stm32.11.3.rel1.win32_1.1.0.202305231506/tools/bin/../lib/gcc/arm-none-eabi/11.3.1/../../../../arm-none-eabi/lib/thumb/v7-m/nofp\libc_nano.a(libc_a-findfp.o)
                              C:/ST/STM32CubeIDE_1.13.0/STM32CubeIDE/plugins/com.st.stm32cube.ide.mcu.externaltools.gnu-tools-for-stm32.11.3.rel1.win32_1.1.0.202305231506/tools/bin/../lib/gcc/arm-none-eabi/11.3.1/../../../../arm-none-eabi/lib/thumb/v7-m/nofp\libc_nano.a(libc_a-fflush.o) (__sinit)
C:/ST/STM32CubeIDE_1.13.0/STM32CubeIDE/plugins/com.st.stm32cube.ide.mcu.externaltools.gnu-tools-for-stm32.11.3.rel1.win32_1.1.0.202305231506/tools/bin/../lib/gcc/arm-none-eabi/11.3.1/../../../../arm-none-eabi/lib/thumb/v7-m/nofp\libc_nano.a(libc_a-fwalk.o)
                              C:/ST/STM32CubeIDE_1.13.0/STM32CubeIDE/plugins/com.st.stm32cube.ide.mcu.externaltools.gnu-tools-for-stm32.11.3.rel1.win32_1.1.0.202305231506/tools/bin/../lib/gcc/arm-none-eabi/11.3.1/../../../../arm-none-eabi/lib/thumb/v7-m/nofp\libc_nano.a(libc_a-fflush.o) (_fwalk_sglue)
C:/ST/STM32CubeIDE_1.13.0/STM32CubeIDE/plugins/com.st.stm32cube.ide.mcu.externaltools.gnu-tools-for-stm32.11.3.rel1.win32_1.1.0.202305231506/tools/bin/../lib/gcc/arm-none-eabi/11.3.1/../../../../arm-none-eabi/lib/thumb/v7-m/nofp\libc_nano.a(libc_a-printf.o)
                              ./CANopenNode_STM32/CO_app_STM32.o (printf)
C:/ST/STM32CubeIDE_1.13.0/STM32CubeIDE/plugins/com.st.stm32cube.ide.mcu.externaltools.gnu-tools-for-stm32.11.3.rel1.win32_1.1.0.202305231506/tools/bin/../lib/gcc/arm-none-eabi/11.3.1/../../../../arm-none-eabi/lib/thumb/v7-m/nofp\libc_nano.a(libc_a-puts.o)
[...]
Memory Configuration

Name             Origin             Length             Attributes
RAM              0x0000000020000000 0x0000000000005000 xrw
FLASH            0x0000000008000000 0x0000000000010000 xr
*default*        0x0000000000000000 0xffffffffffffffff

Linker script and memory map

LOAD C:/ST/STM32CubeIDE_1.13.0/STM32CubeIDE/plugins/com.st.stm32cube.ide.mcu.externaltools.gnu-tools-for-stm32.11.3.rel1.win32_1.1.0.202305231506/tools/bin/../lib/gcc/arm-none-eabi/11.3.1/thumb/v7-m/nofp/crti.o
LOAD C:/ST/STM32CubeIDE_1.13.0/STM32CubeIDE/plugins/com.st.stm32cube.ide.mcu.externaltools.gnu-tools-for-stm32.11.3.rel1.win32_1.1.0.202305231506/tools/bin/../lib/gcc/arm-none-eabi/11.3.1/thumb/v7-m/nofp/crtbegin.o
LOAD C:/ST/STM32CubeIDE_1.13.0/STM32CubeIDE/plugins/com.st.stm32cube.ide.mcu.externaltools.gnu-tools-for-stm32.11.3.rel1.win32_1.1.0.202305231506/tools/bin/../lib/gcc/arm-none-eabi/11.3.1/../../../../arm-none-eabi/lib/thumb/v7-m/nofp/crt0.o
LOAD ./CANopenNode/301/CO_Emergency.o
LOAD ./CANopenNode/301/CO_HBconsumer.o
LOAD ./CANopenNode/301/CO_NMT_Heartbeat.o
LOAD ./CANopenNode/301/CO_Node_Guarding.o
LOAD ./CANopenNode/301/CO_ODinterface.o
LOAD ./CANopenNode/301/CO_PDO.o
LOAD ./CANopenNode/301/CO_SDOclient.o
LOAD ./CANopenNode/301/CO_SDOserver.o
LOAD ./CANopenNode/301/CO_SYNC.o
LOAD ./CANopenNode/301/CO_TIME.o
LOAD ./CANopenNode/301/CO_fifo.o
LOAD ./CANopenNode/301/crc16-ccitt.o
LOAD ./CANopenNode/303/CO_LEDs.o
LOAD ./CANopenNode/304/CO_GFC.o
LOAD ./CANopenNode/304/CO_SRDO.o
LOAD ./CANopenNode/305/CO_LSSmaster.o
LOAD ./CANopenNode/305/CO_LSSslave.o
LOAD ./CANopenNode/309/CO_gateway_ascii.o
LOAD ./CANopenNode/CANopen.o
LOAD ./CANopenNode/extra/CO_trace.o
LOAD ./CANopenNode/storage/CO_storage.o
LOAD ./CANopenNode/storage/CO_storageEeprom.o
LOAD ./CANopenNode_STM32/CO_app_STM32.o
LOAD ./CANopenNode_STM32/CO_driver_STM32.o
LOAD ./CANopenNode_STM32/CO_storageBlank.o
LOAD ./CANopenNode_STM32/OD.o
LOAD ./Core/Src/main.o
LOAD ./Core/Src/stm32f1xx_hal_msp.o
LOAD ./Core/Src/stm32f1xx_it.o
LOAD ./Core/Src/syscalls.o
LOAD ./Core/Src/sysmem.o
LOAD ./Core/Src/system_stm32f1xx.o
LOAD ./Core/Startup/startup_stm32f103c8tx.o
LOAD ./Drivers/STM32F1xx_HAL_Driver/Src/stm32f1xx_hal.o
LOAD ./Drivers/STM32F1xx_HAL_Driver/Src/stm32f1xx_hal_can.o
LOAD ./Drivers/STM32F1xx_HAL_Driver/Src/stm32f1xx_hal_cortex.o
LOAD ./Drivers/STM32F1xx_HAL_Driver/Src/stm32f1xx_hal_dma.o
LOAD ./Drivers/STM32F1xx_HAL_Driver/Src/stm32f1xx_hal_exti.o
LOAD ./Drivers/STM32F1xx_HAL_Driver/Src/stm32f1xx_hal_flash.o
LOAD ./Drivers/STM32F1xx_HAL_Driver/Src/stm32f1xx_hal_flash_ex.o
LOAD ./Drivers/STM32F1xx_HAL_Driver/Src/stm32f1xx_hal_gpio.o
LOAD ./Drivers/STM32F1xx_HAL_Driver/Src/stm32f1xx_hal_gpio_ex.o
LOAD ./Drivers/STM32F1xx_HAL_Driver/Src/stm32f1xx_hal_i2c.o
LOAD ./Drivers/STM32F1xx_HAL_Driver/Src/stm32f1xx_hal_pwr.o
LOAD ./Drivers/STM32F1xx_HAL_Driver/Src/stm32f1xx_hal_rcc.o
LOAD ./Drivers/STM32F1xx_HAL_Driver/Src/stm32f1xx_hal_rcc_ex.o
LOAD ./Drivers/STM32F1xx_HAL_Driver/Src/stm32f1xx_hal_tim.o
LOAD ./Drivers/STM32F1xx_HAL_Driver/Src/stm32f1xx_hal_tim_ex.o
LOAD ./Drivers/STM32F1xx_HAL_Driver/Src/stm32f1xx_hal_uart.o
START GROUP
LOAD C:/ST/STM32CubeIDE_1.13.0/STM32CubeIDE/plugins/com.st.stm32cube.ide.mcu.externaltools.gnu-tools-for-stm32.11.3.rel1.win32_1.1.0.202305231506/tools/bin/../lib/gcc/arm-none-eabi/11.3.1/../../../../arm-none-eabi/lib/thumb/v7-m/nofp\libc_nano.a
LOAD C:/ST/STM32CubeIDE_1.13.0/STM32CubeIDE/plugins/com.st.stm32cube.ide.mcu.externaltools.gnu-tools-for-stm32.11.3.rel1.win32_1.1.0.202305231506/tools/bin/../lib/gcc/arm-none-eabi/11.3.1/../../../../arm-none-eabi/lib/thumb/v7-m/nofp\libm.a
END GROUP
START GROUP
LOAD C:/ST/STM32CubeIDE_1.13.0/STM32CubeIDE/plugins/com.st.stm32cube.ide.mcu.externaltools.gnu-tools-for-stm32.11.3.rel1.win32_1.1.0.202305231506/tools/bin/../lib/gcc/arm-none-eabi/11.3.1/thumb/v7-m/nofp\libgcc.a
LOAD C:/ST/STM32CubeIDE_1.13.0/STM32CubeIDE/plugins/com.st.stm32cube.ide.mcu.externaltools.gnu-tools-for-stm32.11.3.rel1.win32_1.1.0.202305231506/tools/bin/../lib/gcc/arm-none-eabi/11.3.1/../../../../arm-none-eabi/lib/thumb/v7-m/nofp\libc_nano.a
END GROUP
START GROUP
LOAD C:/ST/STM32CubeIDE_1.13.0/STM32CubeIDE/plugins/com.st.stm32cube.ide.mcu.externaltools.gnu-tools-for-stm32.11.3.rel1.win32_1.1.0.202305231506/tools/bin/../lib/gcc/arm-none-eabi/11.3.1/thumb/v7-m/nofp\libgcc.a
LOAD C:/ST/STM32CubeIDE_1.13.0/STM32CubeIDE/plugins/com.st.stm32cube.ide.mcu.externaltools.gnu-tools-for-stm32.11.3.rel1.win32_1.1.0.202305231506/tools/bin/../lib/gcc/arm-none-eabi/11.3.1/../../../../arm-none-eabi/lib/thumb/v7-m/nofp\libc_nano.a
LOAD C:/ST/STM32CubeIDE_1.13.0/STM32CubeIDE/plugins/com.st.stm32cube.ide.mcu.externaltools.gnu-tools-for-stm32.11.3.rel1.win32_1.1.0.202305231506/tools/bin/../lib/gcc/arm-none-eabi/11.3.1/../../../../arm-none-eabi/lib/thumb/v7-m/nofp\libnosys.a
END GROUP
START GROUP
LOAD C:/ST/STM32CubeIDE_1.13.0/STM32CubeIDE/plugins/com.st.stm32cube.ide.mcu.externaltools.gnu-tools-for-stm32.11.3.rel1.win32_1.1.0.202305231506/tools/bin/../lib/gcc/arm-none-eabi/11.3.1/thumb/v7-m/nofp\libgcc.a
LOAD C:/ST/STM32CubeIDE_1.13.0/STM32CubeIDE/plugins/com.st.stm32cube.ide.mcu.externaltools.gnu-tools-for-stm32.11.3.rel1.win32_1.1.0.202305231506/tools/bin/../lib/gcc/arm-none-eabi/11.3.1/../../../../arm-none-eabi/lib/thumb/v7-m/nofp\libc_nano.a
LOAD C:/ST/STM32CubeIDE_1.13.0/STM32CubeIDE/plugins/com.st.stm32cube.ide.mcu.externaltools.gnu-tools-for-stm32.11.3.rel1.win32_1.1.0.202305231506/tools/bin/../lib/gcc/arm-none-eabi/11.3.1/../../../../arm-none-eabi/lib/thumb/v7-m/nofp\libnosys.a
END GROUP
LOAD C:/ST/STM32CubeIDE_1.13.0/STM32CubeIDE/plugins/com.st.stm32cube.ide.mcu.externaltools.gnu-tools-for-stm32.11.3.rel1.win32_1.1.0.202305231506/tools/bin/../lib/gcc/arm-none-eabi/11.3.1/thumb/v7-m/nofp/crtend.o
LOAD C:/ST/STM32CubeIDE_1.13.0/STM32CubeIDE/plugins/com.st.stm32cube.ide.mcu.externaltools.gnu-tools-for-stm32.11.3.rel1.win32_1.1.0.202305231506/tools/bin/../lib/gcc/arm-none-eabi/11.3.1/thumb/v7-m/nofp/crtn.o
                0x0000000020005000                _estack = (ORIGIN (RAM) + LENGTH (RAM))
                0x0000000000000800                _Min_Heap_Size = 0x800
                0x0000000000000600                _Min_Stack_Size = 0x600

.isr_vector     0x0000000008000000      0x10c
                0x0000000008000000                . = ALIGN (0x4)
 *(.isr_vector)
 .isr_vector    0x0000000008000000      0x10c ./Core/Startup/startup_stm32f103c8tx.o
                0x0000000008000000                g_pfnVectors
                0x000000000800010c                . = ALIGN (0x4)

.text           0x000000000800010c     0xc35c
                0x000000000800010c                . = ALIGN (0x4)
 *(.text)
 .text          0x000000000800010c       0x40 C:/ST/STM32CubeIDE_1.13.0/STM32CubeIDE/plugins/com.st.stm32cube.ide.mcu.externaltools.gnu-tools-for-stm32.11.3.rel1.win32_1.1.0.202305231506/tools/bin/../lib/gcc/arm-none-eabi/11.3.1/thumb/v7-m/nofp/crtbegin.o
 .text          0x000000000800014c       0x10 C:/ST/STM32CubeIDE_1.13.0/STM32CubeIDE/plugins/com.st.stm32cube.ide.mcu.externaltools.gnu-tools-for-stm32.11.3.rel1.win32_1.1.0.202305231506/tools/bin/../lib/gcc/arm-none-eabi/11.3.1/../../../../arm-none-eabi/lib/thumb/v7-m/nofp\libc_nano.a(libc_a-strlen.o)
                0x000000000800014c                strlen
 *(.text*)
 .text.CO_getUint8
                0x000000000800015c       0x1a ./CANopenNode/301/CO_Emergency.o
 .text.CO_setUint8
                0x0000000008000176       0x1e ./CANopenNode/301/CO_Emergency.o
 .text.CO_setUint32
                0x0000000008000194       0x1c ./CANopenNode/301/CO_Emergency.o
 .text.OD_getIndex
                0x00000000080001b0       0x20 ./CANopenNode/301/CO_Emergency.o
 .text.OD_extension_init
                0x00000000080001d0       0x26 ./CANopenNode/301/CO_Emergency.o
 .text.OD_get_u32
                0x00000000080001f6       0x2a ./CANopenNode/301/CO_Emergency.o
 .text.OD_read_1014_default
                0x0000000008000220       0x70 ./CANopenNode/301/CO_Emergency.o
 .text.OD_read_1003
                0x0000000008000290       0xdc ./CANopenNode/301/CO_Emergency.o
 .text.OD_write_1003
                0x000000000800036c       0x60 ./CANopenNode/301/CO_Emergency.o
 .text.CO_EM_init
                0x00000000080003cc      0x1c0 ./CANopenNode/301/CO_Emergency.o
                0x00000000080003cc                CO_EM_init
 .text.CO_EM_process
                0x000000000800058c      0x296 ./CANopenNode/301/CO_Emergency.o
                0x000000000800058c                CO_EM_process
 .text.CO_error
                0x0000000008000822      0x178 ./CANopenNode/301/CO_Emergency.o
                0x0000000008000822                CO_error
 .text.CO_getUint32
                0x000000000800099a       0x1a ./CANopenNode/301/CO_HBconsumer.o
 .text.OD_getIndex
                0x00000000080009b4       0x20 ./CANopenNode/301/CO_HBconsumer.o
 .text.OD_extension_init
                0x00000000080009d4       0x26 ./CANopenNode/301/CO_HBconsumer.o
 .text.OD_get_u32
                0x00000000080009fa       0x2a ./CANopenNode/301/CO_HBconsumer.o
 .text.CO_HBcons_receive
                0x0000000008000a24       0x3a ./CANopenNode/301/CO_HBconsumer.o
 .text.OD_write_1016
                0x0000000008000a5e       0x8e ./CANopenNode/301/CO_HBconsumer.o
 .text.CO_HBconsumer_init
                0x0000000008000aec      0x154 ./CANopenNode/301/CO_HBconsumer.o
                0x0000000008000aec                CO_HBconsumer_init
 .text.CO_HBconsumer_initEntry
                0x0000000008000c40      0x130 ./CANopenNode/301/CO_HBconsumer.o
 .text.CO_HBconsumer_process
                0x0000000008000d70      0x1aa ./CANopenNode/301/CO_HBconsumer.o
                0x0000000008000d70                CO_HBconsumer_process
 .text.CO_getUint16
                0x0000000008000f1a       0x1c ./CANopenNode/301/CO_NMT_Heartbeat.o
 .text.OD_getIndex
                0x0000000008000f36       0x20 ./CANopenNode/301/CO_NMT_Heartbeat.o
 .text.OD_extension_init
                0x0000000008000f56       0x26 ./CANopenNode/301/CO_NMT_Heartbeat.o
 .text.OD_get_u16
                0x0000000008000f7c       0x2a ./CANopenNode/301/CO_NMT_Heartbeat.o
 .text.CO_isError
                0x0000000008000fa6       0x4c ./CANopenNode/301/CO_NMT_Heartbeat.o
 .text.CO_getErrorRegister
                0x0000000008000ff2       0x2a ./CANopenNode/301/CO_NMT_Heartbeat.o
 .text.CO_NMT_receive
                0x000000000800101c       0x4e ./CANopenNode/301/CO_NMT_Heartbeat.o
 .text.OD_write_1017
                0x000000000800106a       0x6a ./CANopenNode/301/CO_NMT_Heartbeat.o
 .text.CO_NMT_init
                0x00000000080010d4      0x17c ./CANopenNode/301/CO_NMT_Heartbeat.o
                0x00000000080010d4                CO_NMT_init
 .text.CO_NMT_process
                0x0000000008001250      0x22e ./CANopenNode/301/CO_NMT_Heartbeat.o
                0x0000000008001250                CO_NMT_process
 .text.OD_readOriginal
                0x000000000800147e       0xb0 ./CANopenNode/301/CO_ODinterface.o
                0x000000000800147e                OD_readOriginal
 .text.OD_writeOriginal
                0x000000000800152e       0xda ./CANopenNode/301/CO_ODinterface.o
                0x000000000800152e                OD_writeOriginal
 .text.OD_readDisabled
                0x0000000008001608       0x1a ./CANopenNode/301/CO_ODinterface.o
 .text.OD_writeDisabled
                0x0000000008001622       0x1a ./CANopenNode/301/CO_ODinterface.o
 .text.OD_find  0x000000000800163c       0xb6 ./CANopenNode/301/CO_ODinterface.o
                0x000000000800163c                OD_find
 *fill*         0x00000000080016f2        0x2 
 .text.OD_getSub
                0x00000000080016f4      0x1ec ./CANopenNode/301/CO_ODinterface.o
                0x00000000080016f4                OD_getSub
 .text.OD_getSDOabCode
                0x00000000080018e0       0x38 ./CANopenNode/301/CO_ODinterface.o
                0x00000000080018e0                OD_getSDOabCode
 .text.OD_get_value
                0x0000000008001918       0x7a ./CANopenNode/301/CO_ODinterface.o
                0x0000000008001918                OD_get_value
 .text.OD_set_value
                0x0000000008001992       0x7a ./CANopenNode/301/CO_ODinterface.o
                0x0000000008001992                OD_set_value
 .text.OD_getPtr
                0x0000000008001a0c       0x86 ./CANopenNode/301/CO_ODinterface.o
                0x0000000008001a0c                OD_getPtr
 .text.CO_getUint8
                0x0000000008001a92       0x1a ./CANopenNode/301/CO_PDO.o
 .text.CO_getUint16
                0x0000000008001aac       0x1c ./CANopenNode/301/CO_PDO.o
 .text.CO_getUint32
                0x0000000008001ac8       0x1a ./CANopenNode/301/CO_PDO.o
 .text.CO_setUint32
                0x0000000008001ae2       0x1c ./CANopenNode/301/CO_PDO.o
 .text.OD_getIndex
                0x0000000008001afe       0x20 ./CANopenNode/301/CO_PDO.o
 .text.OD_extension_init
                0x0000000008001b1e       0x26 ./CANopenNode/301/CO_PDO.o
 .text.OD_get_u8
                0x0000000008001b44       0x2a ./CANopenNode/301/CO_PDO.o
 .text.OD_get_u16
                0x0000000008001b6e       0x2a ./CANopenNode/301/CO_PDO.o
 .text.OD_get_u32
                0x0000000008001b98       0x2a ./CANopenNode/301/CO_PDO.o
 .text.OD_write_dummy
                0x0000000008001bc2       0x26 ./CANopenNode/301/CO_PDO.o
 .text.OD_read_dummy
                0x0000000008001be8       0x4e ./CANopenNode/301/CO_PDO.o
 *fill*         0x0000000008001c36        0x2 
 .text.PDOconfigMap
                0x0000000008001c38      0x17c ./CANopenNode/301/CO_PDO.o
 .text.PDO_initMapping
                0x0000000008001db4      0x154 ./CANopenNode/301/CO_PDO.o
 .text.OD_write_PDO_mapping
                0x0000000008001f08      0x132 ./CANopenNode/301/CO_PDO.o
 .text.OD_read_PDO_commParam
                0x000000000800203a       0x9c ./CANopenNode/301/CO_PDO.o
 *fill*         0x00000000080020d6        0x2 
 .text.OD_write_18xx
                0x00000000080020d8      0x2a4 ./CANopenNode/301/CO_PDO.o
 .text.CO_TPDO_init
                0x000000000800237c      0x2e0 ./CANopenNode/301/CO_PDO.o
                0x000000000800237c                CO_TPDO_init
 .text.CO_TPDOsend
                0x000000000800265c      0x188 ./CANopenNode/301/CO_PDO.o
 .text.CO_TPDO_process
                0x00000000080027e4      0x200 ./CANopenNode/301/CO_PDO.o
                0x00000000080027e4                CO_TPDO_process
 .text.CO_getUint8
                0x00000000080029e4       0x1a ./CANopenNode/301/CO_SDOserver.o
 .text.CO_getUint32
                0x00000000080029fe       0x1a ./CANopenNode/301/CO_SDOserver.o
 .text.OD_getIndex
                0x0000000008002a18       0x20 ./CANopenNode/301/CO_SDOserver.o
 .text.OD_extension_init
                0x0000000008002a38       0x26 ./CANopenNode/301/CO_SDOserver.o
 .text.OD_get_u8
                0x0000000008002a5e       0x2a ./CANopenNode/301/CO_SDOserver.o
 .text.OD_get_u32
                0x0000000008002a88       0x2a ./CANopenNode/301/CO_SDOserver.o
 .text.OD_set_u32
                0x0000000008002ab2       0x2a ./CANopenNode/301/CO_SDOserver.o
 .text.CO_SDO_receive
                0x0000000008002adc       0x54 ./CANopenNode/301/CO_SDOserver.o
 .text.CO_SDOserver_init_canRxTx
                0x0000000008002b30       0xd8 ./CANopenNode/301/CO_SDOserver.o
 .text.OD_write_1201_additional
                0x0000000008002c08      0x224 ./CANopenNode/301/CO_SDOserver.o
 .text.CO_SDOserver_init
                0x0000000008002e2c      0x228 ./CANopenNode/301/CO_SDOserver.o
                0x0000000008002e2c                CO_SDOserver_init
 .text.validateAndWriteToOD
                0x0000000008003054      0x220 ./CANopenNode/301/CO_SDOserver.o
 .text.readFromOd
                0x0000000008003274      0x18c ./CANopenNode/301/CO_SDOserver.o
 .text.CO_SDOserver_process
                0x0000000008003400      0xa2c ./CANopenNode/301/CO_SDOserver.o
                0x0000000008003400                CO_SDOserver_process
 .text.CO_getUint8
                0x0000000008003e2c       0x1a ./CANopenNode/301/CO_SYNC.o
 .text.CO_getUint32
                0x0000000008003e46       0x1a ./CANopenNode/301/CO_SYNC.o
 .text.OD_getIndex
                0x0000000008003e60       0x20 ./CANopenNode/301/CO_SYNC.o
 .text.OD_extension_init
                0x0000000008003e80       0x26 ./CANopenNode/301/CO_SYNC.o
 .text.OD_get_u8
                0x0000000008003ea6       0x2a ./CANopenNode/301/CO_SYNC.o
 .text.OD_get_u32
                0x0000000008003ed0       0x2a ./CANopenNode/301/CO_SYNC.o
 .text.CO_SYNCsend
                0x0000000008003efa       0x64 ./CANopenNode/301/CO_SYNC.o
 .text.CO_SYNC_receive
                0x0000000008003f5e       0x8a ./CANopenNode/301/CO_SYNC.o
 .text.OD_write_1005
                0x0000000008003fe8      0x188 ./CANopenNode/301/CO_SYNC.o
 .text.OD_write_1019
                0x0000000008004170       0xbc ./CANopenNode/301/CO_SYNC.o
 .text.CO_SYNC_init
                0x000000000800422c      0x24c ./CANopenNode/301/CO_SYNC.o
                0x000000000800422c                CO_SYNC_init
 .text.CO_SYNC_process
                0x0000000008004478      0x172 ./CANopenNode/301/CO_SYNC.o
                0x0000000008004478                CO_SYNC_process
 .text.CO_getUint16
                0x00000000080045ea       0x1c ./CANopenNode/301/CO_TIME.o
 .text.CO_getUint32
                0x0000000008004606       0x1a ./CANopenNode/301/CO_TIME.o
 .text.OD_getIndex
                0x0000000008004620       0x20 ./CANopenNode/301/CO_TIME.o
 .text.OD_extension_init
                0x0000000008004640       0x26 ./CANopenNode/301/CO_TIME.o
 .text.OD_get_u32
                0x0000000008004666       0x2a ./CANopenNode/301/CO_TIME.o
 .text.CO_TIME_receive
                0x0000000008004690       0x3a ./CANopenNode/301/CO_TIME.o
 *fill*         0x00000000080046ca        0x2 
 .text.OD_write_1012
                0x00000000080046cc       0xe4 ./CANopenNode/301/CO_TIME.o
 .text.CO_TIME_init
                0x00000000080047b0      0x100 ./CANopenNode/301/CO_TIME.o
                0x00000000080047b0                CO_TIME_init
 .text.CO_TIME_process
                0x00000000080048b0       0xec ./CANopenNode/301/CO_TIME.o
                0x00000000080048b0                CO_TIME_process
 .text.CO_LEDs_init
                0x000000000800499c       0x2e ./CANopenNode/303/CO_LEDs.o
                0x000000000800499c                CO_LEDs_init
 *fill*         0x00000000080049ca        0x2 
 .text.CO_LEDs_process
                0x00000000080049cc      0x360 ./CANopenNode/303/CO_LEDs.o
                0x00000000080049cc                CO_LEDs_process
 .text.CO_LSSslave_receive
                0x0000000008004d2c      0x2c8 ./CANopenNode/305/CO_LSSslave.o
 .text.CO_LSSslave_init
                0x0000000008004ff4       0xec ./CANopenNode/305/CO_LSSslave.o
                0x0000000008004ff4                CO_LSSslave_init
 .text.CO_LSSslave_process
                0x00000000080050e0      0x42c ./CANopenNode/305/CO_LSSslave.o
                0x00000000080050e0                CO_LSSslave_process
 .text.CO_isError
                0x000000000800550c       0x4c ./CANopenNode/CANopen.o
 .text.CO_getErrorRegister
                0x0000000008005558       0x2a ./CANopenNode/CANopen.o
 .text.CO_NMT_getInternalState
                0x0000000008005582       0x22 ./CANopenNode/CANopen.o
 .text.CO_LSSslave_getState
                0x00000000080055a4       0x20 ./CANopenNode/CANopen.o
 .text.CO_new   0x00000000080055c4      0x22c ./CANopenNode/CANopen.o
                0x00000000080055c4                CO_new
 .text.CO_delete
                0x00000000080057f0       0xbe ./CANopenNode/CANopen.o
                0x00000000080057f0                CO_delete
 .text.CO_CANinit
                0x00000000080058ae       0x58 ./CANopenNode/CANopen.o
                0x00000000080058ae                CO_CANinit
 .text.CO_LSSinit
                0x0000000008005906       0x58 ./CANopenNode/CANopen.o
                0x0000000008005906                CO_LSSinit
 *fill*         0x000000000800595e        0x2 
 .text.CO_CANopenInit
                0x0000000008005960      0x288 ./CANopenNode/CANopen.o
                0x0000000008005960                CO_CANopenInit
 .text.CO_CANopenInitPDO
                0x0000000008005be8       0xf4 ./CANopenNode/CANopen.o
                0x0000000008005be8                CO_CANopenInitPDO
 .text.CO_process
                0x0000000008005cdc      0x1f0 ./CANopenNode/CANopen.o
                0x0000000008005cdc                CO_process
 .text.CO_process_SYNC
                0x0000000008005ecc       0x86 ./CANopenNode/CANopen.o
                0x0000000008005ecc                CO_process_SYNC
 .text.CO_process_RPDO
                0x0000000008005f52       0x3c ./CANopenNode/CANopen.o
                0x0000000008005f52                CO_process_RPDO
 .text.CO_process_TPDO
                0x0000000008005f8e       0x68 ./CANopenNode/CANopen.o
                0x0000000008005f8e                CO_process_TPDO
 *fill*         0x0000000008005ff6        0x2 
 .text.canopen_app_init
                0x0000000008005ff8       0x68 ./CANopenNode_STM32/CO_app_STM32.o
                0x0000000008005ff8                canopen_app_init
 .text.canopen_app_resetCommunication
                0x0000000008006060      0x23c ./CANopenNode_STM32/CO_app_STM32.o
                0x0000000008006060                canopen_app_resetCommunication
 .text.canopen_app_process
                0x000000000800629c       0xd8 ./CANopenNode_STM32/CO_app_STM32.o
                0x000000000800629c                canopen_app_process
 .text.canopen_app_interrupt
                0x0000000008006374       0x84 ./CANopenNode_STM32/CO_app_STM32.o
                0x0000000008006374                canopen_app_interrupt
 .text.CO_CANsetConfigurationMode
                0x00000000080063f8       0x20 ./CANopenNode_STM32/CO_driver_STM32.o
                0x00000000080063f8                CO_CANsetConfigurationMode
 .text.CO_CANsetNormalMode
                0x0000000008006418       0x30 ./CANopenNode_STM32/CO_driver_STM32.o
                0x0000000008006418                CO_CANsetNormalMode
 .text.CO_CANmodule_init
                0x0000000008006448      0x190 ./CANopenNode_STM32/CO_driver_STM32.o
                0x0000000008006448                CO_CANmodule_init
 .text.CO_CANmodule_disable
                0x00000000080065d8       0x2a ./CANopenNode_STM32/CO_driver_STM32.o
                0x00000000080065d8                CO_CANmodule_disable
 *fill*         0x0000000008006602        0x2 
 .text.CO_CANrxBufferInit
                0x0000000008006604       0xb8 ./CANopenNode_STM32/CO_driver_STM32.o
                0x0000000008006604                CO_CANrxBufferInit
 .text.CO_CANtxBufferInit
                0x00000000080066bc       0x72 ./CANopenNode_STM32/CO_driver_STM32.o
                0x00000000080066bc                CO_CANtxBufferInit
 *fill*         0x000000000800672e        0x2 
 .text.prv_send_can_message
                0x0000000008006730       0x80 ./CANopenNode_STM32/CO_driver_STM32.o
 .text.CO_CANsend
                0x00000000080067b0       0x86 ./CANopenNode_STM32/CO_driver_STM32.o
                0x00000000080067b0                CO_CANsend
 .text.CO_CANclearPendingSyncPDOs
                0x0000000008006836       0xca ./CANopenNode_STM32/CO_driver_STM32.o
                0x0000000008006836                CO_CANclearPendingSyncPDOs
 .text.CO_CANmodule_process
                0x0000000008006900       0x8e ./CANopenNode_STM32/CO_driver_STM32.o
                0x0000000008006900                CO_CANmodule_process
 *fill*         0x000000000800698e        0x2 
 .text.prv_read_can_received_msg
                0x0000000008006990       0xd8 ./CANopenNode_STM32/CO_driver_STM32.o
 .text.HAL_CAN_RxFifo0MsgPendingCallback
                0x0000000008006a68       0x1a ./CANopenNode_STM32/CO_driver_STM32.o
                0x0000000008006a68                HAL_CAN_RxFifo0MsgPendingCallback
 .text.HAL_CAN_RxFifo1MsgPendingCallback
                0x0000000008006a82       0x1a ./CANopenNode_STM32/CO_driver_STM32.o
                0x0000000008006a82                HAL_CAN_RxFifo1MsgPendingCallback
 .text.CO_CANinterrupt_TX
                0x0000000008006a9c       0xa4 ./CANopenNode_STM32/CO_driver_STM32.o
                0x0000000008006a9c                CO_CANinterrupt_TX
 .text.HAL_CAN_TxMailbox0CompleteCallback
                0x0000000008006b40       0x20 ./CANopenNode_STM32/CO_driver_STM32.o
                0x0000000008006b40                HAL_CAN_TxMailbox0CompleteCallback
 .text.HAL_CAN_TxMailbox1CompleteCallback
                0x0000000008006b60       0x20 ./CANopenNode_STM32/CO_driver_STM32.o
                0x0000000008006b60                HAL_CAN_TxMailbox1CompleteCallback
 .text.HAL_CAN_TxMailbox2CompleteCallback
                0x0000000008006b80       0x20 ./CANopenNode_STM32/CO_driver_STM32.o
                0x0000000008006b80                HAL_CAN_TxMailbox2CompleteCallback
 .text.HAL_TIM_PeriodElapsedCallback
                0x0000000008006ba0       0x24 ./Core/Src/main.o
                0x0000000008006ba0                HAL_TIM_PeriodElapsedCallback
 .text.main     0x0000000008006bc4      0x190 ./Core/Src/main.o
                0x0000000008006bc4                main
 .text.SystemClock_Config
                0x0000000008006d54       0x8a ./Core/Src/main.o
                0x0000000008006d54                SystemClock_Config
 *fill*         0x0000000008006dde        0x2 
 .text.MX_CAN_Init
                0x0000000008006de0       0x6c ./Core/Src/main.o
 .text.MX_I2C1_Init
                0x0000000008006e4c       0x5c ./Core/Src/main.o
 .text.MX_TIM1_Init
                0x0000000008006ea8       0xa0 ./Core/Src/main.o
 .text.MX_TIM2_Init
                0x0000000008006f48       0x98 ./Core/Src/main.o
 .text.MX_TIM3_Init
                0x0000000008006fe0       0x9c ./Core/Src/main.o
 .text.MX_TIM4_Init
                0x000000000800707c       0x9c ./Core/Src/main.o
 .text.MX_USART1_UART_Init
                0x0000000008007118       0x54 ./Core/Src/main.o
 .text.MX_USART2_UART_Init
                0x000000000800716c       0x54 ./Core/Src/main.o
 .text.MX_DMA_Init
                0x00000000080071c0       0x4c ./Core/Src/main.o
 .text.MX_GPIO_Init
                0x000000000800720c       0xf0 ./Core/Src/main.o
 .text.Error_Handler
                0x00000000080072fc        0xa ./Core/Src/main.o
                0x00000000080072fc                Error_Handler
 *fill*         0x0000000008007306        0x2 
 .text.HAL_MspInit
                0x0000000008007308       0x64 ./Core/Src/stm32f1xx_hal_msp.o
                0x0000000008007308                HAL_MspInit
 .text.HAL_CAN_MspInit
                0x000000000800736c      0x100 ./Core/Src/stm32f1xx_hal_msp.o
                0x000000000800736c                HAL_CAN_MspInit
 .text.HAL_I2C_MspInit
                0x000000000800746c       0x7c ./Core/Src/stm32f1xx_hal_msp.o
                0x000000000800746c                HAL_I2C_MspInit
 .text.HAL_TIM_Base_MspInit
                0x00000000080074e8       0xc0 ./Core/Src/stm32f1xx_hal_msp.o
                0x00000000080074e8                HAL_TIM_Base_MspInit
 .text.HAL_UART_MspInit
                0x00000000080075a8      0x1c4 ./Core/Src/stm32f1xx_hal_msp.o
                0x00000000080075a8                HAL_UART_MspInit
 .text.NMI_Handler
                0x000000000800776c        0x6 ./Core/Src/stm32f1xx_it.o
                0x000000000800776c                NMI_Handler
 .text.HardFault_Handler
                0x0000000008007772        0x6 ./Core/Src/stm32f1xx_it.o
                0x0000000008007772                HardFault_Handler
 .text.MemManage_Handler
                0x0000000008007778        0x6 ./Core/Src/stm32f1xx_it.o
                0x0000000008007778                MemManage_Handler
 .text.BusFault_Handler
                0x000000000800777e        0x6 ./Core/Src/stm32f1xx_it.o
                0x000000000800777e                BusFault_Handler
 .text.UsageFault_Handler
                0x0000000008007784        0x6 ./Core/Src/stm32f1xx_it.o
                0x0000000008007784                UsageFault_Handler
 .text.SVC_Handler
                0x000000000800778a        0xc ./Core/Src/stm32f1xx_it.o
                0x000000000800778a                SVC_Handler
 .text.DebugMon_Handler
                0x0000000008007796        0xc ./Core/Src/stm32f1xx_it.o
                0x0000000008007796                DebugMon_Handler
 .text.PendSV_Handler
                0x00000000080077a2        0xc ./Core/Src/stm32f1xx_it.o
                0x00000000080077a2                PendSV_Handler
 .text.SysTick_Handler
                0x00000000080077ae        0xc ./Core/Src/stm32f1xx_it.o
                0x00000000080077ae                SysTick_Handler
 *fill*         0x00000000080077ba        0x2 
 .text.DMA1_Channel4_IRQHandler
                0x00000000080077bc       0x14 ./Core/Src/stm32f1xx_it.o
                0x00000000080077bc                DMA1_Channel4_IRQHandler
 .text.DMA1_Channel5_IRQHandler
                0x00000000080077d0       0x14 ./Core/Src/stm32f1xx_it.o
                0x00000000080077d0                DMA1_Channel5_IRQHandler
 .text.USB_HP_CAN1_TX_IRQHandler
                0x00000000080077e4       0x14 ./Core/Src/stm32f1xx_it.o
                0x00000000080077e4                USB_HP_CAN1_TX_IRQHandler
 .text.USB_LP_CAN1_RX0_IRQHandler
                0x00000000080077f8       0x14 ./Core/Src/stm32f1xx_it.o
                0x00000000080077f8                USB_LP_CAN1_RX0_IRQHandler
 .text.CAN1_RX1_IRQHandler
                0x000000000800780c       0x14 ./Core/Src/stm32f1xx_it.o
                0x000000000800780c                CAN1_RX1_IRQHandler
 .text.CAN1_SCE_IRQHandler
                0x0000000008007820       0x14 ./Core/Src/stm32f1xx_it.o
                0x0000000008007820                CAN1_SCE_IRQHandler
 .text.TIM4_IRQHandler
                0x0000000008007834       0x14 ./Core/Src/stm32f1xx_it.o
                0x0000000008007834                TIM4_IRQHandler
 .text.USART1_IRQHandler
                0x0000000008007848       0x14 ./Core/Src/stm32f1xx_it.o
                0x0000000008007848                USART1_IRQHandler
 .text._read    0x000000000800785c       0x3a ./Core/Src/syscalls.o
                0x000000000800785c                _read
 .text._write   0x0000000008007896       0x38 ./Core/Src/syscalls.o
                0x0000000008007896                _write
 .text._close   0x00000000080078ce       0x16 ./Core/Src/syscalls.o
                0x00000000080078ce                _close
 .text._fstat   0x00000000080078e4       0x1e ./Core/Src/syscalls.o
                0x00000000080078e4                _fstat
 .text._isatty  0x0000000008007902       0x14 ./Core/Src/syscalls.o
                0x0000000008007902                _isatty
 .text._lseek   0x0000000008007916       0x18 ./Core/Src/syscalls.o
                0x0000000008007916                _lseek
 *fill*         0x000000000800792e        0x2 
 .text._sbrk    0x0000000008007930       0x6c ./Core/Src/sysmem.o
                0x0000000008007930                _sbrk
 .text.SystemInit
                0x000000000800799c        0xc ./Core/Src/system_stm32f1xx.o
                0x000000000800799c                SystemInit
 .text.Reset_Handler
                0x00000000080079a8       0x48 ./Core/Startup/startup_stm32f103c8tx.o
                0x00000000080079a8                Reset_Handler
 .text.Default_Handler
                0x00000000080079f0        0x2 ./Core/Startup/startup_stm32f103c8tx.o
                0x00000000080079f0                RTC_Alarm_IRQHandler
                0x00000000080079f0                EXTI2_IRQHandler
                0x00000000080079f0                TIM1_CC_IRQHandler
                0x00000000080079f0                PVD_IRQHandler
                0x00000000080079f0                EXTI3_IRQHandler
                0x00000000080079f0                EXTI0_IRQHandler
                0x00000000080079f0                I2C2_EV_IRQHandler
                0x00000000080079f0                ADC1_2_IRQHandler
                0x00000000080079f0                SPI1_IRQHandler
                0x00000000080079f0                TAMPER_IRQHandler
                0x00000000080079f0                USART3_IRQHandler
                0x00000000080079f0                RTC_IRQHandler
                0x00000000080079f0                DMA1_Channel7_IRQHandler
                0x00000000080079f0                I2C1_EV_IRQHandler
                0x00000000080079f0                DMA1_Channel6_IRQHandler
                0x00000000080079f0                TIM3_IRQHandler
                0x00000000080079f0                RCC_IRQHandler
                0x00000000080079f0                TIM1_TRG_COM_IRQHandler
                0x00000000080079f0                DMA1_Channel1_IRQHandler
                0x00000000080079f0                Default_Handler
                0x00000000080079f0                EXTI15_10_IRQHandler
                0x00000000080079f0                EXTI9_5_IRQHandler
                0x00000000080079f0                SPI2_IRQHandler
                0x00000000080079f0                EXTI4_IRQHandler
                0x00000000080079f0                DMA1_Channel3_IRQHandler
                0x00000000080079f0                TIM1_UP_IRQHandler
                0x00000000080079f0                WWDG_IRQHandler
                0x00000000080079f0                TIM2_IRQHandler
                0x00000000080079f0                TIM1_BRK_IRQHandler
                0x00000000080079f0                EXTI1_IRQHandler
                0x00000000080079f0                USART2_IRQHandler
                0x00000000080079f0                I2C2_ER_IRQHandler
                0x00000000080079f0                DMA1_Channel2_IRQHandler
                0x00000000080079f0                FLASH_IRQHandler
                0x00000000080079f0                I2C1_ER_IRQHandler
                0x00000000080079f0                USBWakeUp_IRQHandler
 *fill*         0x00000000080079f2        0x2 
 .text.HAL_Init
                0x00000000080079f4       0x2c ./Drivers/STM32F1xx_HAL_Driver/Src/stm32f1xx_hal.o
                0x00000000080079f4                HAL_Init
 .text.HAL_InitTick
                0x0000000008007a20       0x60 ./Drivers/STM32F1xx_HAL_Driver/Src/stm32f1xx_hal.o
                0x0000000008007a20                HAL_InitTick
 .text.HAL_IncTick
                0x0000000008007a80       0x24 ./Drivers/STM32F1xx_HAL_Driver/Src/stm32f1xx_hal.o
                0x0000000008007a80                HAL_IncTick
 .text.HAL_GetTick
                0x0000000008007aa4       0x14 ./Drivers/STM32F1xx_HAL_Driver/Src/stm32f1xx_hal.o
                0x0000000008007aa4                HAL_GetTick
 .text.HAL_Delay
                0x0000000008007ab8       0x48 ./Drivers/STM32F1xx_HAL_Driver/Src/stm32f1xx_hal.o
                0x0000000008007ab8                HAL_Delay
 .text.HAL_CAN_Init
                0x0000000008007b00      0x28c ./Drivers/STM32F1xx_HAL_Driver/Src/stm32f1xx_hal_can.o
                0x0000000008007b00                HAL_CAN_Init
 .text.HAL_CAN_ConfigFilter
                0x0000000008007d8c      0x192 ./Drivers/STM32F1xx_HAL_Driver/Src/stm32f1xx_hal_can.o
                0x0000000008007d8c                HAL_CAN_ConfigFilter
 .text.HAL_CAN_Start
                0x0000000008007f1e       0x88 ./Drivers/STM32F1xx_HAL_Driver/Src/stm32f1xx_hal_can.o
                0x0000000008007f1e                HAL_CAN_Start
 .text.HAL_CAN_Stop
                0x0000000008007fa6       0x92 ./Drivers/STM32F1xx_HAL_Driver/Src/stm32f1xx_hal_can.o
                0x0000000008007fa6                HAL_CAN_Stop
 .text.HAL_CAN_AddTxMessage
                0x0000000008008038      0x1b4 ./Drivers/STM32F1xx_HAL_Driver/Src/stm32f1xx_hal_can.o
                0x0000000008008038                HAL_CAN_AddTxMessage
 .text.HAL_CAN_GetTxMailboxesFreeLevel
                0x00000000080081ec       0x68 ./Drivers/STM32F1xx_HAL_Driver/Src/stm32f1xx_hal_can.o
                0x00000000080081ec                HAL_CAN_GetTxMailboxesFreeLevel
 .text.HAL_CAN_GetRxMessage
                0x0000000008008254      0x222 ./Drivers/STM32F1xx_HAL_Driver/Src/stm32f1xx_hal_can.o
                0x0000000008008254                HAL_CAN_GetRxMessage
 .text.HAL_CAN_ActivateNotification
                0x0000000008008476       0x4a ./Drivers/STM32F1xx_HAL_Driver/Src/stm32f1xx_hal_can.o
                0x0000000008008476                HAL_CAN_ActivateNotification
 .text.HAL_CAN_IRQHandler
                0x00000000080084c0      0x38a ./Drivers/STM32F1xx_HAL_Driver/Src/stm32f1xx_hal_can.o
                0x00000000080084c0                HAL_CAN_IRQHandler
 .text.HAL_CAN_TxMailbox0AbortCallback
                0x000000000800884a       0x12 ./Drivers/STM32F1xx_HAL_Driver/Src/stm32f1xx_hal_can.o
                0x000000000800884a                HAL_CAN_TxMailbox0AbortCallback
 .text.HAL_CAN_TxMailbox1AbortCallback
                0x000000000800885c       0x12 ./Drivers/STM32F1xx_HAL_Driver/Src/stm32f1xx_hal_can.o
                0x000000000800885c                HAL_CAN_TxMailbox1AbortCallback
 .text.HAL_CAN_TxMailbox2AbortCallback
                0x000000000800886e       0x12 ./Drivers/STM32F1xx_HAL_Driver/Src/stm32f1xx_hal_can.o
                0x000000000800886e                HAL_CAN_TxMailbox2AbortCallback
 .text.HAL_CAN_RxFifo0FullCallback
                0x0000000008008880       0x12 ./Drivers/STM32F1xx_HAL_Driver/Src/stm32f1xx_hal_can.o
                0x0000000008008880                HAL_CAN_RxFifo0FullCallback
 .text.HAL_CAN_RxFifo1FullCallback
                0x0000000008008892       0x12 ./Drivers/STM32F1xx_HAL_Driver/Src/stm32f1xx_hal_can.o
                0x0000000008008892                HAL_CAN_RxFifo1FullCallback
 .text.HAL_CAN_SleepCallback
                0x00000000080088a4       0x12 ./Drivers/STM32F1xx_HAL_Driver/Src/stm32f1xx_hal_can.o
                0x00000000080088a4                HAL_CAN_SleepCallback
 .text.HAL_CAN_WakeUpFromRxMsgCallback
                0x00000000080088b6       0x12 ./Drivers/STM32F1xx_HAL_Driver/Src/stm32f1xx_hal_can.o
                0x00000000080088b6                HAL_CAN_WakeUpFromRxMsgCallback
 .text.HAL_CAN_ErrorCallback
                0x00000000080088c8       0x12 ./Drivers/STM32F1xx_HAL_Driver/Src/stm32f1xx_hal_can.o
                0x00000000080088c8                HAL_CAN_ErrorCallback
 *fill*         0x00000000080088da        0x2 
 .text.__NVIC_SetPriorityGrouping
                0x00000000080088dc       0x48 ./Drivers/STM32F1xx_HAL_Driver/Src/stm32f1xx_hal_cortex.o
 .text.__NVIC_GetPriorityGrouping
                0x0000000008008924       0x1c ./Drivers/STM32F1xx_HAL_Driver/Src/stm32f1xx_hal_cortex.o
 .text.__NVIC_EnableIRQ
                0x0000000008008940       0x38 ./Drivers/STM32F1xx_HAL_Driver/Src/stm32f1xx_hal_cortex.o
 .text.__NVIC_SetPriority
                0x0000000008008978       0x54 ./Drivers/STM32F1xx_HAL_Driver/Src/stm32f1xx_hal_cortex.o
 .text.NVIC_EncodePriority
                0x00000000080089cc       0x64 ./Drivers/STM32F1xx_HAL_Driver/Src/stm32f1xx_hal_cortex.o
 .text.__NVIC_SystemReset
                0x0000000008008a30       0x2c ./Drivers/STM32F1xx_HAL_Driver/Src/stm32f1xx_hal_cortex.o
 .text.SysTick_Config
                0x0000000008008a5c       0x44 ./Drivers/STM32F1xx_HAL_Driver/Src/stm32f1xx_hal_cortex.o
 .text.HAL_NVIC_SetPriorityGrouping
                0x0000000008008aa0       0x16 ./Drivers/STM32F1xx_HAL_Driver/Src/stm32f1xx_hal_cortex.o
                0x0000000008008aa0                HAL_NVIC_SetPriorityGrouping
 .text.HAL_NVIC_SetPriority
                0x0000000008008ab6       0x38 ./Drivers/STM32F1xx_HAL_Driver/Src/stm32f1xx_hal_cortex.o
                0x0000000008008ab6                HAL_NVIC_SetPriority
 .text.HAL_NVIC_EnableIRQ
                0x0000000008008aee       0x1c ./Drivers/STM32F1xx_HAL_Driver/Src/stm32f1xx_hal_cortex.o
                0x0000000008008aee                HAL_NVIC_EnableIRQ
 .text.HAL_NVIC_SystemReset
                0x0000000008008b0a        0x8 ./Drivers/STM32F1xx_HAL_Driver/Src/stm32f1xx_hal_cortex.o
                0x0000000008008b0a                HAL_NVIC_SystemReset
 .text.HAL_SYSTICK_Config
                0x0000000008008b12       0x18 ./Drivers/STM32F1xx_HAL_Driver/Src/stm32f1xx_hal_cortex.o
                0x0000000008008b12                HAL_SYSTICK_Config
 *fill*         0x0000000008008b2a        0x2 
 .text.HAL_DMA_Init
                0x0000000008008b2c       0xb4 ./Drivers/STM32F1xx_HAL_Driver/Src/stm32f1xx_hal_dma.o
                0x0000000008008b2c                HAL_DMA_Init
 .text.HAL_DMA_Start_IT
                0x0000000008008be0       0xbe ./Drivers/STM32F1xx_HAL_Driver/Src/stm32f1xx_hal_dma.o
                0x0000000008008be0                HAL_DMA_Start_IT
 .text.HAL_DMA_Abort
                0x0000000008008c9e       0x74 ./Drivers/STM32F1xx_HAL_Driver/Src/stm32f1xx_hal_dma.o
                0x0000000008008c9e                HAL_DMA_Abort
 *fill*         0x0000000008008d12        0x2 
 .text.HAL_DMA_Abort_IT
                0x0000000008008d14       0xec ./Drivers/STM32F1xx_HAL_Driver/Src/stm32f1xx_hal_dma.o
                0x0000000008008d14                HAL_DMA_Abort_IT
 .text.HAL_DMA_IRQHandler
                0x0000000008008e00      0x20c ./Drivers/STM32F1xx_HAL_Driver/Src/stm32f1xx_hal_dma.o
                0x0000000008008e00                HAL_DMA_IRQHandler
 .text.DMA_SetConfig
                0x000000000800900c       0x5a ./Drivers/STM32F1xx_HAL_Driver/Src/stm32f1xx_hal_dma.o
 *fill*         0x0000000008009066        0x2 
 .text.HAL_GPIO_Init
                0x0000000008009068      0x308 ./Drivers/STM32F1xx_HAL_Driver/Src/stm32f1xx_hal_gpio.o
                0x0000000008009068                HAL_GPIO_Init
 .text.HAL_GPIO_WritePin
                0x0000000008009370       0x30 ./Drivers/STM32F1xx_HAL_Driver/Src/stm32f1xx_hal_gpio.o
                0x0000000008009370                HAL_GPIO_WritePin
 .text.HAL_GPIO_TogglePin
                0x00000000080093a0       0x32 ./Drivers/STM32F1xx_HAL_Driver/Src/stm32f1xx_hal_gpio.o
                0x00000000080093a0                HAL_GPIO_TogglePin
 *fill*         0x00000000080093d2        0x2 
 .text.HAL_I2C_Init
                0x00000000080093d4      0x300 ./Drivers/STM32F1xx_HAL_Driver/Src/stm32f1xx_hal_i2c.o
                0x00000000080093d4                HAL_I2C_Init
 .text.HAL_I2C_MasterTxCpltCallback
                0x00000000080096d4       0x12 ./Drivers/STM32F1xx_HAL_Driver/Src/stm32f1xx_hal_i2c.o
                0x00000000080096d4                HAL_I2C_MasterTxCpltCallback
 .text.HAL_I2C_MasterRxCpltCallback
                0x00000000080096e6       0x12 ./Drivers/STM32F1xx_HAL_Driver/Src/stm32f1xx_hal_i2c.o
                0x00000000080096e6                HAL_I2C_MasterRxCpltCallback
 .text.HAL_I2C_SlaveTxCpltCallback
                0x00000000080096f8       0x12 ./Drivers/STM32F1xx_HAL_Driver/Src/stm32f1xx_hal_i2c.o
                0x00000000080096f8                HAL_I2C_SlaveTxCpltCallback
 .text.HAL_I2C_SlaveRxCpltCallback
                0x000000000800970a       0x12 ./Drivers/STM32F1xx_HAL_Driver/Src/stm32f1xx_hal_i2c.o
                0x000000000800970a                HAL_I2C_SlaveRxCpltCallback
 .text.HAL_I2C_AddrCallback
                0x000000000800971c       0x1a ./Drivers/STM32F1xx_HAL_Driver/Src/stm32f1xx_hal_i2c.o
                0x000000000800971c                HAL_I2C_AddrCallback
 .text.HAL_I2C_ListenCpltCallback
                0x0000000008009736       0x12 ./Drivers/STM32F1xx_HAL_Driver/Src/stm32f1xx_hal_i2c.o
                0x0000000008009736                HAL_I2C_ListenCpltCallback
 .text.HAL_I2C_MemTxCpltCallback
                0x0000000008009748       0x12 ./Drivers/STM32F1xx_HAL_Driver/Src/stm32f1xx_hal_i2c.o
                0x0000000008009748                HAL_I2C_MemTxCpltCallback
 .text.HAL_I2C_MemRxCpltCallback
                0x000000000800975a       0x12 ./Drivers/STM32F1xx_HAL_Driver/Src/stm32f1xx_hal_i2c.o
                0x000000000800975a                HAL_I2C_MemRxCpltCallback
 .text.HAL_I2C_ErrorCallback
                0x000000000800976c       0x12 ./Drivers/STM32F1xx_HAL_Driver/Src/stm32f1xx_hal_i2c.o
                0x000000000800976c                HAL_I2C_ErrorCallback
 .text.HAL_I2C_AbortCpltCallback
                0x000000000800977e       0x12 ./Drivers/STM32F1xx_HAL_Driver/Src/stm32f1xx_hal_i2c.o
                0x000000000800977e                HAL_I2C_AbortCpltCallback
 .text.HAL_RCC_OscConfig
                0x0000000008009790      0x504 ./Drivers/STM32F1xx_HAL_Driver/Src/stm32f1xx_hal_rcc.o
                0x0000000008009790                HAL_RCC_OscConfig
 .text.HAL_RCC_ClockConfig
                0x0000000008009c94      0x1d4 ./Drivers/STM32F1xx_HAL_Driver/Src/stm32f1xx_hal_rcc.o
                0x0000000008009c94                HAL_RCC_ClockConfig
 .text.HAL_RCC_GetSysClockFreq
                0x0000000008009e68       0xbc ./Drivers/STM32F1xx_HAL_Driver/Src/stm32f1xx_hal_rcc.o
                0x0000000008009e68                HAL_RCC_GetSysClockFreq
 .text.HAL_RCC_GetHCLKFreq
                0x0000000008009f24       0x14 ./Drivers/STM32F1xx_HAL_Driver/Src/stm32f1xx_hal_rcc.o
                0x0000000008009f24                HAL_RCC_GetHCLKFreq
 .text.HAL_RCC_GetPCLK1Freq
                0x0000000008009f38       0x28 ./Drivers/STM32F1xx_HAL_Driver/Src/stm32f1xx_hal_rcc.o
                0x0000000008009f38                HAL_RCC_GetPCLK1Freq
 .text.HAL_RCC_GetPCLK2Freq
                0x0000000008009f60       0x28 ./Drivers/STM32F1xx_HAL_Driver/Src/stm32f1xx_hal_rcc.o
                0x0000000008009f60                HAL_RCC_GetPCLK2Freq
 .text.RCC_Delay
                0x0000000008009f88       0x3c ./Drivers/STM32F1xx_HAL_Driver/Src/stm32f1xx_hal_rcc.o
 .text.HAL_TIM_Base_Init
                0x0000000008009fc4       0xb8 ./Drivers/STM32F1xx_HAL_Driver/Src/stm32f1xx_hal_tim.o
                0x0000000008009fc4                HAL_TIM_Base_Init
 .text.HAL_TIM_Base_Start_IT
                0x000000000800a07c       0xa4 ./Drivers/STM32F1xx_HAL_Driver/Src/stm32f1xx_hal_tim.o
                0x000000000800a07c                HAL_TIM_Base_Start_IT
 .text.HAL_TIM_Base_Stop_IT
                0x000000000800a120       0x5c ./Drivers/STM32F1xx_HAL_Driver/Src/stm32f1xx_hal_tim.o
                0x000000000800a120                HAL_TIM_Base_Stop_IT
 .text.HAL_TIM_IRQHandler
                0x000000000800a17c      0x250 ./Drivers/STM32F1xx_HAL_Driver/Src/stm32f1xx_hal_tim.o
                0x000000000800a17c                HAL_TIM_IRQHandler
 .text.HAL_TIM_ConfigClockSource
                0x000000000800a3cc      0x188 ./Drivers/STM32F1xx_HAL_Driver/Src/stm32f1xx_hal_tim.o
                0x000000000800a3cc                HAL_TIM_ConfigClockSource
 .text.HAL_TIM_PeriodElapsedHalfCpltCallback
                0x000000000800a554       0x12 ./Drivers/STM32F1xx_HAL_Driver/Src/stm32f1xx_hal_tim.o
                0x000000000800a554                HAL_TIM_PeriodElapsedHalfCpltCallback
 .text.HAL_TIM_OC_DelayElapsedCallback
                0x000000000800a566       0x12 ./Drivers/STM32F1xx_HAL_Driver/Src/stm32f1xx_hal_tim.o
                0x000000000800a566                HAL_TIM_OC_DelayElapsedCallback
 .text.HAL_TIM_IC_CaptureCallback
                0x000000000800a578       0x12 ./Drivers/STM32F1xx_HAL_Driver/Src/stm32f1xx_hal_tim.o
                0x000000000800a578                HAL_TIM_IC_CaptureCallback
 .text.HAL_TIM_IC_CaptureHalfCpltCallback
                0x000000000800a58a       0x12 ./Drivers/STM32F1xx_HAL_Driver/Src/stm32f1xx_hal_tim.o
                0x000000000800a58a                HAL_TIM_IC_CaptureHalfCpltCallback
 .text.HAL_TIM_PWM_PulseFinishedCallback
                0x000000000800a59c       0x12 ./Drivers/STM32F1xx_HAL_Driver/Src/stm32f1xx_hal_tim.o
                0x000000000800a59c                HAL_TIM_PWM_PulseFinishedCallback
 .text.HAL_TIM_PWM_PulseFinishedHalfCpltCallback
                0x000000000800a5ae       0x12 ./Drivers/STM32F1xx_HAL_Driver/Src/stm32f1xx_hal_tim.o
                0x000000000800a5ae                HAL_TIM_PWM_PulseFinishedHalfCpltCallback
 .text.HAL_TIM_TriggerCallback
                0x000000000800a5c0       0x12 ./Drivers/STM32F1xx_HAL_Driver/Src/stm32f1xx_hal_tim.o
                0x000000000800a5c0                HAL_TIM_TriggerCallback
 .text.HAL_TIM_TriggerHalfCpltCallback
                0x000000000800a5d2       0x12 ./Drivers/STM32F1xx_HAL_Driver/Src/stm32f1xx_hal_tim.o
                0x000000000800a5d2                HAL_TIM_TriggerHalfCpltCallback
 .text.HAL_TIM_ErrorCallback
                0x000000000800a5e4       0x12 ./Drivers/STM32F1xx_HAL_Driver/Src/stm32f1xx_hal_tim.o
                0x000000000800a5e4                HAL_TIM_ErrorCallback
 *fill*         0x000000000800a5f6        0x2 
 .text.TIM_Base_SetConfig
                0x000000000800a5f8       0xc4 ./Drivers/STM32F1xx_HAL_Driver/Src/stm32f1xx_hal_tim.o
                0x000000000800a5f8                TIM_Base_SetConfig
 .text.TIM_TI1_ConfigInputStage
                0x000000000800a6bc       0x5c ./Drivers/STM32F1xx_HAL_Driver/Src/stm32f1xx_hal_tim.o
 .text.TIM_TI2_ConfigInputStage
                0x000000000800a718       0x5e ./Drivers/STM32F1xx_HAL_Driver/Src/stm32f1xx_hal_tim.o
 .text.TIM_ITRx_SetConfig
                0x000000000800a776       0x34 ./Drivers/STM32F1xx_HAL_Driver/Src/stm32f1xx_hal_tim.o
 .text.TIM_ETR_SetConfig
                0x000000000800a7aa       0x3e ./Drivers/STM32F1xx_HAL_Driver/Src/stm32f1xx_hal_tim.o
                0x000000000800a7aa                TIM_ETR_SetConfig
 .text.TIM_ResetCallback
                0x000000000800a7e8       0xb0 ./Drivers/STM32F1xx_HAL_Driver/Src/stm32f1xx_hal_tim.o
                0x000000000800a7e8                TIM_ResetCallback
 .text.HAL_TIMEx_MasterConfigSynchronization
                0x000000000800a898       0xbc ./Drivers/STM32F1xx_HAL_Driver/Src/stm32f1xx_hal_tim_ex.o
                0x000000000800a898                HAL_TIMEx_MasterConfigSynchronization
 .text.HAL_TIMEx_CommutCallback
                0x000000000800a954       0x12 ./Drivers/STM32F1xx_HAL_Driver/Src/stm32f1xx_hal_tim_ex.o
                0x000000000800a954                HAL_TIMEx_CommutCallback
 .text.HAL_TIMEx_CommutHalfCpltCallback
                0x000000000800a966       0x12 ./Drivers/STM32F1xx_HAL_Driver/Src/stm32f1xx_hal_tim_ex.o
                0x000000000800a966                HAL_TIMEx_CommutHalfCpltCallback
 .text.HAL_TIMEx_BreakCallback
                0x000000000800a978       0x12 ./Drivers/STM32F1xx_HAL_Driver/Src/stm32f1xx_hal_tim_ex.o
                0x000000000800a978                HAL_TIMEx_BreakCallback
 *fill*         0x000000000800a98a        0x2 
 .text.HAL_UART_Init
                0x000000000800a98c       0xb4 ./Drivers/STM32F1xx_HAL_Driver/Src/stm32f1xx_hal_uart.o
                0x000000000800a98c                HAL_UART_Init
 .text.HAL_UART_Transmit_DMA
                0x000000000800aa40       0xd8 ./Drivers/STM32F1xx_HAL_Driver/Src/stm32f1xx_hal_uart.o
                0x000000000800aa40                HAL_UART_Transmit_DMA
 .text.HAL_UART_IRQHandler
                0x000000000800ab18      0x360 ./Drivers/STM32F1xx_HAL_Driver/Src/stm32f1xx_hal_uart.o
                0x000000000800ab18                HAL_UART_IRQHandler
 .text.HAL_UART_TxCpltCallback
                0x000000000800ae78       0x12 ./Drivers/STM32F1xx_HAL_Driver/Src/stm32f1xx_hal_uart.o
                0x000000000800ae78                HAL_UART_TxCpltCallback
 .text.HAL_UART_TxHalfCpltCallback
                0x000000000800ae8a       0x12 ./Drivers/STM32F1xx_HAL_Driver/Src/stm32f1xx_hal_uart.o
                0x000000000800ae8a                HAL_UART_TxHalfCpltCallback
 .text.HAL_UART_RxCpltCallback
                0x000000000800ae9c       0x12 ./Drivers/STM32F1xx_HAL_Driver/Src/stm32f1xx_hal_uart.o
                0x000000000800ae9c                HAL_UART_RxCpltCallback
 .text.HAL_UART_RxHalfCpltCallback
                0x000000000800aeae       0x12 ./Drivers/STM32F1xx_HAL_Driver/Src/stm32f1xx_hal_uart.o
                0x000000000800aeae                HAL_UART_RxHalfCpltCallback
 .text.HAL_UART_ErrorCallback
                0x000000000800aec0       0x12 ./Drivers/STM32F1xx_HAL_Driver/Src/stm32f1xx_hal_uart.o
                0x000000000800aec0                HAL_UART_ErrorCallback
 .text.HAL_UART_AbortCpltCallback
                0x000000000800aed2       0x12 ./Drivers/STM32F1xx_HAL_Driver/Src/stm32f1xx_hal_uart.o
                0x000000000800aed2                HAL_UART_AbortCpltCallback
 .text.HAL_UART_AbortTransmitCpltCallback
                0x000000000800aee4       0x12 ./Drivers/STM32F1xx_HAL_Driver/Src/stm32f1xx_hal_uart.o
                0x000000000800aee4                HAL_UART_AbortTransmitCpltCallback
 .text.HAL_UART_AbortReceiveCpltCallback
                0x000000000800aef6       0x12 ./Drivers/STM32F1xx_HAL_Driver/Src/stm32f1xx_hal_uart.o
                0x000000000800aef6                HAL_UART_AbortReceiveCpltCallback
 .text.HAL_UARTEx_RxEventCallback
                0x000000000800af08       0x16 ./Drivers/STM32F1xx_HAL_Driver/Src/stm32f1xx_hal_uart.o
                0x000000000800af08                HAL_UARTEx_RxEventCallback
 *fill*         0x000000000800af1e        0x2 
 .text.UART_InitCallbacksToDefault
                0x000000000800af20       0x6c ./Drivers/STM32F1xx_HAL_Driver/Src/stm32f1xx_hal_uart.o
                0x000000000800af20                UART_InitCallbacksToDefault
 .text.UART_DMATransmitCplt
                0x000000000800af8c       0x54 ./Drivers/STM32F1xx_HAL_Driver/Src/stm32f1xx_hal_uart.o
 .text.UART_DMATxHalfCplt
                0x000000000800afe0       0x1e ./Drivers/STM32F1xx_HAL_Driver/Src/stm32f1xx_hal_uart.o
 .text.UART_DMAError
                0x000000000800affe       0x96 ./Drivers/STM32F1xx_HAL_Driver/Src/stm32f1xx_hal_uart.o
 .text.UART_EndTxTransfer
                0x000000000800b094       0x2a ./Drivers/STM32F1xx_HAL_Driver/Src/stm32f1xx_hal_uart.o
 .text.UART_EndRxTransfer
                0x000000000800b0be       0x58 ./Drivers/STM32F1xx_HAL_Driver/Src/stm32f1xx_hal_uart.o
 .text.UART_DMAAbortOnError
                0x000000000800b116       0x2a ./Drivers/STM32F1xx_HAL_Driver/Src/stm32f1xx_hal_uart.o
 .text.UART_Transmit_IT
                0x000000000800b140       0x9e ./Drivers/STM32F1xx_HAL_Driver/Src/stm32f1xx_hal_uart.o
 .text.UART_EndTransmit_IT
                0x000000000800b1de       0x32 ./Drivers/STM32F1xx_HAL_Driver/Src/stm32f1xx_hal_uart.o
 .text.UART_Receive_IT
                0x000000000800b210      0x156 ./Drivers/STM32F1xx_HAL_Driver/Src/stm32f1xx_hal_uart.o
 *fill*         0x000000000800b366        0x2 
 .text.UART_SetConfig
                0x000000000800b368      0x11c ./Drivers/STM32F1xx_HAL_Driver/Src/stm32f1xx_hal_uart.o
 .text.calloc   0x000000000800b484       0x10 C:/ST/STM32CubeIDE_1.13.0/STM32CubeIDE/plugins/com.st.stm32cube.ide.mcu.externaltools.gnu-tools-for-stm32.11.3.rel1.win32_1.1.0.202305231506/tools/bin/../lib/gcc/arm-none-eabi/11.3.1/../../../../arm-none-eabi/lib/thumb/v7-m/nofp\libc_nano.a(libc_a-calloc.o)
                0x000000000800b484                calloc
 .text._calloc_r
                0x000000000800b494       0x28 C:/ST/STM32CubeIDE_1.13.0/STM32CubeIDE/plugins/com.st.stm32cube.ide.mcu.externaltools.gnu-tools-for-stm32.11.3.rel1.win32_1.1.0.202305231506/tools/bin/../lib/gcc/arm-none-eabi/11.3.1/../../../../arm-none-eabi/lib/thumb/v7-m/nofp\libc_nano.a(libc_a-callocr.o)
                0x000000000800b494                _calloc_r
 .text.free     0x000000000800b4bc       0x10 C:/ST/STM32CubeIDE_1.13.0/STM32CubeIDE/plugins/com.st.stm32cube.ide.mcu.externaltools.gnu-tools-for-stm32.11.3.rel1.win32_1.1.0.202305231506/tools/bin/../lib/gcc/arm-none-eabi/11.3.1/../../../../arm-none-eabi/lib/thumb/v7-m/nofp\libc_nano.a(libc_a-malloc.o)
                0x000000000800b4bc                free
 .text.sbrk_aligned
                0x000000000800b4cc       0x40 C:/ST/STM32CubeIDE_1.13.0/STM32CubeIDE/plugins/com.st.stm32cube.ide.mcu.externaltools.gnu-tools-for-stm32.11.3.rel1.win32_1.1.0.202305231506/tools/bin/../lib/gcc/arm-none-eabi/11.3.1/../../../../arm-none-eabi/lib/thumb/v7-m/nofp\libc_nano.a(libc_a-mallocr.o)
 .text._malloc_r
                0x000000000800b50c      0x100 C:/ST/STM32CubeIDE_1.13.0/STM32CubeIDE/plugins/com.st.stm32cube.ide.mcu.externaltools.gnu-tools-for-stm32.11.3.rel1.win32_1.1.0.202305231506/tools/bin/../lib/gcc/arm-none-eabi/11.3.1/../../../../arm-none-eabi/lib/thumb/v7-m/nofp\libc_nano.a(libc_a-mallocr.o)
                0x000000000800b50c                _malloc_r
 .text.__malloc_lock
                0x000000000800b60c        0xc C:/ST/STM32CubeIDE_1.13.0/STM32CubeIDE/plugins/com.st.stm32cube.ide.mcu.externaltools.gnu-tools-for-stm32.11.3.rel1.win32_1.1.0.202305231506/tools/bin/../lib/gcc/arm-none-eabi/11.3.1/../../../../arm-none-eabi/lib/thumb/v7-m/nofp\libc_nano.a(libc_a-mlock.o)
                0x000000000800b60c                __malloc_lock
 .text.__malloc_unlock
                0x000000000800b618        0xc C:/ST/STM32CubeIDE_1.13.0/STM32CubeIDE/plugins/com.st.stm32cube.ide.mcu.externaltools.gnu-tools-for-stm32.11.3.rel1.win32_1.1.0.202305231506/tools/bin/../lib/gcc/arm-none-eabi/11.3.1/../../../../arm-none-eabi/lib/thumb/v7-m/nofp\libc_nano.a(libc_a-mlock.o)
                0x000000000800b618                __malloc_unlock
 .text.__sflush_r
                0x000000000800b624      0x104 C:/ST/STM32CubeIDE_1.13.0/STM32CubeIDE/plugins/com.st.stm32cube.ide.mcu.externaltools.gnu-tools-for-stm32.11.3.rel1.win32_1.1.0.202305231506/tools/bin/../lib/gcc/arm-none-eabi/11.3.1/../../../../arm-none-eabi/lib/thumb/v7-m/nofp\libc_nano.a(libc_a-fflush.o)
                0x000000000800b624                __sflush_r
 .text._fflush_r
                0x000000000800b728       0x50 C:/ST/STM32CubeIDE_1.13.0/STM32CubeIDE/plugins/com.st.stm32cube.ide.mcu.externaltools.gnu-tools-for-stm32.11.3.rel1.win32_1.1.0.202305231506/tools/bin/../lib/gcc/arm-none-eabi/11.3.1/../../../../arm-none-eabi/lib/thumb/v7-m/nofp\libc_nano.a(libc_a-fflush.o)
                0x000000000800b728                _fflush_r
 .text.fflush   0x000000000800b778       0x28 C:/ST/STM32CubeIDE_1.13.0/STM32CubeIDE/plugins/com.st.stm32cube.ide.mcu.externaltools.gnu-tools-for-stm32.11.3.rel1.win32_1.1.0.202305231506/tools/bin/../lib/gcc/arm-none-eabi/11.3.1/../../../../arm-none-eabi/lib/thumb/v7-m/nofp\libc_nano.a(libc_a-fflush.o)
                0x000000000800b778                fflush
 .text.std      0x000000000800b7a0       0x48 C:/ST/STM32CubeIDE_1.13.0/STM32CubeIDE/plugins/com.st.stm32cube.ide.mcu.externaltools.gnu-tools-for-stm32.11.3.rel1.win32_1.1.0.202305231506/tools/bin/../lib/gcc/arm-none-eabi/11.3.1/../../../../arm-none-eabi/lib/thumb/v7-m/nofp\libc_nano.a(libc_a-findfp.o)
 .text.stdio_exit_handler
                0x000000000800b7e8       0x18 C:/ST/STM32CubeIDE_1.13.0/STM32CubeIDE/plugins/com.st.stm32cube.ide.mcu.externaltools.gnu-tools-for-stm32.11.3.rel1.win32_1.1.0.202305231506/tools/bin/../lib/gcc/arm-none-eabi/11.3.1/../../../../arm-none-eabi/lib/thumb/v7-m/nofp\libc_nano.a(libc_a-findfp.o)
 .text.cleanup_stdio
                0x000000000800b800       0x40 C:/ST/STM32CubeIDE_1.13.0/STM32CubeIDE/plugins/com.st.stm32cube.ide.mcu.externaltools.gnu-tools-for-stm32.11.3.rel1.win32_1.1.0.202305231506/tools/bin/../lib/gcc/arm-none-eabi/11.3.1/../../../../arm-none-eabi/lib/thumb/v7-m/nofp\libc_nano.a(libc_a-findfp.o)
 .text.global_stdio_init.part.0
                0x000000000800b840       0x3c C:/ST/STM32CubeIDE_1.13.0/STM32CubeIDE/plugins/com.st.stm32cube.ide.mcu.externaltools.gnu-tools-for-stm32.11.3.rel1.win32_1.1.0.202305231506/tools/bin/../lib/gcc/arm-none-eabi/11.3.1/../../../../arm-none-eabi/lib/thumb/v7-m/nofp\libc_nano.a(libc_a-findfp.o)
 .text.__sfp_lock_acquire
                0x000000000800b87c        0xc C:/ST/STM32CubeIDE_1.13.0/STM32CubeIDE/plugins/com.st.stm32cube.ide.mcu.externaltools.gnu-tools-for-stm32.11.3.rel1.win32_1.1.0.202305231506/tools/bin/../lib/gcc/arm-none-eabi/11.3.1/../../../../arm-none-eabi/lib/thumb/v7-m/nofp\libc_nano.a(libc_a-findfp.o)
                0x000000000800b87c                __sfp_lock_acquire
 .text.__sfp_lock_release
                0x000000000800b888        0xc C:/ST/STM32CubeIDE_1.13.0/STM32CubeIDE/plugins/com.st.stm32cube.ide.mcu.externaltools.gnu-tools-for-stm32.11.3.rel1.win32_1.1.0.202305231506/tools/bin/../lib/gcc/arm-none-eabi/11.3.1/../../../../arm-none-eabi/lib/thumb/v7-m/nofp\libc_nano.a(libc_a-findfp.o)
                0x000000000800b888                __sfp_lock_release
 .text.__sinit  0x000000000800b894       0x30 C:/ST/STM32CubeIDE_1.13.0/STM32CubeIDE/plugins/com.st.stm32cube.ide.mcu.externaltools.gnu-tools-for-stm32.11.3.rel1.win32_1.1.0.202305231506/tools/bin/../lib/gcc/arm-none-eabi/11.3.1/../../../../arm-none-eabi/lib/thumb/v7-m/nofp\libc_nano.a(libc_a-findfp.o)
                0x000000000800b894                __sinit
 .text._fwalk_sglue
                0x000000000800b8c4       0x3c C:/ST/STM32CubeIDE_1.13.0/STM32CubeIDE/plugins/com.st.stm32cube.ide.mcu.externaltools.gnu-tools-for-stm32.11.3.rel1.win32_1.1.0.202305231506/tools/bin/../lib/gcc/arm-none-eabi/11.3.1/../../../../arm-none-eabi/lib/thumb/v7-m/nofp\libc_nano.a(libc_a-fwalk.o)
                0x000000000800b8c4                _fwalk_sglue
 .text.printf   0x000000000800b900       0x24 C:/ST/STM32CubeIDE_1.13.0/STM32CubeIDE/plugins/com.st.stm32cube.ide.mcu.externaltools.gnu-tools-for-stm32.11.3.rel1.win32_1.1.0.202305231506/tools/bin/../lib/gcc/arm-none-eabi/11.3.1/../../../../arm-none-eabi/lib/thumb/v7-m/nofp\libc_nano.a(libc_a-printf.o)
                0x000000000800b900                iprintf
                0x000000000800b900                printf
 .text._puts_r  0x000000000800b924       0xa8 C:/ST/STM32CubeIDE_1.13.0/STM32CubeIDE/plugins/com.st.stm32cube.ide.mcu.externaltools.gnu-tools-for-stm32.11.3.rel1.win32_1.1.0.202305231506/tools/bin/../lib/gcc/arm-none-eabi/11.3.1/../../../../arm-none-eabi/lib/thumb/v7-m/nofp\libc_nano.a(libc_a-puts.o)
                0x000000000800b924                _puts_r
 .text.puts     0x000000000800b9cc       0x10 C:/ST/STM32CubeIDE_1.13.0/STM32CubeIDE/plugins/com.st.stm32cube.ide.mcu.externaltools.gnu-tools-for-stm32.11.3.rel1.win32_1.1.0.202305231506/tools/bin/../lib/gcc/arm-none-eabi/11.3.1/../../../../arm-none-eabi/lib/thumb/v7-m/nofp\libc_nano.a(libc_a-puts.o)
                0x000000000800b9cc                puts
 .text.__sread  0x000000000800b9dc       0x22 C:/ST/STM32CubeIDE_1.13.0/STM32CubeIDE/plugins/com.st.stm32cube.ide.mcu.externaltools.gnu-tools-for-stm32.11.3.rel1.win32_1.1.0.202305231506/tools/bin/../lib/gcc/arm-none-eabi/11.3.1/../../../../arm-none-eabi/lib/thumb/v7-m/nofp\libc_nano.a(libc_a-stdio.o)
                0x000000000800b9dc                __sread
 .text.__swrite
                0x000000000800b9fe       0x38 C:/ST/STM32CubeIDE_1.13.0/STM32CubeIDE/plugins/com.st.stm32cube.ide.mcu.externaltools.gnu-tools-for-stm32.11.3.rel1.win32_1.1.0.202305231506/tools/bin/../lib/gcc/arm-none-eabi/11.3.1/../../../../arm-none-eabi/lib/thumb/v7-m/nofp\libc_nano.a(libc_a-stdio.o)
                0x000000000800b9fe                __swrite
 .text.__sseek  0x000000000800ba36       0x24 C:/ST/STM32CubeIDE_1.13.0/STM32CubeIDE/plugins/com.st.stm32cube.ide.mcu.externaltools.gnu-tools-for-stm32.11.3.rel1.win32_1.1.0.202305231506/tools/bin/../lib/gcc/arm-none-eabi/11.3.1/../../../../arm-none-eabi/lib/thumb/v7-m/nofp\libc_nano.a(libc_a-stdio.o)
                0x000000000800ba36                __sseek
 .text.__sclose
                0x000000000800ba5a        0x8 C:/ST/STM32CubeIDE_1.13.0/STM32CubeIDE/plugins/com.st.stm32cube.ide.mcu.externaltools.gnu-tools-for-stm32.11.3.rel1.win32_1.1.0.202305231506/tools/bin/../lib/gcc/arm-none-eabi/11.3.1/../../../../arm-none-eabi/lib/thumb/v7-m/nofp\libc_nano.a(libc_a-stdio.o)
                0x000000000800ba5a                __sclose
 .text.__swbuf_r
                0x000000000800ba62       0x7a C:/ST/STM32CubeIDE_1.13.0/STM32CubeIDE/plugins/com.st.stm32cube.ide.mcu.externaltools.gnu-tools-for-stm32.11.3.rel1.win32_1.1.0.202305231506/tools/bin/../lib/gcc/arm-none-eabi/11.3.1/../../../../arm-none-eabi/lib/thumb/v7-m/nofp\libc_nano.a(libc_a-wbuf.o)
                0x000000000800ba62                __swbuf_r
 .text.__swsetup_r
                0x000000000800badc       0xb0 C:/ST/STM32CubeIDE_1.13.0/STM32CubeIDE/plugins/com.st.stm32cube.ide.mcu.externaltools.gnu-tools-for-stm32.11.3.rel1.win32_1.1.0.202305231506/tools/bin/../lib/gcc/arm-none-eabi/11.3.1/../../../../arm-none-eabi/lib/thumb/v7-m/nofp\libc_nano.a(libc_a-wsetup.o)
                0x000000000800badc                __swsetup_r
 .text.memmove  0x000000000800bb8c       0x34 C:/ST/STM32CubeIDE_1.13.0/STM32CubeIDE/plugins/com.st.stm32cube.ide.mcu.externaltools.gnu-tools-for-stm32.11.3.rel1.win32_1.1.0.202305231506/tools/bin/../lib/gcc/arm-none-eabi/11.3.1/../../../../arm-none-eabi/lib/thumb/v7-m/nofp\libc_nano.a(libc_a-memmove.o)
                0x000000000800bb8c                memmove
 .text.memset   0x000000000800bbc0       0x10 C:/ST/STM32CubeIDE_1.13.0/STM32CubeIDE/plugins/com.st.stm32cube.ide.mcu.externaltools.gnu-tools-for-stm32.11.3.rel1.win32_1.1.0.202305231506/tools/bin/../lib/gcc/arm-none-eabi/11.3.1/../../../../arm-none-eabi/lib/thumb/v7-m/nofp\libc_nano.a(libc_a-memset.o)
                0x000000000800bbc0                memset
 .text._close_r
                0x000000000800bbd0       0x20 C:/ST/STM32CubeIDE_1.13.0/STM32CubeIDE/plugins/com.st.stm32cube.ide.mcu.externaltools.gnu-tools-for-stm32.11.3.rel1.win32_1.1.0.202305231506/tools/bin/../lib/gcc/arm-none-eabi/11.3.1/../../../../arm-none-eabi/lib/thumb/v7-m/nofp\libc_nano.a(libc_a-closer.o)
                0x000000000800bbd0                _close_r
 .text._lseek_r
                0x000000000800bbf0       0x24 C:/ST/STM32CubeIDE_1.13.0/STM32CubeIDE/plugins/com.st.stm32cube.ide.mcu.externaltools.gnu-tools-for-stm32.11.3.rel1.win32_1.1.0.202305231506/tools/bin/../lib/gcc/arm-none-eabi/11.3.1/../../../../arm-none-eabi/lib/thumb/v7-m/nofp\libc_nano.a(libc_a-lseekr.o)
                0x000000000800bbf0                _lseek_r
 .text._read_r  0x000000000800bc14       0x24 C:/ST/STM32CubeIDE_1.13.0/STM32CubeIDE/plugins/com.st.stm32cube.ide.mcu.externaltools.gnu-tools-for-stm32.11.3.rel1.win32_1.1.0.202305231506/tools/bin/../lib/gcc/arm-none-eabi/11.3.1/../../../../arm-none-eabi/lib/thumb/v7-m/nofp\libc_nano.a(libc_a-readr.o)
                0x000000000800bc14                _read_r
 .text._sbrk_r  0x000000000800bc38       0x20 C:/ST/STM32CubeIDE_1.13.0/STM32CubeIDE/plugins/com.st.stm32cube.ide.mcu.externaltools.gnu-tools-for-stm32.11.3.rel1.win32_1.1.0.202305231506/tools/bin/../lib/gcc/arm-none-eabi/11.3.1/../../../../arm-none-eabi/lib/thumb/v7-m/nofp\libc_nano.a(libc_a-sbrkr.o)
                0x000000000800bc38                _sbrk_r
 .text._write_r
                0x000000000800bc58       0x24 C:/ST/STM32CubeIDE_1.13.0/STM32CubeIDE/plugins/com.st.stm32cube.ide.mcu.externaltools.gnu-tools-for-stm32.11.3.rel1.win32_1.1.0.202305231506/tools/bin/../lib/gcc/arm-none-eabi/11.3.1/../../../../arm-none-eabi/lib/thumb/v7-m/nofp\libc_nano.a(libc_a-writer.o)
                0x000000000800bc58                _write_r
 .text.__errno  0x000000000800bc7c        0xc C:/ST/STM32CubeIDE_1.13.0/STM32CubeIDE/plugins/com.st.stm32cube.ide.mcu.externaltools.gnu-tools-for-stm32.11.3.rel1.win32_1.1.0.202305231506/tools/bin/../lib/gcc/arm-none-eabi/11.3.1/../../../../arm-none-eabi/lib/thumb/v7-m/nofp\libc_nano.a(libc_a-errno.o)
                0x000000000800bc7c                __errno
 .text.__libc_init_array
                0x000000000800bc88       0x48 C:/ST/STM32CubeIDE_1.13.0/STM32CubeIDE/plugins/com.st.stm32cube.ide.mcu.externaltools.gnu-tools-for-stm32.11.3.rel1.win32_1.1.0.202305231506/tools/bin/../lib/gcc/arm-none-eabi/11.3.1/../../../../arm-none-eabi/lib/thumb/v7-m/nofp\libc_nano.a(libc_a-init.o)
                0x000000000800bc88                __libc_init_array
 .text.__retarget_lock_acquire_recursive
                0x000000000800bcd0        0x2 C:/ST/STM32CubeIDE_1.13.0/STM32CubeIDE/plugins/com.st.stm32cube.ide.mcu.externaltools.gnu-tools-for-stm32.11.3.rel1.win32_1.1.0.202305231506/tools/bin/../lib/gcc/arm-none-eabi/11.3.1/../../../../arm-none-eabi/lib/thumb/v7-m/nofp\libc_nano.a(libc_a-lock.o)
                0x000000000800bcd0                __retarget_lock_acquire_recursive
 .text.__retarget_lock_release_recursive
                0x000000000800bcd2        0x2 C:/ST/STM32CubeIDE_1.13.0/STM32CubeIDE/plugins/com.st.stm32cube.ide.mcu.externaltools.gnu-tools-for-stm32.11.3.rel1.win32_1.1.0.202305231506/tools/bin/../lib/gcc/arm-none-eabi/11.3.1/../../../../arm-none-eabi/lib/thumb/v7-m/nofp\libc_nano.a(libc_a-lock.o)
                0x000000000800bcd2                __retarget_lock_release_recursive
 .text.memcpy   0x000000000800bcd4       0x1c C:/ST/STM32CubeIDE_1.13.0/STM32CubeIDE/plugins/com.st.stm32cube.ide.mcu.externaltools.gnu-tools-for-stm32.11.3.rel1.win32_1.1.0.202305231506/tools/bin/../lib/gcc/arm-none-eabi/11.3.1/../../../../arm-none-eabi/lib/thumb/v7-m/nofp\libc_nano.a(libc_a-memcpy-stub.o)
                0x000000000800bcd4                memcpy
 .text._free_r  0x000000000800bcf0       0x90 C:/ST/STM32CubeIDE_1.13.0/STM32CubeIDE/plugins/com.st.stm32cube.ide.mcu.externaltools.gnu-tools-for-stm32.11.3.rel1.win32_1.1.0.202305231506/tools/bin/../lib/gcc/arm-none-eabi/11.3.1/../../../../arm-none-eabi/lib/thumb/v7-m/nofp\libc_nano.a(libc_a-freer.o)
                0x000000000800bcf0                _free_r
 .text.__sfputc_r
                0x000000000800bd80       0x2a C:/ST/STM32CubeIDE_1.13.0/STM32CubeIDE/plugins/com.st.stm32cube.ide.mcu.externaltools.gnu-tools-for-stm32.11.3.rel1.win32_1.1.0.202305231506/tools/bin/../lib/gcc/arm-none-eabi/11.3.1/../../../../arm-none-eabi/lib/thumb/v7-m/nofp\libc_nano.a(libc_a-nano-vfprintf.o)
 .text.__sfputs_r
                0x000000000800bdaa       0x24 C:/ST/STM32CubeIDE_1.13.0/STM32CubeIDE/plugins/com.st.stm32cube.ide.mcu.externaltools.gnu-tools-for-stm32.11.3.rel1.win32_1.1.0.202305231506/tools/bin/../lib/gcc/arm-none-eabi/11.3.1/../../../../arm-none-eabi/lib/thumb/v7-m/nofp\libc_nano.a(libc_a-nano-vfprintf.o)
                0x000000000800bdaa                __sfputs_r
 *fill*         0x000000000800bdce        0x2 
 .text._vfprintf_r
                0x000000000800bdd0      0x234 C:/ST/STM32CubeIDE_1.13.0/STM32CubeIDE/plugins/com.st.stm32cube.ide.mcu.externaltools.gnu-tools-for-stm32.11.3.rel1.win32_1.1.0.202305231506/tools/bin/../lib/gcc/arm-none-eabi/11.3.1/../../../../arm-none-eabi/lib/thumb/v7-m/nofp\libc_nano.a(libc_a-nano-vfprintf.o)
                0x000000000800bdd0                _vfprintf_r
                0x000000000800bdd0                _vfiprintf_r
 .text._printf_common
                0x000000000800c004       0xe4 C:/ST/STM32CubeIDE_1.13.0/STM32CubeIDE/plugins/com.st.stm32cube.ide.mcu.externaltools.gnu-tools-for-stm32.11.3.rel1.win32_1.1.0.202305231506/tools/bin/../lib/gcc/arm-none-eabi/11.3.1/../../../../arm-none-eabi/lib/thumb/v7-m/nofp\libc_nano.a(libc_a-nano-vfprintf_i.o)
                0x000000000800c004                _printf_common
 .text._printf_i
                0x000000000800c0e8      0x244 C:/ST/STM32CubeIDE_1.13.0/STM32CubeIDE/plugins/com.st.stm32cube.ide.mcu.externaltools.gnu-tools-for-stm32.11.3.rel1.win32_1.1.0.202305231506/tools/bin/../lib/gcc/arm-none-eabi/11.3.1/../../../../arm-none-eabi/lib/thumb/v7-m/nofp\libc_nano.a(libc_a-nano-vfprintf_i.o)
                0x000000000800c0e8                _printf_i
 .text.__swhatbuf_r
                0x000000000800c32c       0x4a C:/ST/STM32CubeIDE_1.13.0/STM32CubeIDE/plugins/com.st.stm32cube.ide.mcu.externaltools.gnu-tools-for-stm32.11.3.rel1.win32_1.1.0.202305231506/tools/bin/../lib/gcc/arm-none-eabi/11.3.1/../../../../arm-none-eabi/lib/thumb/v7-m/nofp\libc_nano.a(libc_a-makebuf.o)
                0x000000000800c32c                __swhatbuf_r
 .text.__smakebuf_r
                0x000000000800c376       0x78 C:/ST/STM32CubeIDE_1.13.0/STM32CubeIDE/plugins/com.st.stm32cube.ide.mcu.externaltools.gnu-tools-for-stm32.11.3.rel1.win32_1.1.0.202305231506/tools/bin/../lib/gcc/arm-none-eabi/11.3.1/../../../../arm-none-eabi/lib/thumb/v7-m/nofp\libc_nano.a(libc_a-makebuf.o)
                0x000000000800c376                __smakebuf_r
 *fill*         0x000000000800c3ee        0x2 
 .text._fstat_r
                0x000000000800c3f0       0x24 C:/ST/STM32CubeIDE_1.13.0/STM32CubeIDE/plugins/com.st.stm32cube.ide.mcu.externaltools.gnu-tools-for-stm32.11.3.rel1.win32_1.1.0.202305231506/tools/bin/../lib/gcc/arm-none-eabi/11.3.1/../../../../arm-none-eabi/lib/thumb/v7-m/nofp\libc_nano.a(libc_a-fstatr.o)
                0x000000000800c3f0                _fstat_r
 .text._isatty_r
                0x000000000800c414       0x20 C:/ST/STM32CubeIDE_1.13.0/STM32CubeIDE/plugins/com.st.stm32cube.ide.mcu.externaltools.gnu-tools-for-stm32.11.3.rel1.win32_1.1.0.202305231506/tools/bin/../lib/gcc/arm-none-eabi/11.3.1/../../../../arm-none-eabi/lib/thumb/v7-m/nofp\libc_nano.a(libc_a-isattyr.o)
                0x000000000800c414                _isatty_r
 .text.memchr   0x000000000800c434       0x1c C:/ST/STM32CubeIDE_1.13.0/STM32CubeIDE/plugins/com.st.stm32cube.ide.mcu.externaltools.gnu-tools-for-stm32.11.3.rel1.win32_1.1.0.202305231506/tools/bin/../lib/gcc/arm-none-eabi/11.3.1/../../../../arm-none-eabi/lib/thumb/v7-m/nofp\libc_nano.a(libc_a-memchr-stub.o)
                0x000000000800c434                memchr
 *(.glue_7)
 .glue_7        0x000000000800c450        0x0 linker stubs
 *(.glue_7t)
 .glue_7t       0x000000000800c450        0x0 linker stubs
 *(.eh_frame)
 .eh_frame      0x000000000800c450        0x0 C:/ST/STM32CubeIDE_1.13.0/STM32CubeIDE/plugins/com.st.stm32cube.ide.mcu.externaltools.gnu-tools-for-stm32.11.3.rel1.win32_1.1.0.202305231506/tools/bin/../lib/gcc/arm-none-eabi/11.3.1/thumb/v7-m/nofp/crtbegin.o
 *(.init)
 .init          0x000000000800c450        0x4 C:/ST/STM32CubeIDE_1.13.0/STM32CubeIDE/plugins/com.st.stm32cube.ide.mcu.externaltools.gnu-tools-for-stm32.11.3.rel1.win32_1.1.0.202305231506/tools/bin/../lib/gcc/arm-none-eabi/11.3.1/thumb/v7-m/nofp/crti.o
                0x000000000800c450                _init
 .init          0x000000000800c454        0x8 C:/ST/STM32CubeIDE_1.13.0/STM32CubeIDE/plugins/com.st.stm32cube.ide.mcu.externaltools.gnu-tools-for-stm32.11.3.rel1.win32_1.1.0.202305231506/tools/bin/../lib/gcc/arm-none-eabi/11.3.1/thumb/v7-m/nofp/crtn.o
 *(.fini)
 .fini          0x000000000800c45c        0x4 C:/ST/STM32CubeIDE_1.13.0/STM32CubeIDE/plugins/com.st.stm32cube.ide.mcu.externaltools.gnu-tools-for-stm32.11.3.rel1.win32_1.1.0.202305231506/tools/bin/../lib/gcc/arm-none-eabi/11.3.1/thumb/v7-m/nofp/crti.o
                0x000000000800c45c                _fini
 .fini          0x000000000800c460        0x8 C:/ST/STM32CubeIDE_1.13.0/STM32CubeIDE/plugins/com.st.stm32cube.ide.mcu.externaltools.gnu-tools-for-stm32.11.3.rel1.win32_1.1.0.202305231506/tools/bin/../lib/gcc/arm-none-eabi/11.3.1/thumb/v7-m/nofp/crtn.o
                0x000000000800c468                . = ALIGN (0x4)
                0x000000000800c468                _etext = .

.vfp11_veneer   0x000000000800c468        0x0
 .vfp11_veneer  0x000000000800c468        0x0 linker stubs

.v4_bx          0x000000000800c468        0x0
 .v4_bx         0x000000000800c468        0x0 linker stubs

.iplt           0x000000000800c468        0x0
 .iplt          0x000000000800c468        0x0 C:/ST/STM32CubeIDE_1.13.0/STM32CubeIDE/plugins/com.st.stm32cube.ide.mcu.externaltools.gnu-tools-for-stm32.11.3.rel1.win32_1.1.0.202305231506/tools/bin/../lib/gcc/arm-none-eabi/11.3.1/thumb/v7-m/nofp/crtbegin.o

.rodata         0x000000000800c468      0x9d4
                0x000000000800c468                . = ALIGN (0x4)
 *(.rodata)
 .rodata        0x000000000800c468      0x1c5 ./CANopenNode_STM32/CO_app_STM32.o
 *fill*         0x000000000800c62d        0x3 
 .rodata        0x000000000800c630       0x10 ./Drivers/STM32F1xx_HAL_Driver/Src/stm32f1xx_hal_rcc.o
 *(.rodata*)
 .rodata.abortCodes.0
                0x000000000800c640       0x68 ./CANopenNode/301/CO_ODinterface.o
 .rodata.CO_LSS_bitTimingTableLookup
                0x000000000800c6a8       0x14 ./CANopenNode/305/CO_LSSslave.o
 .rodata.ODObjs
                0x000000000800c6bc      0x734 ./CANopenNode_STM32/OD.o
 .rodata.AHBPrescTable
                0x000000000800cdf0       0x10 ./Core/Src/system_stm32f1xx.o
                0x000000000800cdf0                AHBPrescTable
 .rodata.APBPrescTable
                0x000000000800ce00        0x8 ./Core/Src/system_stm32f1xx.o
                0x000000000800ce00                APBPrescTable
 .rodata._vfprintf_r.str1.1
                0x000000000800ce08       0x11 C:/ST/STM32CubeIDE_1.13.0/STM32CubeIDE/plugins/com.st.stm32cube.ide.mcu.externaltools.gnu-tools-for-stm32.11.3.rel1.win32_1.1.0.202305231506/tools/bin/../lib/gcc/arm-none-eabi/11.3.1/../../../../arm-none-eabi/lib/thumb/v7-m/nofp\libc_nano.a(libc_a-nano-vfprintf.o)
 .rodata._printf_i.str1.1
                0x000000000800ce19       0x22 C:/ST/STM32CubeIDE_1.13.0/STM32CubeIDE/plugins/com.st.stm32cube.ide.mcu.externaltools.gnu-tools-for-stm32.11.3.rel1.win32_1.1.0.202305231506/tools/bin/../lib/gcc/arm-none-eabi/11.3.1/../../../../arm-none-eabi/lib/thumb/v7-m/nofp\libc_nano.a(libc_a-nano-vfprintf_i.o)
                0x000000000800ce3c                . = ALIGN (0x4)
 *fill*         0x000000000800ce3b        0x1 

.rel.dyn        0x000000000800ce3c        0x0
 .rel.iplt      0x000000000800ce3c        0x0 C:/ST/STM32CubeIDE_1.13.0/STM32CubeIDE/plugins/com.st.stm32cube.ide.mcu.externaltools.gnu-tools-for-stm32.11.3.rel1.win32_1.1.0.202305231506/tools/bin/../lib/gcc/arm-none-eabi/11.3.1/thumb/v7-m/nofp/crtbegin.o

.ARM.extab      0x000000000800ce3c        0x0
                0x000000000800ce3c                . = ALIGN (0x4)
 *(.ARM.extab* .gnu.linkonce.armextab.*)
                0x000000000800ce3c                . = ALIGN (0x4)

.ARM            0x000000000800ce3c        0x0
                0x000000000800ce3c                . = ALIGN (0x4)
                0x000000000800ce3c                __exidx_start = .
 *(.ARM.exidx*)
                0x000000000800ce3c                __exidx_end = .
                0x000000000800ce3c                . = ALIGN (0x4)

.preinit_array  0x000000000800ce3c        0x0
                0x000000000800ce3c                . = ALIGN (0x4)
                0x000000000800ce3c                PROVIDE (__preinit_array_start = .)
 *(.preinit_array*)
                0x000000000800ce3c                PROVIDE (__preinit_array_end = .)
                0x000000000800ce3c                . = ALIGN (0x4)

.init_array     0x000000000800ce3c        0x4
                0x000000000800ce3c                . = ALIGN (0x4)
                0x000000000800ce3c                PROVIDE (__init_array_start = .)
 *(SORT_BY_NAME(.init_array.*))
 *(.init_array*)
 .init_array    0x000000000800ce3c        0x4 C:/ST/STM32CubeIDE_1.13.0/STM32CubeIDE/plugins/com.st.stm32cube.ide.mcu.externaltools.gnu-tools-for-stm32.11.3.rel1.win32_1.1.0.202305231506/tools/bin/../lib/gcc/arm-none-eabi/11.3.1/thumb/v7-m/nofp/crtbegin.o
                0x000000000800ce40                PROVIDE (__init_array_end = .)
                0x000000000800ce40                . = ALIGN (0x4)

.fini_array     0x000000000800ce40        0x4
                0x000000000800ce40                . = ALIGN (0x4)
                [!provide]                        PROVIDE (__fini_array_start = .)
 *(SORT_BY_NAME(.fini_array.*))
 *(.fini_array*)
 .fini_array    0x000000000800ce40        0x4 C:/ST/STM32CubeIDE_1.13.0/STM32CubeIDE/plugins/com.st.stm32cube.ide.mcu.externaltools.gnu-tools-for-stm32.11.3.rel1.win32_1.1.0.202305231506/tools/bin/../lib/gcc/arm-none-eabi/11.3.1/thumb/v7-m/nofp/crtbegin.o
                [!provide]                        PROVIDE (__fini_array_end = .)
                0x000000000800ce44                . = ALIGN (0x4)
                0x000000000800ce44                _sidata = LOADADDR (.data)

.data           0x0000000020000000      0x4c0 load address 0x000000000800ce44
                0x0000000020000000                . = ALIGN (0x4)
                0x0000000020000000                _sdata = .
 *(.data)
 *(.data*)
 .data.OD_PERSIST_COMM
                0x0000000020000000      0x230 ./CANopenNode_STM32/OD.o
                0x0000000020000000                OD_PERSIST_COMM
 .data.OD_RAM   0x0000000020000230       0x34 ./CANopenNode_STM32/OD.o
                0x0000000020000230                OD_RAM
 .data.ODList   0x0000000020000264      0x1d4 ./CANopenNode_STM32/OD.o
 .data._OD      0x0000000020000438        0x8 ./CANopenNode_STM32/OD.o
 .data.OD       0x0000000020000440        0x4 ./CANopenNode_STM32/OD.o
                0x0000000020000440                OD
 *fill*         0x0000000020000444        0x4 
 .data.tmp64u_1
                0x0000000020000448        0x8 ./Core/Src/main.o
                0x0000000020000448                tmp64u_1
 .data.tmp64u_0
                0x0000000020000450        0x8 ./Core/Src/main.o
                0x0000000020000450                tmp64u_0
 .data.SystemCoreClock
                0x0000000020000458        0x4 ./Core/Src/system_stm32f1xx.o
                0x0000000020000458                SystemCoreClock
 .data.uwTickPrio
                0x000000002000045c        0x4 ./Drivers/STM32F1xx_HAL_Driver/Src/stm32f1xx_hal.o
                0x000000002000045c                uwTickPrio
 .data.uwTickFreq
                0x0000000020000460        0x1 ./Drivers/STM32F1xx_HAL_Driver/Src/stm32f1xx_hal.o
                0x0000000020000460                uwTickFreq
 *fill*         0x0000000020000461        0x3 
 .data.__sglue  0x0000000020000464        0xc C:/ST/STM32CubeIDE_1.13.0/STM32CubeIDE/plugins/com.st.stm32cube.ide.mcu.externaltools.gnu-tools-for-stm32.11.3.rel1.win32_1.1.0.202305231506/tools/bin/../lib/gcc/arm-none-eabi/11.3.1/../../../../arm-none-eabi/lib/thumb/v7-m/nofp\libc_nano.a(libc_a-findfp.o)
                0x0000000020000464                __sglue
 .data._impure_data
                0x0000000020000470       0x4c C:/ST/STM32CubeIDE_1.13.0/STM32CubeIDE/plugins/com.st.stm32cube.ide.mcu.externaltools.gnu-tools-for-stm32.11.3.rel1.win32_1.1.0.202305231506/tools/bin/../lib/gcc/arm-none-eabi/11.3.1/../../../../arm-none-eabi/lib/thumb/v7-m/nofp\libc_nano.a(libc_a-impure.o)
                0x0000000020000470                _impure_data
 .data._impure_ptr
                0x00000000200004bc        0x4 C:/ST/STM32CubeIDE_1.13.0/STM32CubeIDE/plugins/com.st.stm32cube.ide.mcu.externaltools.gnu-tools-for-stm32.11.3.rel1.win32_1.1.0.202305231506/tools/bin/../lib/gcc/arm-none-eabi/11.3.1/../../../../arm-none-eabi/lib/thumb/v7-m/nofp\libc_nano.a(libc_a-impure.o)
                0x00000000200004bc                _impure_ptr
 *(.RamFunc)
 *(.RamFunc*)
                0x00000000200004c0                . = ALIGN (0x4)
                0x00000000200004c0                _edata = .

.igot.plt       0x00000000200004c0        0x0 load address 0x000000000800d304
 .igot.plt      0x00000000200004c0        0x0 C:/ST/STM32CubeIDE_1.13.0/STM32CubeIDE/plugins/com.st.stm32cube.ide.mcu.externaltools.gnu-tools-for-stm32.11.3.rel1.win32_1.1.0.202305231506/tools/bin/../lib/gcc/arm-none-eabi/11.3.1/thumb/v7-m/nofp/crtbegin.o
                0x00000000200004c0                . = ALIGN (0x4)

.bss            0x00000000200004c0      0x6e8 load address 0x000000000800d304
                0x00000000200004c0                _sbss = .
                0x00000000200004c0                __bss_start__ = _sbss
 *(.bss)
 .bss           0x00000000200004c0       0x1c C:/ST/STM32CubeIDE_1.13.0/STM32CubeIDE/plugins/com.st.stm32cube.ide.mcu.externaltools.gnu-tools-for-stm32.11.3.rel1.win32_1.1.0.202305231506/tools/bin/../lib/gcc/arm-none-eabi/11.3.1/thumb/v7-m/nofp/crtbegin.o
 *(.bss*)
 .bss.canopenNodeSTM32
                0x00000000200004dc        0x4 ./CANopenNode_STM32/CO_app_STM32.o
                0x00000000200004dc                canopenNodeSTM32
 .bss.CO        0x00000000200004e0        0x4 ./CANopenNode_STM32/CO_app_STM32.o
                0x00000000200004e0                CO
 .bss.time_old  0x00000000200004e4        0x4 ./CANopenNode_STM32/CO_app_STM32.o
                0x00000000200004e4                time_old
 .bss.time_current
                0x00000000200004e8        0x4 ./CANopenNode_STM32/CO_app_STM32.o
                0x00000000200004e8                time_current
 .bss.err       0x00000000200004ec        0x1 ./CANopenNode_STM32/CO_app_STM32.o
                0x00000000200004ec                err
 *fill*         0x00000000200004ed        0x3 
 .bss.CANModule_local
                0x00000000200004f0        0x4 ./CANopenNode_STM32/CO_driver_STM32.o
 .bss.tx_hdr.1  0x00000000200004f4       0x18 ./CANopenNode_STM32/CO_driver_STM32.o
 .bss.rx_hdr.0  0x000000002000050c       0x1c ./CANopenNode_STM32/CO_driver_STM32.o
 .bss.hcan      0x0000000020000528       0x64 ./Core/Src/main.o
                0x0000000020000528                hcan
 .bss.hi2c1     0x000000002000058c       0x84 ./Core/Src/main.o
                0x000000002000058c                hi2c1
 .bss.htim1     0x0000000020000610       0xb4 ./Core/Src/main.o
                0x0000000020000610                htim1
 .bss.htim2     0x00000000200006c4       0xb4 ./Core/Src/main.o
                0x00000000200006c4                htim2
 .bss.htim3     0x0000000020000778       0xb4 ./Core/Src/main.o
                0x0000000020000778                htim3
 .bss.htim4     0x000000002000082c       0xb4 ./Core/Src/main.o
                0x000000002000082c                htim4
 .bss.huart1    0x00000000200008e0       0x74 ./Core/Src/main.o
                0x00000000200008e0                huart1
 .bss.huart2    0x0000000020000954       0x74 ./Core/Src/main.o
                0x0000000020000954                huart2
 .bss.hdma_usart1_rx
                0x00000000200009c8       0x44 ./Core/Src/main.o
                0x00000000200009c8                hdma_usart1_rx
 .bss.hdma_usart1_tx
                0x0000000020000a0c       0x44 ./Core/Src/main.o
                0x0000000020000a0c                hdma_usart1_tx
 .bss.Ticks     0x0000000020000a50        0x4 ./Core/Src/main.o
                0x0000000020000a50                Ticks
 .bss.__sbrk_heap_end
                0x0000000020000a54        0x4 ./Core/Src/sysmem.o
 .bss.uwTick    0x0000000020000a58        0x4 ./Drivers/STM32F1xx_HAL_Driver/Src/stm32f1xx_hal.o
                0x0000000020000a58                uwTick
 .bss.__malloc_free_list
                0x0000000020000a5c        0x4 C:/ST/STM32CubeIDE_1.13.0/STM32CubeIDE/plugins/com.st.stm32cube.ide.mcu.externaltools.gnu-tools-for-stm32.11.3.rel1.win32_1.1.0.202305231506/tools/bin/../lib/gcc/arm-none-eabi/11.3.1/../../../../arm-none-eabi/lib/thumb/v7-m/nofp\libc_nano.a(libc_a-mallocr.o)
                0x0000000020000a5c                __malloc_free_list
 .bss.__malloc_sbrk_start
                0x0000000020000a60        0x4 C:/ST/STM32CubeIDE_1.13.0/STM32CubeIDE/plugins/com.st.stm32cube.ide.mcu.externaltools.gnu-tools-for-stm32.11.3.rel1.win32_1.1.0.202305231506/tools/bin/../lib/gcc/arm-none-eabi/11.3.1/../../../../arm-none-eabi/lib/thumb/v7-m/nofp\libc_nano.a(libc_a-mallocr.o)
                0x0000000020000a60                __malloc_sbrk_start
 .bss.__sf      0x0000000020000a64      0x138 C:/ST/STM32CubeIDE_1.13.0/STM32CubeIDE/plugins/com.st.stm32cube.ide.mcu.externaltools.gnu-tools-for-stm32.11.3.rel1.win32_1.1.0.202305231506/tools/bin/../lib/gcc/arm-none-eabi/11.3.1/../../../../arm-none-eabi/lib/thumb/v7-m/nofp\libc_nano.a(libc_a-findfp.o)
                0x0000000020000a64                __sf
 .bss.__stdio_exit_handler
                0x0000000020000b9c        0x4 C:/ST/STM32CubeIDE_1.13.0/STM32CubeIDE/plugins/com.st.stm32cube.ide.mcu.externaltools.gnu-tools-for-stm32.11.3.rel1.win32_1.1.0.202305231506/tools/bin/../lib/gcc/arm-none-eabi/11.3.1/../../../../arm-none-eabi/lib/thumb/v7-m/nofp\libc_nano.a(libc_a-findfp.o)
                0x0000000020000b9c                __stdio_exit_handler
 .bss.errno     0x0000000020000ba0        0x4 C:/ST/STM32CubeIDE_1.13.0/STM32CubeIDE/plugins/com.st.stm32cube.ide.mcu.externaltools.gnu-tools-for-stm32.11.3.rel1.win32_1.1.0.202305231506/tools/bin/../lib/gcc/arm-none-eabi/11.3.1/../../../../arm-none-eabi/lib/thumb/v7-m/nofp\libc_nano.a(libc_a-reent.o)
                0x0000000020000ba0                errno
 .bss.__lock___malloc_recursive_mutex
                0x0000000020000ba4        0x1 C:/ST/STM32CubeIDE_1.13.0/STM32CubeIDE/plugins/com.st.stm32cube.ide.mcu.externaltools.gnu-tools-for-stm32.11.3.rel1.win32_1.1.0.202305231506/tools/bin/../lib/gcc/arm-none-eabi/11.3.1/../../../../arm-none-eabi/lib/thumb/v7-m/nofp\libc_nano.a(libc_a-lock.o)
                0x0000000020000ba4                __lock___malloc_recursive_mutex
 .bss.__lock___sfp_recursive_mutex
                0x0000000020000ba5        0x1 C:/ST/STM32CubeIDE_1.13.0/STM32CubeIDE/plugins/com.st.stm32cube.ide.mcu.externaltools.gnu-tools-for-stm32.11.3.rel1.win32_1.1.0.202305231506/tools/bin/../lib/gcc/arm-none-eabi/11.3.1/../../../../arm-none-eabi/lib/thumb/v7-m/nofp\libc_nano.a(libc_a-lock.o)
                0x0000000020000ba5                __lock___sfp_recursive_mutex
 *(COMMON)
                0x0000000020000ba8                . = ALIGN (0x4)
 *fill*         0x0000000020000ba6        0x2 
                0x0000000020000ba8                _ebss = .
                0x0000000020000ba8                __bss_end__ = _ebss

._user_heap_stack
                0x0000000020000ba8      0xe00 load address 0x000000000800d304
                0x0000000020000ba8                . = ALIGN (0x8)
                [!provide]                        PROVIDE (end = .)
                0x0000000020000ba8                PROVIDE (_end = .)
                0x00000000200013a8                . = (. + _Min_Heap_Size)
 *fill*         0x0000000020000ba8      0x800 
                0x00000000200019a8                . = (. + _Min_Stack_Size)
 *fill*         0x00000000200013a8      0x600 
                0x00000000200019a8                . = ALIGN (0x8)

/DISCARD/
 libc.a(*)
 libm.a(*)
 libgcc.a(*)

.ARM.attributes
                0x0000000000000000       0x29
 *(.ARM.attributes)
 .ARM.attributes
                0x0000000000000000       0x1d C:/ST/STM32CubeIDE_1.13.0/STM32CubeIDE/plugins/com.st.stm32cube.ide.mcu.externaltools.gnu-tools-for-stm32.11.3.rel1.win32_1.1.0.202305231506/tools/bin/../lib/gcc/arm-none-eabi/11.3.1/thumb/v7-m/nofp/crti.o
 .ARM.attributes
                0x000000000000001d       0x2d C:/ST/STM32CubeIDE_1.13.0/STM32CubeIDE/plugins/com.st.stm32cube.ide.mcu.externaltools.gnu-tools-for-stm32.11.3.rel1.win32_1.1.0.202305231506/tools/bin/../lib/gcc/arm-none-eabi/11.3.1/thumb/v7-m/nofp/crtbegin.o
 .ARM.attributes
                0x000000000000004a       0x2d ./CANopenNode/301/CO_Emergency.o
 .ARM.attributes
                0x0000000000000077       0x2d ./CANopenNode/301/CO_HBconsumer.o
 .ARM.attributes
                0x00000000000000a4       0x2d ./CANopenNode/301/CO_NMT_Heartbeat.o
 .ARM.attributes
                0x00000000000000d1       0x2d ./CANopenNode/301/CO_ODinterface.o
 .ARM.attributes
                0x00000000000000fe       0x2d ./CANopenNode/301/CO_PDO.o
 .ARM.attributes
                0x000000000000012b       0x2d ./CANopenNode/301/CO_SDOserver.o
 .ARM.attributes
                0x0000000000000158       0x2d ./CANopenNode/301/CO_SYNC.o
 .ARM.attributes
                0x0000000000000185       0x2d ./CANopenNode/301/CO_TIME.o
 .ARM.attributes
                0x00000000000001b2       0x2d ./CANopenNode/303/CO_LEDs.o
 .ARM.attributes
                0x00000000000001df       0x2d ./CANopenNode/305/CO_LSSslave.o
 .ARM.attributes
                0x000000000000020c       0x2d ./CANopenNode/CANopen.o
 .ARM.attributes
                0x0000000000000239       0x2d ./CANopenNode_STM32/CO_app_STM32.o
 .ARM.attributes
                0x0000000000000266       0x2d ./CANopenNode_STM32/CO_driver_STM32.o
 .ARM.attributes
                0x0000000000000293       0x2d ./CANopenNode_STM32/OD.o
 .ARM.attributes
                0x00000000000002c0       0x2d ./Core/Src/main.o
 .ARM.attributes
                0x00000000000002ed       0x2d ./Core/Src/stm32f1xx_hal_msp.o
 .ARM.attributes
                0x000000000000031a       0x2d ./Core/Src/stm32f1xx_it.o
 .ARM.attributes
                0x0000000000000347       0x2d ./Core/Src/syscalls.o
 .ARM.attributes
                0x0000000000000374       0x2d ./Core/Src/sysmem.o
 .ARM.attributes
                0x00000000000003a1       0x2d ./Core/Src/system_stm32f1xx.o
 .ARM.attributes
                0x00000000000003ce       0x21 ./Core/Startup/startup_stm32f103c8tx.o
 .ARM.attributes
                0x00000000000003ef       0x2d ./Drivers/STM32F1xx_HAL_Driver/Src/stm32f1xx_hal.o
 .ARM.attributes
                0x000000000000041c       0x2d ./Drivers/STM32F1xx_HAL_Driver/Src/stm32f1xx_hal_can.o
 .ARM.attributes