Archive member included to satisfy reference by file (symbol)

C:/ST/STM32CubeIDE_1.13.0/STM32CubeIDE/plugins/com.st.stm32cube.ide.mcu.externaltools.gnu-tools-for-stm32.11.3.rel1.win32_1.1.0.202305231506/tools/bin/../lib/gcc/arm-none-eabi/11.3.1/../../../../arm-none-eabi/lib/thumb/v7-m/nofp\libc_nano.a(libc_a-calloc.o)
                              ./CANopenNode/CANopen.o (calloc)
C:/ST/STM32CubeIDE_1.13.0/STM32CubeIDE/plugins/com.st.stm32cube.ide.mcu.externaltools.gnu-tools-for-stm32.11.3.rel1.win32_1.1.0.202305231506/tools/bin/../lib/gcc/arm-none-eabi/11.3.1/../../../../arm-none-eabi/lib/thumb/v7-m/nofp\libc_nano.a(libc_a-callocr.o)
                              C:/ST/STM32CubeIDE_1.13.0/STM32CubeIDE/plugins/com.st.stm32cube.ide.mcu.externaltools.gnu-tools-for-stm32.11.3.rel1.win32_1.1.0.202305231506/tools/bin/../lib/gcc/arm-none-eabi/11.3.1/../../../../arm-none-eabi/lib/thumb/v7-m/nofp\libc_nano.a(libc_a-calloc.o) (_calloc_r)
C:/ST/STM32CubeIDE_1.13.0/STM32CubeIDE/plugins/com.st.stm32cube.ide.mcu.externaltools.gnu-tools-for-stm32.11.3.rel1.win32_1.1.0.202305231506/tools/bin/../lib/gcc/arm-none-eabi/11.3.1/../../../../arm-none-eabi/lib/thumb/v7-m/nofp\libc_nano.a(libc_a-exit.o)
                              C:/ST/STM32CubeIDE_1.13.0/STM32CubeIDE/plugins/com.st.stm32cube.ide.mcu.externaltools.gnu-tools-for-stm32.11.3.rel1.win32_1.1.0.202305231506/tools/bin/../lib/gcc/arm-none-eabi/11.3.1/../../../../arm-none-eabi/lib/thumb/v7-m/nofp/crt0.o (exit)
C:/ST/STM32CubeIDE_1.13.0/STM32CubeIDE/plugins/com.st.stm32cube.ide.mcu.externaltools.gnu-tools-for-stm32.11.3.rel1.win32_1.1.0.202305231506/tools/bin/../lib/gcc/arm-none-eabi/11.3.1/../../../../arm-none-eabi/lib/thumb/v7-m/nofp\libc_nano.a(libc_a-malloc.o)
                              ./CANopenNode/CANopen.o (free)
C:/ST/STM32CubeIDE_1.13.0/STM32CubeIDE/plugins/com.st.stm32cube.ide.mcu.externaltools.gnu-tools-for-stm32.11.3.rel1.win32_1.1.0.202305231506/tools/bin/../lib/gcc/arm-none-eabi/11.3.1/../../../../arm-none-eabi/lib/thumb/v7-m/nofp\libc_nano.a(libc_a-mallocr.o)
                              C:/ST/STM32CubeIDE_1.13.0/STM32CubeIDE/plugins/com.st.stm32cube.ide.mcu.externaltools.gnu-tools-for-stm32.11.3.rel1.win32_1.1.0.202305231506/tools/bin/../lib/gcc/arm-none-eabi/11.3.1/../../../../arm-none-eabi/lib/thumb/v7-m/nofp\libc_nano.a(libc_a-callocr.o) (_malloc_r)
C:/ST/STM32CubeIDE_1.13.0/STM32CubeIDE/plugins/com.st.stm32cube.ide.mcu.externaltools.gnu-tools-for-stm32.11.3.rel1.win32_1.1.0.202305231506/tools/bin/../lib/gcc/arm-none-eabi/11.3.1/../../../../arm-none-eabi/lib/thumb/v7-m/nofp\libc_nano.a(libc_a-mlock.o)
                              C:/ST/STM32CubeIDE_1.13.0/STM32CubeIDE/plugins/com.st.stm32cube.ide.mcu.externaltools.gnu-tools-for-stm32.11.3.rel1.win32_1.1.0.202305231506/tools/bin/../lib/gcc/arm-none-eabi/11.3.1/../../../../arm-none-eabi/lib/thumb/v7-m/nofp\libc_nano.a(libc_a-mallocr.o) (__malloc_lock)
C:/ST/STM32CubeIDE_1.13.0/STM32CubeIDE/plugins/com.st.stm32cube.ide.mcu.externaltools.gnu-tools-for-stm32.11.3.rel1.win32_1.1.0.202305231506/tools/bin/../lib/gcc/arm-none-eabi/11.3.1/../../../../arm-none-eabi/lib/thumb/v7-m/nofp\libc_nano.a(libc_a-fflush.o)
                              ./CANopenNode_STM32/CO_app_STM32.o (fflush)
C:/ST/STM32CubeIDE_1.13.0/STM32CubeIDE/plugins/com.st.stm32cube.ide.mcu.externaltools.gnu-tools-for-stm32.11.3.rel1.win32_1.1.0.202305231506/tools/bin/../lib/gcc/arm-none-eabi/11.3.1/../../../../arm-none-eabi/lib/thumb/v7-m/nofp\libc_nano.a(libc_a-findfp.o)
                              C:/ST/STM32CubeIDE_1.13.0/STM32CubeIDE/plugins/com.st.stm32cube.ide.mcu.externaltools.gnu-tools-for-stm32.11.3.rel1.win32_1.1.0.202305231506/tools/bin/../lib/gcc/arm-none-eabi/11.3.1/../../../../arm-none-eabi/lib/thumb/v7-m/nofp\libc_nano.a(libc_a-fflush.o) (__sinit)
C:/ST/STM32CubeIDE_1.13.0/STM32CubeIDE/plugins/com.st.stm32cube.ide.mcu.externaltools.gnu-tools-for-stm32.11.3.rel1.win32_1.1.0.202305231506/tools/bin/../lib/gcc/arm-none-eabi/11.3.1/../../../../arm-none-eabi/lib/thumb/v7-m/nofp\libc_nano.a(libc_a-fwalk.o)
                              C:/ST/STM32CubeIDE_1.13.0/STM32CubeIDE/plugins/com.st.stm32cube.ide.mcu.externaltools.gnu-tools-for-stm32.11.3.rel1.win32_1.1.0.202305231506/tools/bin/../lib/gcc/arm-none-eabi/11.3.1/../../../../arm-none-eabi/lib/thumb/v7-m/nofp\libc_nano.a(libc_a-fflush.o) (_fwalk_sglue)
C:/ST/STM32CubeIDE_1.13.0/STM32CubeIDE/plugins/com.st.stm32cube.ide.mcu.externaltools.gnu-tools-for-stm32.11.3.rel1.win32_1.1.0.202305231506/tools/bin/../lib/gcc/arm-none-eabi/11.3.1/../../../../arm-none-eabi/lib/thumb/v7-m/nofp\libc_nano.a(libc_a-printf.o)
                              ./CANopenNode_STM32/CO_app_STM32.o (printf)
C:/ST/STM32CubeIDE_1.13.0/STM32CubeIDE/plugins/com.st.stm32cube.ide.mcu.externaltools.gnu-tools-for-stm32.11.3.rel1.win32_1.1.0.202305231506/tools/bin/../lib/gcc/arm-none-eabi/11.3.1/../../../../arm-none-eabi/lib/thumb/v7-m/nofp\libc_nano.a(libc_a-puts.o)
[...]
Memory Configuration

Name             Origin             Length             Attributes
RAM              0x0000000020000000 0x0000000000005000 xrw
FLASH            0x0000000008000000 0x0000000000010000 xr
*default*        0x0000000000000000 0xffffffffffffffff

Linker script and memory map

LOAD C:/ST/STM32CubeIDE_1.13.0/STM32CubeIDE/plugins/com.st.stm32cube.ide.mcu.externaltools.gnu-tools-for-stm32.11.3.rel1.win32_1.1.0.202305231506/tools/bin/../lib/gcc/arm-none-eabi/11.3.1/thumb/v7-m/nofp/crti.o
LOAD C:/ST/STM32CubeIDE_1.13.0/STM32CubeIDE/plugins/com.st.stm32cube.ide.mcu.externaltools.gnu-tools-for-stm32.11.3.rel1.win32_1.1.0.202305231506/tools/bin/../lib/gcc/arm-none-eabi/11.3.1/thumb/v7-m/nofp/crtbegin.o
LOAD C:/ST/STM32CubeIDE_1.13.0/STM32CubeIDE/plugins/com.st.stm32cube.ide.mcu.externaltools.gnu-tools-for-stm32.11.3.rel1.win32_1.1.0.202305231506/tools/bin/../lib/gcc/arm-none-eabi/11.3.1/../../../../arm-none-eabi/lib/thumb/v7-m/nofp/crt0.o
LOAD ./CANopenNode/301/CO_Emergency.o
LOAD ./CANopenNode/301/CO_HBconsumer.o
LOAD ./CANopenNode/301/CO_NMT_Heartbeat.o
LOAD ./CANopenNode/301/CO_Node_Guarding.o
LOAD ./CANopenNode/301/CO_ODinterface.o
LOAD ./CANopenNode/301/CO_PDO.o
LOAD ./CANopenNode/301/CO_SDOclient.o
LOAD ./CANopenNode/301/CO_SDOserver.o
LOAD ./CANopenNode/301/CO_SYNC.o
LOAD ./CANopenNode/301/CO_TIME.o
LOAD ./CANopenNode/301/CO_fifo.o
LOAD ./CANopenNode/301/crc16-ccitt.o
LOAD ./CANopenNode/303/CO_LEDs.o
LOAD ./CANopenNode/304/CO_GFC.o
LOAD ./CANopenNode/304/CO_SRDO.o
LOAD ./CANopenNode/305/CO_LSSmaster.o
LOAD ./CANopenNode/305/CO_LSSslave.o
LOAD ./CANopenNode/309/CO_gateway_ascii.o
LOAD ./CANopenNode/CANopen.o
LOAD ./CANopenNode/extra/CO_trace.o
LOAD ./CANopenNode/storage/CO_storage.o
LOAD ./CANopenNode/storage/CO_storageEeprom.o
LOAD ./CANopenNode_STM32/CO_app_STM32.o
LOAD ./CANopenNode_STM32/CO_driver_STM32.o
LOAD ./CANopenNode_STM32/CO_storageBlank.o
LOAD ./CANopenNode_STM32/OD.o
LOAD ./Core/Src/main.o
LOAD ./Core/Src/stm32f1xx_hal_msp.o
LOAD ./Core/Src/stm32f1xx_it.o
LOAD ./Core/Src/syscalls.o
LOAD ./Core/Src/sysmem.o
LOAD ./Core/Src/system_stm32f1xx.o
LOAD ./Core/Startup/startup_stm32f103c8tx.o
LOAD ./Drivers/STM32F1xx_HAL_Driver/Src/stm32f1xx_hal.o
LOAD ./Drivers/STM32F1xx_HAL_Driver/Src/stm32f1xx_hal_can.o
LOAD ./Drivers/STM32F1xx_HAL_Driver/Src/stm32f1xx_hal_cortex.o
LOAD ./Drivers/STM32F1xx_HAL_Driver/Src/stm32f1xx_hal_dma.o
LOAD ./Drivers/STM32F1xx_HAL_Driver/Src/stm32f1xx_hal_exti.o
LOAD ./Drivers/STM32F1xx_HAL_Driver/Src/stm32f1xx_hal_flash.o
LOAD ./Drivers/STM32F1xx_HAL_Driver/Src/stm32f1xx_hal_flash_ex.o
LOAD ./Drivers/STM32F1xx_HAL_Driver/Src/stm32f1xx_hal_gpio.o
LOAD ./Drivers/STM32F1xx_HAL_Driver/Src/stm32f1xx_hal_gpio_ex.o
LOAD ./Drivers/STM32F1xx_HAL_Driver/Src/stm32f1xx_hal_i2c.o
LOAD ./Drivers/STM32F1xx_HAL_Driver/Src/stm32f1xx_hal_pwr.o
LOAD ./Drivers/STM32F1xx_HAL_Driver/Src/stm32f1xx_hal_rcc.o
LOAD ./Drivers/STM32F1xx_HAL_Driver/Src/stm32f1xx_hal_rcc_ex.o
LOAD ./Drivers/STM32F1xx_HAL_Driver/Src/stm32f1xx_hal_tim.o
LOAD ./Drivers/STM32F1xx_HAL_Driver/Src/stm32f1xx_hal_tim_ex.o
LOAD ./Drivers/STM32F1xx_HAL_Driver/Src/stm32f1xx_hal_uart.o
START GROUP
LOAD C:/ST/STM32CubeIDE_1.13.0/STM32CubeIDE/plugins/com.st.stm32cube.ide.mcu.externaltools.gnu-tools-for-stm32.11.3.rel1.win32_1.1.0.202305231506/tools/bin/../lib/gcc/arm-none-eabi/11.3.1/../../../../arm-none-eabi/lib/thumb/v7-m/nofp\libc_nano.a
LOAD C:/ST/STM32CubeIDE_1.13.0/STM32CubeIDE/plugins/com.st.stm32cube.ide.mcu.externaltools.gnu-tools-for-stm32.11.3.rel1.win32_1.1.0.202305231506/tools/bin/../lib/gcc/arm-none-eabi/11.3.1/../../../../arm-none-eabi/lib/thumb/v7-m/nofp\libm.a
END GROUP
START GROUP
LOAD C:/ST/STM32CubeIDE_1.13.0/STM32CubeIDE/plugins/com.st.stm32cube.ide.mcu.externaltools.gnu-tools-for-stm32.11.3.rel1.win32_1.1.0.202305231506/tools/bin/../lib/gcc/arm-none-eabi/11.3.1/thumb/v7-m/nofp\libgcc.a
LOAD C:/ST/STM32CubeIDE_1.13.0/STM32CubeIDE/plugins/com.st.stm32cube.ide.mcu.externaltools.gnu-tools-for-stm32.11.3.rel1.win32_1.1.0.202305231506/tools/bin/../lib/gcc/arm-none-eabi/11.3.1/../../../../arm-none-eabi/lib/thumb/v7-m/nofp\libc_nano.a
END GROUP
START GROUP
LOAD C:/ST/STM32CubeIDE_1.13.0/STM32CubeIDE/plugins/com.st.stm32cube.ide.mcu.externaltools.gnu-tools-for-stm32.11.3.rel1.win32_1.1.0.202305231506/tools/bin/../lib/gcc/arm-none-eabi/11.3.1/thumb/v7-m/nofp\libgcc.a
LOAD C:/ST/STM32CubeIDE_1.13.0/STM32CubeIDE/plugins/com.st.stm32cube.ide.mcu.externaltools.gnu-tools-for-stm32.11.3.rel1.win32_1.1.0.202305231506/tools/bin/../lib/gcc/arm-none-eabi/11.3.1/../../../../arm-none-eabi/lib/thumb/v7-m/nofp\libc_nano.a
LOAD C:/ST/STM32CubeIDE_1.13.0/STM32CubeIDE/plugins/com.st.stm32cube.ide.mcu.externaltools.gnu-tools-for-stm32.11.3.rel1.win32_1.1.0.202305231506/tools/bin/../lib/gcc/arm-none-eabi/11.3.1/../../../../arm-none-eabi/lib/thumb/v7-m/nofp\libnosys.a
END GROUP
START GROUP
LOAD C:/ST/STM32CubeIDE_1.13.0/STM32CubeIDE/plugins/com.st.stm32cube.ide.mcu.externaltools.gnu-tools-for-stm32.11.3.rel1.win32_1.1.0.202305231506/tools/bin/../lib/gcc/arm-none-eabi/11.3.1/thumb/v7-m/nofp\libgcc.a
LOAD C:/ST/STM32CubeIDE_1.13.0/STM32CubeIDE/plugins/com.st.stm32cube.ide.mcu.externaltools.gnu-tools-for-stm32.11.3.rel1.win32_1.1.0.202305231506/tools/bin/../lib/gcc/arm-none-eabi/11.3.1/../../../../arm-none-eabi/lib/thumb/v7-m/nofp\libc_nano.a
LOAD C:/ST/STM32CubeIDE_1.13.0/STM32CubeIDE/plugins/com.st.stm32cube.ide.mcu.externaltools.gnu-tools-for-stm32.11.3.rel1.win32_1.1.0.202305231506/tools/bin/../lib/gcc/arm-none-eabi/11.3.1/../../../../arm-none-eabi/lib/thumb/v7-m/nofp\libnosys.a
END GROUP
LOAD C:/ST/STM32CubeIDE_1.13.0/STM32CubeIDE/plugins/com.st.stm32cube.ide.mcu.externaltools.gnu-tools-for-stm32.11.3.rel1.win32_1.1.0.202305231506/tools/bin/../lib/gcc/arm-none-eabi/11.3.1/thumb/v7-m/nofp/crtend.o
LOAD C:/ST/STM32CubeIDE_1.13.0/STM32CubeIDE/plugins/com.st.stm32cube.ide.mcu.externaltools.gnu-tools-for-stm32.11.3.rel1.win32_1.1.0.202305231506/tools/bin/../lib/gcc/arm-none-eabi/11.3.1/thumb/v7-m/nofp/crtn.o
                0x0000000020005000                _estack = (ORIGIN (RAM) + LENGTH (RAM))
                0x0000000000000800                _Min_Heap_Size = 0x800
                0x0000000000000600                _Min_Stack_Size = 0x600

.isr_vector     0x0000000008000000      0x10c
                0x0000000008000000                . = ALIGN (0x4)
 *(.isr_vector)
 .isr_vector    0x0000000008000000      0x10c ./Core/Startup/startup_stm32f103c8tx.o
                0x0000000008000000                g_pfnVectors
                0x000000000800010c                . = ALIGN (0x4)

.text           0x000000000800010c     0xcc0c
                0x000000000800010c                . = ALIGN (0x4)
 *(.text)
 .text          0x000000000800010c       0x40 C:/ST/STM32CubeIDE_1.13.0/STM32CubeIDE/plugins/com.st.stm32cube.ide.mcu.externaltools.gnu-tools-for-stm32.11.3.rel1.win32_1.1.0.202305231506/tools/bin/../lib/gcc/arm-none-eabi/11.3.1/thumb/v7-m/nofp/crtbegin.o
 .text          0x000000000800014c       0x10 C:/ST/STM32CubeIDE_1.13.0/STM32CubeIDE/plugins/com.st.stm32cube.ide.mcu.externaltools.gnu-tools-for-stm32.11.3.rel1.win32_1.1.0.202305231506/tools/bin/../lib/gcc/arm-none-eabi/11.3.1/../../../../arm-none-eabi/lib/thumb/v7-m/nofp\libc_nano.a(libc_a-strlen.o)
                0x000000000800014c                strlen
 *(.text*)
 .text.CO_getUint8
                0x000000000800015c       0x1a ./CANopenNode/301/CO_Emergency.o
 .text.CO_setUint8
                0x0000000008000176       0x1e ./CANopenNode/301/CO_Emergency.o
 .text.CO_setUint32
                0x0000000008000194       0x1c ./CANopenNode/301/CO_Emergency.o
 .text.OD_getIndex
                0x00000000080001b0       0x20 ./CANopenNode/301/CO_Emergency.o
 .text.OD_extension_init
                0x00000000080001d0       0x26 ./CANopenNode/301/CO_Emergency.o
 .text.OD_get_u32
                0x00000000080001f6       0x2a ./CANopenNode/301/CO_Emergency.o
 .text.OD_read_1014_default
                0x0000000008000220       0x70 ./CANopenNode/301/CO_Emergency.o
 .text.OD_read_1003
                0x0000000008000290       0xdc ./CANopenNode/301/CO_Emergency.o
 .text.OD_write_1003
                0x000000000800036c       0x60 ./CANopenNode/301/CO_Emergency.o
 .text.CO_EM_init
                0x00000000080003cc      0x1c0 ./CANopenNode/301/CO_Emergency.o
                0x00000000080003cc                CO_EM_init
 .text.CO_EM_process
                0x000000000800058c      0x296 ./CANopenNode/301/CO_Emergency.o
                0x000000000800058c                CO_EM_process
 .text.CO_error
                0x0000000008000822      0x178 ./CANopenNode/301/CO_Emergency.o
                0x0000000008000822                CO_error
 .text.CO_getUint32
                0x000000000800099a       0x1a ./CANopenNode/301/CO_HBconsumer.o
 .text.OD_getIndex
                0x00000000080009b4       0x20 ./CANopenNode/301/CO_HBconsumer.o
 .text.OD_extension_init
                0x00000000080009d4       0x26 ./CANopenNode/301/CO_HBconsumer.o
 .text.OD_get_u32
                0x00000000080009fa       0x2a ./CANopenNode/301/CO_HBconsumer.o
 .text.CO_HBcons_receive
                0x0000000008000a24       0x3a ./CANopenNode/301/CO_HBconsumer.o
 .text.OD_write_1016
                0x0000000008000a5e       0x8e ./CANopenNode/301/CO_HBconsumer.o
 .text.CO_HBconsumer_init
                0x0000000008000aec      0x154 ./CANopenNode/301/CO_HBconsumer.o
                0x0000000008000aec                CO_HBconsumer_init
 .text.CO_HBconsumer_initEntry
                0x0000000008000c40      0x130 ./CANopenNode/301/CO_HBconsumer.o
 .text.CO_HBconsumer_process
                0x0000000008000d70      0x1aa ./CANopenNode/301/CO_HBconsumer.o
                0x0000000008000d70                CO_HBconsumer_process
 .text.CO_getUint16
                0x0000000008000f1a       0x1c ./CANopenNode/301/CO_NMT_Heartbeat.o
 .text.OD_getIndex
                0x0000000008000f36       0x20 ./CANopenNode/301/CO_NMT_Heartbeat.o
 .text.OD_extension_init
                0x0000000008000f56       0x26 ./CANopenNode/301/CO_NMT_Heartbeat.o
 .text.OD_get_u16
                0x0000000008000f7c       0x2a ./CANopenNode/301/CO_NMT_Heartbeat.o
 .text.CO_isError
                0x0000000008000fa6       0x4c ./CANopenNode/301/CO_NMT_Heartbeat.o
 .text.CO_getErrorRegister
                0x0000000008000ff2       0x2a ./CANopenNode/301/CO_NMT_Heartbeat.o
 .text.CO_NMT_receive
                0x000000000800101c       0x4e ./CANopenNode/301/CO_NMT_Heartbeat.o
 .text.OD_write_1017
                0x000000000800106a       0x6a ./CANopenNode/301/CO_NMT_Heartbeat.o
 .text.CO_NMT_init
                0x00000000080010d4      0x17c ./CANopenNode/301/CO_NMT_Heartbeat.o
                0x00000000080010d4                CO_NMT_init
 .text.CO_NMT_process
                0x0000000008001250      0x22e ./CANopenNode/301/CO_NMT_Heartbeat.o
                0x0000000008001250                CO_NMT_process
 .text.OD_readOriginal
                0x000000000800147e       0xb0 ./CANopenNode/301/CO_ODinterface.o
                0x000000000800147e                OD_readOriginal
 .text.OD_writeOriginal
                0x000000000800152e       0xda ./CANopenNode/301/CO_ODinterface.o
                0x000000000800152e                OD_writeOriginal
 .text.OD_readDisabled
                0x0000000008001608       0x1a ./CANopenNode/301/CO_ODinterface.o
 .text.OD_writeDisabled
                0x0000000008001622       0x1a ./CANopenNode/301/CO_ODinterface.o
 .text.OD_find  0x000000000800163c       0xb6 ./CANopenNode/301/CO_ODinterface.o
                0x000000000800163c                OD_find
 *fill*         0x00000000080016f2        0x2 
 .text.OD_getSub
                0x00000000080016f4      0x1ec ./CANopenNode/301/CO_ODinterface.o
                0x00000000080016f4                OD_getSub
 .text.OD_getSDOabCode
                0x00000000080018e0       0x38 ./CANopenNode/301/CO_ODinterface.o
                0x00000000080018e0                OD_getSDOabCode
 .text.OD_get_value
                0x0000000008001918       0x7a ./CANopenNode/301/CO_ODinterface.o
                0x0000000008001918                OD_get_value
 .text.OD_set_value
                0x0000000008001992       0x7a ./CANopenNode/301/CO_ODinterface.o
                0x0000000008001992                OD_set_value
 .text.OD_getPtr
                0x0000000008001a0c       0x86 ./CANopenNode/301/CO_ODinterface.o
                0x0000000008001a0c                OD_getPtr
 .text.CO_getUint8
                0x0000000008001a92       0x1a ./CANopenNode/301/CO_PDO.o
 .text.CO_getUint16
                0x0000000008001aac       0x1c ./CANopenNode/301/CO_PDO.o
 .text.CO_getUint32
                0x0000000008001ac8       0x1a ./CANopenNode/301/CO_PDO.o
 .text.CO_setUint32
                0x0000000008001ae2       0x1c ./CANopenNode/301/CO_PDO.o
 .text.OD_getIndex
                0x0000000008001afe       0x20 ./CANopenNode/301/CO_PDO.o
 .text.OD_extension_init
                0x0000000008001b1e       0x26 ./CANopenNode/301/CO_PDO.o
 .text.OD_get_u8
                0x0000000008001b44       0x2a ./CANopenNode/301/CO_PDO.o
 .text.OD_get_u16
                0x0000000008001b6e       0x2a ./CANopenNode/301/CO_PDO.o
 .text.OD_get_u32
                0x0000000008001b98       0x2a ./CANopenNode/301/CO_PDO.o
 .text.OD_write_dummy
                0x0000000008001bc2       0x26 ./CANopenNode/301/CO_PDO.o
 .text.OD_read_dummy
                0x0000000008001be8       0x4e ./CANopenNode/301/CO_PDO.o
 *fill*         0x0000000008001c36        0x2 
 .text.PDOconfigMap
                0x0000000008001c38      0x17c ./CANopenNode/301/CO_PDO.o
 .text.PDO_initMapping
                0x0000000008001db4      0x154 ./CANopenNode/301/CO_PDO.o
 .text.OD_write_PDO_mapping
                0x0000000008001f08      0x132 ./CANopenNode/301/CO_PDO.o
 .text.OD_read_PDO_commParam
                0x000000000800203a       0x9c ./CANopenNode/301/CO_PDO.o
 .text.CO_PDO_receive
                0x00000000080020d6       0xbc ./CANopenNode/301/CO_PDO.o
 *fill*         0x0000000008002192        0x2 
 .text.OD_write_14xx
                0x0000000008002194      0x240 ./CANopenNode/301/CO_PDO.o
 .text.CO_RPDO_init
                0x00000000080023d4      0x284 ./CANopenNode/301/CO_PDO.o
                0x00000000080023d4                CO_RPDO_init
 .text.CO_RPDO_process
                0x0000000008002658      0x296 ./CANopenNode/301/CO_PDO.o
                0x0000000008002658                CO_RPDO_process
 *fill*         0x00000000080028ee        0x2 
 .text.OD_write_18xx
                0x00000000080028f0      0x2a4 ./CANopenNode/301/CO_PDO.o
 .text.CO_TPDO_init
                0x0000000008002b94      0x2e0 ./CANopenNode/301/CO_PDO.o
                0x0000000008002b94                CO_TPDO_init
 .text.CO_TPDOsend
                0x0000000008002e74      0x188 ./CANopenNode/301/CO_PDO.o
 .text.CO_TPDO_process
                0x0000000008002ffc      0x200 ./CANopenNode/301/CO_PDO.o
                0x0000000008002ffc                CO_TPDO_process
 .text.CO_getUint8
                0x00000000080031fc       0x1a ./CANopenNode/301/CO_SDOserver.o
 .text.CO_getUint32
                0x0000000008003216       0x1a ./CANopenNode/301/CO_SDOserver.o
 .text.OD_getIndex
                0x0000000008003230       0x20 ./CANopenNode/301/CO_SDOserver.o
 .text.OD_extension_init
                0x0000000008003250       0x26 ./CANopenNode/301/CO_SDOserver.o
 .text.OD_get_u8
                0x0000000008003276       0x2a ./CANopenNode/301/CO_SDOserver.o
 .text.OD_get_u32
                0x00000000080032a0       0x2a ./CANopenNode/301/CO_SDOserver.o
 .text.OD_set_u32
                0x00000000080032ca       0x2a ./CANopenNode/301/CO_SDOserver.o
 .text.CO_SDO_receive
                0x00000000080032f4       0x54 ./CANopenNode/301/CO_SDOserver.o
 .text.CO_SDOserver_init_canRxTx
                0x0000000008003348       0xd8 ./CANopenNode/301/CO_SDOserver.o
 .text.OD_write_1201_additional
                0x0000000008003420      0x224 ./CANopenNode/301/CO_SDOserver.o
 .text.CO_SDOserver_init
                0x0000000008003644      0x228 ./CANopenNode/301/CO_SDOserver.o
                0x0000000008003644                CO_SDOserver_init
 .text.validateAndWriteToOD
                0x000000000800386c      0x220 ./CANopenNode/301/CO_SDOserver.o
 .text.readFromOd
                0x0000000008003a8c      0x18c ./CANopenNode/301/CO_SDOserver.o
 .text.CO_SDOserver_process
                0x0000000008003c18      0xa2c ./CANopenNode/301/CO_SDOserver.o
                0x0000000008003c18                CO_SDOserver_process
 .text.CO_getUint8
                0x0000000008004644       0x1a ./CANopenNode/301/CO_SYNC.o
 .text.CO_getUint32
                0x000000000800465e       0x1a ./CANopenNode/301/CO_SYNC.o
 .text.OD_getIndex
                0x0000000008004678       0x20 ./CANopenNode/301/CO_SYNC.o
 .text.OD_extension_init
                0x0000000008004698       0x26 ./CANopenNode/301/CO_SYNC.o
 .text.OD_get_u8
                0x00000000080046be       0x2a ./CANopenNode/301/CO_SYNC.o
 .text.OD_get_u32
                0x00000000080046e8       0x2a ./CANopenNode/301/CO_SYNC.o
 .text.CO_SYNCsend
                0x0000000008004712       0x64 ./CANopenNode/301/CO_SYNC.o
 .text.CO_SYNC_receive
                0x0000000008004776       0x8a ./CANopenNode/301/CO_SYNC.o
 .text.OD_write_1005
                0x0000000008004800      0x188 ./CANopenNode/301/CO_SYNC.o
 .text.OD_write_1019
                0x0000000008004988       0xbc ./CANopenNode/301/CO_SYNC.o
 .text.CO_SYNC_init
                0x0000000008004a44      0x24c ./CANopenNode/301/CO_SYNC.o
                0x0000000008004a44                CO_SYNC_init
 .text.CO_SYNC_process
                0x0000000008004c90      0x172 ./CANopenNode/301/CO_SYNC.o
                0x0000000008004c90                CO_SYNC_process
 .text.CO_getUint16
                0x0000000008004e02       0x1c ./CANopenNode/301/CO_TIME.o
 .text.CO_getUint32
                0x0000000008004e1e       0x1a ./CANopenNode/301/CO_TIME.o
 .text.OD_getIndex
                0x0000000008004e38       0x20 ./CANopenNode/301/CO_TIME.o
 .text.OD_extension_init
                0x0000000008004e58       0x26 ./CANopenNode/301/CO_TIME.o
 .text.OD_get_u32
                0x0000000008004e7e       0x2a ./CANopenNode/301/CO_TIME.o
 .text.CO_TIME_receive
                0x0000000008004ea8       0x3a ./CANopenNode/301/CO_TIME.o
 *fill*         0x0000000008004ee2        0x2 
 .text.OD_write_1012
                0x0000000008004ee4       0xe4 ./CANopenNode/301/CO_TIME.o
 .text.CO_TIME_init
                0x0000000008004fc8      0x100 ./CANopenNode/301/CO_TIME.o
                0x0000000008004fc8                CO_TIME_init
 .text.CO_TIME_process
                0x00000000080050c8       0xec ./CANopenNode/301/CO_TIME.o
                0x00000000080050c8                CO_TIME_process
 .text.CO_LEDs_init
                0x00000000080051b4       0x2e ./CANopenNode/303/CO_LEDs.o
                0x00000000080051b4                CO_LEDs_init
 *fill*         0x00000000080051e2        0x2 
 .text.CO_LEDs_process
                0x00000000080051e4      0x360 ./CANopenNode/303/CO_LEDs.o
                0x00000000080051e4                CO_LEDs_process
 .text.CO_LSSslave_receive
                0x0000000008005544      0x2c8 ./CANopenNode/305/CO_LSSslave.o
 .text.CO_LSSslave_init
                0x000000000800580c       0xec ./CANopenNode/305/CO_LSSslave.o
                0x000000000800580c                CO_LSSslave_init
 .text.CO_LSSslave_process
                0x00000000080058f8      0x42c ./CANopenNode/305/CO_LSSslave.o
                0x00000000080058f8                CO_LSSslave_process
 .text.CO_isError
                0x0000000008005d24       0x4c ./CANopenNode/CANopen.o
 .text.CO_getErrorRegister
                0x0000000008005d70       0x2a ./CANopenNode/CANopen.o
 .text.CO_NMT_getInternalState
                0x0000000008005d9a       0x22 ./CANopenNode/CANopen.o
 .text.CO_LSSslave_getState
                0x0000000008005dbc       0x20 ./CANopenNode/CANopen.o
 .text.CO_new   0x0000000008005ddc      0x24e ./CANopenNode/CANopen.o
                0x0000000008005ddc                CO_new
 .text.CO_delete
                0x000000000800602a       0xbe ./CANopenNode/CANopen.o
                0x000000000800602a                CO_delete
 .text.CO_CANinit
                0x00000000080060e8       0x58 ./CANopenNode/CANopen.o
                0x00000000080060e8                CO_CANinit
 .text.CO_LSSinit
                0x0000000008006140       0x58 ./CANopenNode/CANopen.o
                0x0000000008006140                CO_LSSinit
 .text.CO_CANopenInit
                0x0000000008006198      0x288 ./CANopenNode/CANopen.o
                0x0000000008006198                CO_CANopenInit
 .text.CO_CANopenInitPDO
                0x0000000008006420      0x190 ./CANopenNode/CANopen.o
                0x0000000008006420                CO_CANopenInitPDO
 .text.CO_process
                0x00000000080065b0      0x1f0 ./CANopenNode/CANopen.o
                0x00000000080065b0                CO_process
 .text.CO_process_SYNC
                0x00000000080067a0       0x86 ./CANopenNode/CANopen.o
                0x00000000080067a0                CO_process_SYNC
 .text.CO_process_RPDO
                0x0000000008006826       0x68 ./CANopenNode/CANopen.o
                0x0000000008006826                CO_process_RPDO
 .text.CO_process_TPDO
                0x000000000800688e       0x68 ./CANopenNode/CANopen.o
                0x000000000800688e                CO_process_TPDO
 *fill*         0x00000000080068f6        0x2 
 .text.canopen_app_init
                0x00000000080068f8       0x68 ./CANopenNode_STM32/CO_app_STM32.o
                0x00000000080068f8                canopen_app_init
 .text.canopen_app_resetCommunication
                0x0000000008006960      0x23c ./CANopenNode_STM32/CO_app_STM32.o
                0x0000000008006960                canopen_app_resetCommunication
 .text.canopen_app_process
                0x0000000008006b9c       0xd8 ./CANopenNode_STM32/CO_app_STM32.o
                0x0000000008006b9c                canopen_app_process
 .text.canopen_app_interrupt
                0x0000000008006c74       0x84 ./CANopenNode_STM32/CO_app_STM32.o
                0x0000000008006c74                canopen_app_interrupt
 .text.CO_CANsetConfigurationMode
                0x0000000008006cf8       0x20 ./CANopenNode_STM32/CO_driver_STM32.o
                0x0000000008006cf8                CO_CANsetConfigurationMode
 .text.CO_CANsetNormalMode
                0x0000000008006d18       0x30 ./CANopenNode_STM32/CO_driver_STM32.o
                0x0000000008006d18                CO_CANsetNormalMode
 .text.CO_CANmodule_init
                0x0000000008006d48      0x190 ./CANopenNode_STM32/CO_driver_STM32.o
                0x0000000008006d48                CO_CANmodule_init
 .text.CO_CANmodule_disable
                0x0000000008006ed8       0x2a ./CANopenNode_STM32/CO_driver_STM32.o
                0x0000000008006ed8                CO_CANmodule_disable
 *fill*         0x0000000008006f02        0x2 
 .text.CO_CANrxBufferInit
                0x0000000008006f04       0xb8 ./CANopenNode_STM32/CO_driver_STM32.o
                0x0000000008006f04                CO_CANrxBufferInit
 .text.CO_CANtxBufferInit
                0x0000000008006fbc       0x72 ./CANopenNode_STM32/CO_driver_STM32.o
                0x0000000008006fbc                CO_CANtxBufferInit
 *fill*         0x000000000800702e        0x2 
 .text.prv_send_can_message
                0x0000000008007030       0x80 ./CANopenNode_STM32/CO_driver_STM32.o
 .text.CO_CANsend
                0x00000000080070b0       0x86 ./CANopenNode_STM32/CO_driver_STM32.o
                0x00000000080070b0                CO_CANsend
 .text.CO_CANclearPendingSyncPDOs
                0x0000000008007136       0xca ./CANopenNode_STM32/CO_driver_STM32.o
                0x0000000008007136                CO_CANclearPendingSyncPDOs
 .text.CO_CANmodule_process
                0x0000000008007200       0x8e ./CANopenNode_STM32/CO_driver_STM32.o
                0x0000000008007200                CO_CANmodule_process
 *fill*         0x000000000800728e        0x2 
 .text.prv_read_can_received_msg
                0x0000000008007290       0xd8 ./CANopenNode_STM32/CO_driver_STM32.o
 .text.HAL_CAN_RxFifo0MsgPendingCallback
                0x0000000008007368       0x1a ./CANopenNode_STM32/CO_driver_STM32.o
                0x0000000008007368                HAL_CAN_RxFifo0MsgPendingCallback
 .text.HAL_CAN_RxFifo1MsgPendingCallback
                0x0000000008007382       0x1a ./CANopenNode_STM32/CO_driver_STM32.o
                0x0000000008007382                HAL_CAN_RxFifo1MsgPendingCallback
 .text.CO_CANinterrupt_TX
                0x000000000800739c       0xa4 ./CANopenNode_STM32/CO_driver_STM32.o
                0x000000000800739c                CO_CANinterrupt_TX
 .text.HAL_CAN_TxMailbox0CompleteCallback
                0x0000000008007440       0x20 ./CANopenNode_STM32/CO_driver_STM32.o
                0x0000000008007440                HAL_CAN_TxMailbox0CompleteCallback
 .text.HAL_CAN_TxMailbox1CompleteCallback
                0x0000000008007460       0x20 ./CANopenNode_STM32/CO_driver_STM32.o
                0x0000000008007460                HAL_CAN_TxMailbox1CompleteCallback
 .text.HAL_CAN_TxMailbox2CompleteCallback
                0x0000000008007480       0x20 ./CANopenNode_STM32/CO_driver_STM32.o
                0x0000000008007480                HAL_CAN_TxMailbox2CompleteCallback
 .text.HAL_TIM_PeriodElapsedCallback
                0x00000000080074a0       0x24 ./Core/Src/main.o
                0x00000000080074a0                HAL_TIM_PeriodElapsedCallback
 .text.main     0x00000000080074c4      0x140 ./Core/Src/main.o
                0x00000000080074c4                main
 .text.SystemClock_Config
                0x0000000008007604       0x8a ./Core/Src/main.o
                0x0000000008007604                SystemClock_Config
 *fill*         0x000000000800768e        0x2 
 .text.MX_CAN_Init
                0x0000000008007690       0x6c ./Core/Src/main.o
 .text.MX_I2C1_Init
                0x00000000080076fc       0x5c ./Core/Src/main.o
 .text.MX_TIM1_Init
                0x0000000008007758       0xa0 ./Core/Src/main.o
 .text.MX_TIM2_Init
                0x00000000080077f8       0x98 ./Core/Src/main.o
 .text.MX_TIM3_Init
                0x0000000008007890       0x9c ./Core/Src/main.o
 .text.MX_TIM4_Init
                0x000000000800792c       0x9c ./Core/Src/main.o
 .text.MX_USART1_UART_Init
                0x00000000080079c8       0x54 ./Core/Src/main.o
 .text.MX_USART2_UART_Init
                0x0000000008007a1c       0x54 ./Core/Src/main.o
 .text.MX_DMA_Init
                0x0000000008007a70       0x4c ./Core/Src/main.o
 .text.MX_GPIO_Init
                0x0000000008007abc       0xf0 ./Core/Src/main.o
 .text.Error_Handler
                0x0000000008007bac        0xa ./Core/Src/main.o
                0x0000000008007bac                Error_Handler
 *fill*         0x0000000008007bb6        0x2 
 .text.HAL_MspInit
                0x0000000008007bb8       0x64 ./Core/Src/stm32f1xx_hal_msp.o
                0x0000000008007bb8                HAL_MspInit
 .text.HAL_CAN_MspInit
                0x0000000008007c1c      0x100 ./Core/Src/stm32f1xx_hal_msp.o
                0x0000000008007c1c                HAL_CAN_MspInit
 .text.HAL_I2C_MspInit
                0x0000000008007d1c       0x7c ./Core/Src/stm32f1xx_hal_msp.o
                0x0000000008007d1c                HAL_I2C_MspInit
 .text.HAL_TIM_Base_MspInit
                0x0000000008007d98       0xc0 ./Core/Src/stm32f1xx_hal_msp.o
                0x0000000008007d98                HAL_TIM_Base_MspInit
 .text.HAL_UART_MspInit
                0x0000000008007e58      0x1c4 ./Core/Src/stm32f1xx_hal_msp.o
                0x0000000008007e58                HAL_UART_MspInit
 .text.NMI_Handler
                0x000000000800801c        0x6 ./Core/Src/stm32f1xx_it.o
                0x000000000800801c                NMI_Handler
 .text.HardFault_Handler
                0x0000000008008022        0x6 ./Core/Src/stm32f1xx_it.o
                0x0000000008008022                HardFault_Handler
 .text.MemManage_Handler
                0x0000000008008028        0x6 ./Core/Src/stm32f1xx_it.o
                0x0000000008008028                MemManage_Handler
 .text.BusFault_Handler
                0x000000000800802e        0x6 ./Core/Src/stm32f1xx_it.o
                0x000000000800802e                BusFault_Handler
 .text.UsageFault_Handler
                0x0000000008008034        0x6 ./Core/Src/stm32f1xx_it.o
                0x0000000008008034                UsageFault_Handler
 .text.SVC_Handler
                0x000000000800803a        0xc ./Core/Src/stm32f1xx_it.o
                0x000000000800803a                SVC_Handler
 .text.DebugMon_Handler
                0x0000000008008046        0xc ./Core/Src/stm32f1xx_it.o
                0x0000000008008046                DebugMon_Handler
 .text.PendSV_Handler
                0x0000000008008052        0xc ./Core/Src/stm32f1xx_it.o
                0x0000000008008052                PendSV_Handler
 .text.SysTick_Handler
                0x000000000800805e        0xc ./Core/Src/stm32f1xx_it.o
                0x000000000800805e                SysTick_Handler
 *fill*         0x000000000800806a        0x2 
 .text.DMA1_Channel4_IRQHandler
                0x000000000800806c       0x14 ./Core/Src/stm32f1xx_it.o
                0x000000000800806c                DMA1_Channel4_IRQHandler
 .text.DMA1_Channel5_IRQHandler
                0x0000000008008080       0x14 ./Core/Src/stm32f1xx_it.o
                0x0000000008008080                DMA1_Channel5_IRQHandler
 .text.USB_HP_CAN1_TX_IRQHandler
                0x0000000008008094       0x14 ./Core/Src/stm32f1xx_it.o
                0x0000000008008094                USB_HP_CAN1_TX_IRQHandler
 .text.USB_LP_CAN1_RX0_IRQHandler
                0x00000000080080a8       0x14 ./Core/Src/stm32f1xx_it.o
                0x00000000080080a8                USB_LP_CAN1_RX0_IRQHandler
 .text.CAN1_RX1_IRQHandler
                0x00000000080080bc       0x14 ./Core/Src/stm32f1xx_it.o
                0x00000000080080bc                CAN1_RX1_IRQHandler
 .text.CAN1_SCE_IRQHandler
                0x00000000080080d0       0x14 ./Core/Src/stm32f1xx_it.o
                0x00000000080080d0                CAN1_SCE_IRQHandler
 .text.TIM4_IRQHandler
                0x00000000080080e4       0x14 ./Core/Src/stm32f1xx_it.o
                0x00000000080080e4                TIM4_IRQHandler
 .text.USART1_IRQHandler
                0x00000000080080f8       0x14 ./Core/Src/stm32f1xx_it.o
                0x00000000080080f8                USART1_IRQHandler
 .text._read    0x000000000800810c       0x3a ./Core/Src/syscalls.o
                0x000000000800810c                _read
 .text._write   0x0000000008008146       0x38 ./Core/Src/syscalls.o
                0x0000000008008146                _write
 .text._close   0x000000000800817e       0x16 ./Core/Src/syscalls.o
                0x000000000800817e                _close
 .text._fstat   0x0000000008008194       0x1e ./Core/Src/syscalls.o
                0x0000000008008194                _fstat
 .text._isatty  0x00000000080081b2       0x14 ./Core/Src/syscalls.o
                0x00000000080081b2                _isatty
 .text._lseek   0x00000000080081c6       0x18 ./Core/Src/syscalls.o
                0x00000000080081c6                _lseek
 *fill*         0x00000000080081de        0x2 
 .text._sbrk    0x00000000080081e0       0x6c ./Core/Src/sysmem.o
                0x00000000080081e0                _sbrk
 .text.SystemInit
                0x000000000800824c        0xc ./Core/Src/system_stm32f1xx.o
                0x000000000800824c                SystemInit
 .text.Reset_Handler
                0x0000000008008258       0x48 ./Core/Startup/startup_stm32f103c8tx.o
                0x0000000008008258                Reset_Handler
 .text.Default_Handler
                0x00000000080082a0        0x2 ./Core/Startup/startup_stm32f103c8tx.o
                0x00000000080082a0                RTC_Alarm_IRQHandler
                0x00000000080082a0                EXTI2_IRQHandler
                0x00000000080082a0                TIM1_CC_IRQHandler
                0x00000000080082a0                PVD_IRQHandler
                0x00000000080082a0                EXTI3_IRQHandler
                0x00000000080082a0                EXTI0_IRQHandler
                0x00000000080082a0                I2C2_EV_IRQHandler
                0x00000000080082a0                ADC1_2_IRQHandler
                0x00000000080082a0                SPI1_IRQHandler
                0x00000000080082a0                TAMPER_IRQHandler
                0x00000000080082a0                USART3_IRQHandler
                0x00000000080082a0                RTC_IRQHandler
                0x00000000080082a0                DMA1_Channel7_IRQHandler
                0x00000000080082a0                I2C1_EV_IRQHandler
                0x00000000080082a0                DMA1_Channel6_IRQHandler
                0x00000000080082a0                TIM3_IRQHandler
                0x00000000080082a0                RCC_IRQHandler
                0x00000000080082a0                TIM1_TRG_COM_IRQHandler
                0x00000000080082a0                DMA1_Channel1_IRQHandler
                0x00000000080082a0                Default_Handler
                0x00000000080082a0                EXTI15_10_IRQHandler
                0x00000000080082a0                EXTI9_5_IRQHandler
                0x00000000080082a0                SPI2_IRQHandler
                0x00000000080082a0                EXTI4_IRQHandler
                0x00000000080082a0                DMA1_Channel3_IRQHandler
                0x00000000080082a0                TIM1_UP_IRQHandler
                0x00000000080082a0                WWDG_IRQHandler
                0x00000000080082a0                TIM2_IRQHandler
                0x00000000080082a0                TIM1_BRK_IRQHandler
                0x00000000080082a0                EXTI1_IRQHandler
                0x00000000080082a0                USART2_IRQHandler
                0x00000000080082a0                I2C2_ER_IRQHandler
                0x00000000080082a0                DMA1_Channel2_IRQHandler
                0x00000000080082a0                FLASH_IRQHandler
                0x00000000080082a0                I2C1_ER_IRQHandler
                0x00000000080082a0                USBWakeUp_IRQHandler
 *fill*         0x00000000080082a2        0x2 
 .text.HAL_Init
                0x00000000080082a4       0x2c ./Drivers/STM32F1xx_HAL_Driver/Src/stm32f1xx_hal.o
                0x00000000080082a4                HAL_Init
 .text.HAL_InitTick
                0x00000000080082d0       0x60 ./Drivers/STM32F1xx_HAL_Driver/Src/stm32f1xx_hal.o
                0x00000000080082d0                HAL_InitTick
 .text.HAL_IncTick
                0x0000000008008330       0x24 ./Drivers/STM32F1xx_HAL_Driver/Src/stm32f1xx_hal.o
                0x0000000008008330                HAL_IncTick
 .text.HAL_GetTick
                0x0000000008008354       0x14 ./Drivers/STM32F1xx_HAL_Driver/Src/stm32f1xx_hal.o
                0x0000000008008354                HAL_GetTick
 .text.HAL_Delay
                0x0000000008008368       0x48 ./Drivers/STM32F1xx_HAL_Driver/Src/stm32f1xx_hal.o
                0x0000000008008368                HAL_Delay
 .text.HAL_CAN_Init
                0x00000000080083b0      0x28c ./Drivers/STM32F1xx_HAL_Driver/Src/stm32f1xx_hal_can.o
                0x00000000080083b0                HAL_CAN_Init
 .text.HAL_CAN_ConfigFilter
                0x000000000800863c      0x192 ./Drivers/STM32F1xx_HAL_Driver/Src/stm32f1xx_hal_can.o
                0x000000000800863c                HAL_CAN_ConfigFilter
 .text.HAL_CAN_Start
                0x00000000080087ce       0x88 ./Drivers/STM32F1xx_HAL_Driver/Src/stm32f1xx_hal_can.o
                0x00000000080087ce                HAL_CAN_Start
 .text.HAL_CAN_Stop
                0x0000000008008856       0x92 ./Drivers/STM32F1xx_HAL_Driver/Src/stm32f1xx_hal_can.o
                0x0000000008008856                HAL_CAN_Stop
 .text.HAL_CAN_AddTxMessage
                0x00000000080088e8      0x1b4 ./Drivers/STM32F1xx_HAL_Driver/Src/stm32f1xx_hal_can.o
                0x00000000080088e8                HAL_CAN_AddTxMessage
 .text.HAL_CAN_GetTxMailboxesFreeLevel
                0x0000000008008a9c       0x68 ./Drivers/STM32F1xx_HAL_Driver/Src/stm32f1xx_hal_can.o
                0x0000000008008a9c                HAL_CAN_GetTxMailboxesFreeLevel
 .text.HAL_CAN_GetRxMessage
                0x0000000008008b04      0x222 ./Drivers/STM32F1xx_HAL_Driver/Src/stm32f1xx_hal_can.o
                0x0000000008008b04                HAL_CAN_GetRxMessage
 .text.HAL_CAN_ActivateNotification
                0x0000000008008d26       0x4a ./Drivers/STM32F1xx_HAL_Driver/Src/stm32f1xx_hal_can.o
                0x0000000008008d26                HAL_CAN_ActivateNotification
 .text.HAL_CAN_IRQHandler
                0x0000000008008d70      0x38a ./Drivers/STM32F1xx_HAL_Driver/Src/stm32f1xx_hal_can.o
                0x0000000008008d70                HAL_CAN_IRQHandler
 .text.HAL_CAN_TxMailbox0AbortCallback
                0x00000000080090fa       0x12 ./Drivers/STM32F1xx_HAL_Driver/Src/stm32f1xx_hal_can.o
                0x00000000080090fa                HAL_CAN_TxMailbox0AbortCallback
 .text.HAL_CAN_TxMailbox1AbortCallback
                0x000000000800910c       0x12 ./Drivers/STM32F1xx_HAL_Driver/Src/stm32f1xx_hal_can.o
                0x000000000800910c                HAL_CAN_TxMailbox1AbortCallback
 .text.HAL_CAN_TxMailbox2AbortCallback
                0x000000000800911e       0x12 ./Drivers/STM32F1xx_HAL_Driver/Src/stm32f1xx_hal_can.o
                0x000000000800911e                HAL_CAN_TxMailbox2AbortCallback
 .text.HAL_CAN_RxFifo0FullCallback
                0x0000000008009130       0x12 ./Drivers/STM32F1xx_HAL_Driver/Src/stm32f1xx_hal_can.o
                0x0000000008009130                HAL_CAN_RxFifo0FullCallback
 .text.HAL_CAN_RxFifo1FullCallback
                0x0000000008009142       0x12 ./Drivers/STM32F1xx_HAL_Driver/Src/stm32f1xx_hal_can.o
                0x0000000008009142                HAL_CAN_RxFifo1FullCallback
 .text.HAL_CAN_SleepCallback
                0x0000000008009154       0x12 ./Drivers/STM32F1xx_HAL_Driver/Src/stm32f1xx_hal_can.o
                0x0000000008009154                HAL_CAN_SleepCallback
 .text.HAL_CAN_WakeUpFromRxMsgCallback
                0x0000000008009166       0x12 ./Drivers/STM32F1xx_HAL_Driver/Src/stm32f1xx_hal_can.o
                0x0000000008009166                HAL_CAN_WakeUpFromRxMsgCallback
 .text.HAL_CAN_ErrorCallback
                0x0000000008009178       0x12 ./Drivers/STM32F1xx_HAL_Driver/Src/stm32f1xx_hal_can.o
                0x0000000008009178                HAL_CAN_ErrorCallback
 *fill*         0x000000000800918a        0x2 
 .text.__NVIC_SetPriorityGrouping
                0x000000000800918c       0x48 ./Drivers/STM32F1xx_HAL_Driver/Src/stm32f1xx_hal_cortex.o
 .text.__NVIC_GetPriorityGrouping
                0x00000000080091d4       0x1c ./Drivers/STM32F1xx_HAL_Driver/Src/stm32f1xx_hal_cortex.o
 .text.__NVIC_EnableIRQ
                0x00000000080091f0       0x38 ./Drivers/STM32F1xx_HAL_Driver/Src/stm32f1xx_hal_cortex.o
 .text.__NVIC_SetPriority
                0x0000000008009228       0x54 ./Drivers/STM32F1xx_HAL_Driver/Src/stm32f1xx_hal_cortex.o
 .text.NVIC_EncodePriority
                0x000000000800927c       0x64 ./Drivers/STM32F1xx_HAL_Driver/Src/stm32f1xx_hal_cortex.o
 .text.__NVIC_SystemReset
                0x00000000080092e0       0x2c ./Drivers/STM32F1xx_HAL_Driver/Src/stm32f1xx_hal_cortex.o
 .text.SysTick_Config
                0x000000000800930c       0x44 ./Drivers/STM32F1xx_HAL_Driver/Src/stm32f1xx_hal_cortex.o
 .text.HAL_NVIC_SetPriorityGrouping
                0x0000000008009350       0x16 ./Drivers/STM32F1xx_HAL_Driver/Src/stm32f1xx_hal_cortex.o
                0x0000000008009350                HAL_NVIC_SetPriorityGrouping
 .text.HAL_NVIC_SetPriority
                0x0000000008009366       0x38 ./Drivers/STM32F1xx_HAL_Driver/Src/stm32f1xx_hal_cortex.o
                0x0000000008009366                HAL_NVIC_SetPriority
 .text.HAL_NVIC_EnableIRQ
                0x000000000800939e       0x1c ./Drivers/STM32F1xx_HAL_Driver/Src/stm32f1xx_hal_cortex.o
                0x000000000800939e                HAL_NVIC_EnableIRQ
 .text.HAL_NVIC_SystemReset
                0x00000000080093ba        0x8 ./Drivers/STM32F1xx_HAL_Driver/Src/stm32f1xx_hal_cortex.o
                0x00000000080093ba                HAL_NVIC_SystemReset
 .text.HAL_SYSTICK_Config
                0x00000000080093c2       0x18 ./Drivers/STM32F1xx_HAL_Driver/Src/stm32f1xx_hal_cortex.o
                0x00000000080093c2                HAL_SYSTICK_Config
 *fill*         0x00000000080093da        0x2 
 .text.HAL_DMA_Init
                0x00000000080093dc       0xb4 ./Drivers/STM32F1xx_HAL_Driver/Src/stm32f1xx_hal_dma.o
                0x00000000080093dc                HAL_DMA_Init
 .text.HAL_DMA_Start_IT
                0x0000000008009490       0xbe ./Drivers/STM32F1xx_HAL_Driver/Src/stm32f1xx_hal_dma.o
                0x0000000008009490                HAL_DMA_Start_IT
 .text.HAL_DMA_Abort
                0x000000000800954e       0x74 ./Drivers/STM32F1xx_HAL_Driver/Src/stm32f1xx_hal_dma.o
                0x000000000800954e                HAL_DMA_Abort
 *fill*         0x00000000080095c2        0x2 
 .text.HAL_DMA_Abort_IT
                0x00000000080095c4       0xec ./Drivers/STM32F1xx_HAL_Driver/Src/stm32f1xx_hal_dma.o
                0x00000000080095c4                HAL_DMA_Abort_IT
 .text.HAL_DMA_IRQHandler
                0x00000000080096b0      0x20c ./Drivers/STM32F1xx_HAL_Driver/Src/stm32f1xx_hal_dma.o
                0x00000000080096b0                HAL_DMA_IRQHandler
 .text.DMA_SetConfig
                0x00000000080098bc       0x5a ./Drivers/STM32F1xx_HAL_Driver/Src/stm32f1xx_hal_dma.o
 *fill*         0x0000000008009916        0x2 
 .text.HAL_GPIO_Init
                0x0000000008009918      0x308 ./Drivers/STM32F1xx_HAL_Driver/Src/stm32f1xx_hal_gpio.o
                0x0000000008009918                HAL_GPIO_Init
 .text.HAL_GPIO_WritePin
                0x0000000008009c20       0x30 ./Drivers/STM32F1xx_HAL_Driver/Src/stm32f1xx_hal_gpio.o
                0x0000000008009c20                HAL_GPIO_WritePin
 .text.HAL_GPIO_TogglePin
                0x0000000008009c50       0x32 ./Drivers/STM32F1xx_HAL_Driver/Src/stm32f1xx_hal_gpio.o
                0x0000000008009c50                HAL_GPIO_TogglePin
 *fill*         0x0000000008009c82        0x2 
 .text.HAL_I2C_Init
                0x0000000008009c84      0x300 ./Drivers/STM32F1xx_HAL_Driver/Src/stm32f1xx_hal_i2c.o
                0x0000000008009c84                HAL_I2C_Init
 .text.HAL_I2C_MasterTxCpltCallback
                0x0000000008009f84       0x12 ./Drivers/STM32F1xx_HAL_Driver/Src/stm32f1xx_hal_i2c.o
                0x0000000008009f84                HAL_I2C_MasterTxCpltCallback
 .text.HAL_I2C_MasterRxCpltCallback
                0x0000000008009f96       0x12 ./Drivers/STM32F1xx_HAL_Driver/Src/stm32f1xx_hal_i2c.o
                0x0000000008009f96                HAL_I2C_MasterRxCpltCallback
 .text.HAL_I2C_SlaveTxCpltCallback
                0x0000000008009fa8       0x12 ./Drivers/STM32F1xx_HAL_Driver/Src/stm32f1xx_hal_i2c.o
                0x0000000008009fa8                HAL_I2C_SlaveTxCpltCallback
 .text.HAL_I2C_SlaveRxCpltCallback
                0x0000000008009fba       0x12 ./Drivers/STM32F1xx_HAL_Driver/Src/stm32f1xx_hal_i2c.o
                0x0000000008009fba                HAL_I2C_SlaveRxCpltCallback
 .text.HAL_I2C_AddrCallback
                0x0000000008009fcc       0x1a ./Drivers/STM32F1xx_HAL_Driver/Src/stm32f1xx_hal_i2c.o
                0x0000000008009fcc                HAL_I2C_AddrCallback
 .text.HAL_I2C_ListenCpltCallback
                0x0000000008009fe6       0x12 ./Drivers/STM32F1xx_HAL_Driver/Src/stm32f1xx_hal_i2c.o
                0x0000000008009fe6                HAL_I2C_ListenCpltCallback
 .text.HAL_I2C_MemTxCpltCallback
                0x0000000008009ff8       0x12 ./Drivers/STM32F1xx_HAL_Driver/Src/stm32f1xx_hal_i2c.o
                0x0000000008009ff8                HAL_I2C_MemTxCpltCallback
 .text.HAL_I2C_MemRxCpltCallback
                0x000000000800a00a       0x12 ./Drivers/STM32F1xx_HAL_Driver/Src/stm32f1xx_hal_i2c.o
                0x000000000800a00a                HAL_I2C_MemRxCpltCallback
 .text.HAL_I2C_ErrorCallback
                0x000000000800a01c       0x12 ./Drivers/STM32F1xx_HAL_Driver/Src/stm32f1xx_hal_i2c.o
                0x000000000800a01c                HAL_I2C_ErrorCallback
 .text.HAL_I2C_AbortCpltCallback
                0x000000000800a02e       0x12 ./Drivers/STM32F1xx_HAL_Driver/Src/stm32f1xx_hal_i2c.o
                0x000000000800a02e                HAL_I2C_AbortCpltCallback
 .text.HAL_RCC_OscConfig
                0x000000000800a040      0x504 ./Drivers/STM32F1xx_HAL_Driver/Src/stm32f1xx_hal_rcc.o
                0x000000000800a040                HAL_RCC_OscConfig
 .text.HAL_RCC_ClockConfig
                0x000000000800a544      0x1d4 ./Drivers/STM32F1xx_HAL_Driver/Src/stm32f1xx_hal_rcc.o
                0x000000000800a544                HAL_RCC_ClockConfig
 .text.HAL_RCC_GetSysClockFreq
                0x000000000800a718       0xbc ./Drivers/STM32F1xx_HAL_Driver/Src/stm32f1xx_hal_rcc.o
                0x000000000800a718                HAL_RCC_GetSysClockFreq
 .text.HAL_RCC_GetHCLKFreq
                0x000000000800a7d4       0x14 ./Drivers/STM32F1xx_HAL_Driver/Src/stm32f1xx_hal_rcc.o
                0x000000000800a7d4                HAL_RCC_GetHCLKFreq
 .text.HAL_RCC_GetPCLK1Freq
                0x000000000800a7e8       0x28 ./Drivers/STM32F1xx_HAL_Driver/Src/stm32f1xx_hal_rcc.o
                0x000000000800a7e8                HAL_RCC_GetPCLK1Freq
 .text.HAL_RCC_GetPCLK2Freq
                0x000000000800a810       0x28 ./Drivers/STM32F1xx_HAL_Driver/Src/stm32f1xx_hal_rcc.o
                0x000000000800a810                HAL_RCC_GetPCLK2Freq
 .text.RCC_Delay
                0x000000000800a838       0x3c ./Drivers/STM32F1xx_HAL_Driver/Src/stm32f1xx_hal_rcc.o
 .text.HAL_TIM_Base_Init
                0x000000000800a874       0xb8 ./Drivers/STM32F1xx_HAL_Driver/Src/stm32f1xx_hal_tim.o
                0x000000000800a874                HAL_TIM_Base_Init
 .text.HAL_TIM_Base_Start_IT
                0x000000000800a92c       0xa4 ./Drivers/STM32F1xx_HAL_Driver/Src/stm32f1xx_hal_tim.o
                0x000000000800a92c                HAL_TIM_Base_Start_IT
 .text.HAL_TIM_Base_Stop_IT
                0x000000000800a9d0       0x5c ./Drivers/STM32F1xx_HAL_Driver/Src/stm32f1xx_hal_tim.o
                0x000000000800a9d0                HAL_TIM_Base_Stop_IT
 .text.HAL_TIM_IRQHandler
                0x000000000800aa2c      0x250 ./Drivers/STM32F1xx_HAL_Driver/Src/stm32f1xx_hal_tim.o
                0x000000000800aa2c                HAL_TIM_IRQHandler
 .text.HAL_TIM_ConfigClockSource
                0x000000000800ac7c      0x188 ./Drivers/STM32F1xx_HAL_Driver/Src/stm32f1xx_hal_tim.o
                0x000000000800ac7c                HAL_TIM_ConfigClockSource
 .text.HAL_TIM_PeriodElapsedHalfCpltCallback
                0x000000000800ae04       0x12 ./Drivers/STM32F1xx_HAL_Driver/Src/stm32f1xx_hal_tim.o
                0x000000000800ae04                HAL_TIM_PeriodElapsedHalfCpltCallback
 .text.HAL_TIM_OC_DelayElapsedCallback
                0x000000000800ae16       0x12 ./Drivers/STM32F1xx_HAL_Driver/Src/stm32f1xx_hal_tim.o
                0x000000000800ae16                HAL_TIM_OC_DelayElapsedCallback
 .text.HAL_TIM_IC_CaptureCallback
                0x000000000800ae28       0x12 ./Drivers/STM32F1xx_HAL_Driver/Src/stm32f1xx_hal_tim.o
                0x000000000800ae28                HAL_TIM_IC_CaptureCallback
 .text.HAL_TIM_IC_CaptureHalfCpltCallback
                0x000000000800ae3a       0x12 ./Drivers/STM32F1xx_HAL_Driver/Src/stm32f1xx_hal_tim.o
                0x000000000800ae3a                HAL_TIM_IC_CaptureHalfCpltCallback
 .text.HAL_TIM_PWM_PulseFinishedCallback
                0x000000000800ae4c       0x12 ./Drivers/STM32F1xx_HAL_Driver/Src/stm32f1xx_hal_tim.o
                0x000000000800ae4c                HAL_TIM_PWM_PulseFinishedCallback
 .text.HAL_TIM_PWM_PulseFinishedHalfCpltCallback
                0x000000000800ae5e       0x12 ./Drivers/STM32F1xx_HAL_Driver/Src/stm32f1xx_hal_tim.o
                0x000000000800ae5e                HAL_TIM_PWM_PulseFinishedHalfCpltCallback
 .text.HAL_TIM_TriggerCallback
                0x000000000800ae70       0x12 ./Drivers/STM32F1xx_HAL_Driver/Src/stm32f1xx_hal_tim.o
                0x000000000800ae70                HAL_TIM_TriggerCallback
 .text.HAL_TIM_TriggerHalfCpltCallback
                0x000000000800ae82       0x12 ./Drivers/STM32F1xx_HAL_Driver/Src/stm32f1xx_hal_tim.o
                0x000000000800ae82                HAL_TIM_TriggerHalfCpltCallback
 .text.HAL_TIM_ErrorCallback
                0x000000000800ae94       0x12 ./Drivers/STM32F1xx_HAL_Driver/Src/stm32f1xx_hal_tim.o
                0x000000000800ae94                HAL_TIM_ErrorCallback
 *fill*         0x000000000800aea6        0x2 
 .text.TIM_Base_SetConfig
                0x000000000800aea8       0xc4 ./Drivers/STM32F1xx_HAL_Driver/Src/stm32f1xx_hal_tim.o
                0x000000000800aea8                TIM_Base_SetConfig
 .text.TIM_TI1_ConfigInputStage
                0x000000000800af6c       0x5c ./Drivers/STM32F1xx_HAL_Driver/Src/stm32f1xx_hal_tim.o
 .text.TIM_TI2_ConfigInputStage
                0x000000000800afc8       0x5e ./Drivers/STM32F1xx_HAL_Driver/Src/stm32f1xx_hal_tim.o
 .text.TIM_ITRx_SetConfig
                0x000000000800b026       0x34 ./Drivers/STM32F1xx_HAL_Driver/Src/stm32f1xx_hal_tim.o
 .text.TIM_ETR_SetConfig
                0x000000000800b05a       0x3e ./Drivers/STM32F1xx_HAL_Driver/Src/stm32f1xx_hal_tim.o
                0x000000000800b05a                TIM_ETR_SetConfig
 .text.TIM_ResetCallback
                0x000000000800b098       0xb0 ./Drivers/STM32F1xx_HAL_Driver/Src/stm32f1xx_hal_tim.o
                0x000000000800b098                TIM_ResetCallback
 .text.HAL_TIMEx_MasterConfigSynchronization
                0x000000000800b148       0xbc ./Drivers/STM32F1xx_HAL_Driver/Src/stm32f1xx_hal_tim_ex.o
                0x000000000800b148                HAL_TIMEx_MasterConfigSynchronization
 .text.HAL_TIMEx_CommutCallback
                0x000000000800b204       0x12 ./Drivers/STM32F1xx_HAL_Driver/Src/stm32f1xx_hal_tim_ex.o
                0x000000000800b204                HAL_TIMEx_CommutCallback
 .text.HAL_TIMEx_CommutHalfCpltCallback
                0x000000000800b216       0x12 ./Drivers/STM32F1xx_HAL_Driver/Src/stm32f1xx_hal_tim_ex.o
                0x000000000800b216                HAL_TIMEx_CommutHalfCpltCallback
 .text.HAL_TIMEx_BreakCallback
                0x000000000800b228       0x12 ./Drivers/STM32F1xx_HAL_Driver/Src/stm32f1xx_hal_tim_ex.o
                0x000000000800b228                HAL_TIMEx_BreakCallback
 *fill*         0x000000000800b23a        0x2 
 .text.HAL_UART_Init
                0x000000000800b23c       0xb4 ./Drivers/STM32F1xx_HAL_Driver/Src/stm32f1xx_hal_uart.o
                0x000000000800b23c                HAL_UART_Init
 .text.HAL_UART_Transmit_DMA
                0x000000000800b2f0       0xd8 ./Drivers/STM32F1xx_HAL_Driver/Src/stm32f1xx_hal_uart.o
                0x000000000800b2f0                HAL_UART_Transmit_DMA
 .text.HAL_UART_IRQHandler
                0x000000000800b3c8      0x360 ./Drivers/STM32F1xx_HAL_Driver/Src/stm32f1xx_hal_uart.o
                0x000000000800b3c8                HAL_UART_IRQHandler
 .text.HAL_UART_TxCpltCallback
                0x000000000800b728       0x12 ./Drivers/STM32F1xx_HAL_Driver/Src/stm32f1xx_hal_uart.o
                0x000000000800b728                HAL_UART_TxCpltCallback
 .text.HAL_UART_TxHalfCpltCallback
                0x000000000800b73a       0x12 ./Drivers/STM32F1xx_HAL_Driver/Src/stm32f1xx_hal_uart.o
                0x000000000800b73a                HAL_UART_TxHalfCpltCallback
 .text.HAL_UART_RxCpltCallback
                0x000000000800b74c       0x12 ./Drivers/STM32F1xx_HAL_Driver/Src/stm32f1xx_hal_uart.o
                0x000000000800b74c                HAL_UART_RxCpltCallback
 .text.HAL_UART_RxHalfCpltCallback
                0x000000000800b75e       0x12 ./Drivers/STM32F1xx_HAL_Driver/Src/stm32f1xx_hal_uart.o
                0x000000000800b75e                HAL_UART_RxHalfCpltCallback
 .text.HAL_UART_ErrorCallback
                0x000000000800b770       0x12 ./Drivers/STM32F1xx_HAL_Driver/Src/stm32f1xx_hal_uart.o
                0x000000000800b770                HAL_UART_ErrorCallback
 .text.HAL_UART_AbortCpltCallback
                0x000000000800b782       0x12 ./Drivers/STM32F1xx_HAL_Driver/Src/stm32f1xx_hal_uart.o
                0x000000000800b782                HAL_UART_AbortCpltCallback
 .text.HAL_UART_AbortTransmitCpltCallback
                0x000000000800b794       0x12 ./Drivers/STM32F1xx_HAL_Driver/Src/stm32f1xx_hal_uart.o
                0x000000000800b794                HAL_UART_AbortTransmitCpltCallback
 .text.HAL_UART_AbortReceiveCpltCallback
                0x000000000800b7a6       0x12 ./Drivers/STM32F1xx_HAL_Driver/Src/stm32f1xx_hal_uart.o
                0x000000000800b7a6                HAL_UART_AbortReceiveCpltCallback
 .text.HAL_UARTEx_RxEventCallback
                0x000000000800b7b8       0x16 ./Drivers/STM32F1xx_HAL_Driver/Src/stm32f1xx_hal_uart.o
                0x000000000800b7b8                HAL_UARTEx_RxEventCallback
 *fill*         0x000000000800b7ce        0x2 
 .text.UART_InitCallbacksToDefault
                0x000000000800b7d0       0x6c ./Drivers/STM32F1xx_HAL_Driver/Src/stm32f1xx_hal_uart.o
                0x000000000800b7d0                UART_InitCallbacksToDefault
 .text.UART_DMATransmitCplt
                0x000000000800b83c       0x54 ./Drivers/STM32F1xx_HAL_Driver/Src/stm32f1xx_hal_uart.o
 .text.UART_DMATxHalfCplt
                0x000000000800b890       0x1e ./Drivers/STM32F1xx_HAL_Driver/Src/stm32f1xx_hal_uart.o
 .text.UART_DMAError
                0x000000000800b8ae       0x96 ./Drivers/STM32F1xx_HAL_Driver/Src/stm32f1xx_hal_uart.o
 .text.UART_EndTxTransfer
                0x000000000800b944       0x2a ./Drivers/STM32F1xx_HAL_Driver/Src/stm32f1xx_hal_uart.o
 .text.UART_EndRxTransfer
                0x000000000800b96e       0x58 ./Drivers/STM32F1xx_HAL_Driver/Src/stm32f1xx_hal_uart.o
 .text.UART_DMAAbortOnError
                0x000000000800b9c6       0x2a ./Drivers/STM32F1xx_HAL_Driver/Src/stm32f1xx_hal_uart.o
 .text.UART_Transmit_IT
                0x000000000800b9f0       0x9e ./Drivers/STM32F1xx_HAL_Driver/Src/stm32f1xx_hal_uart.o
 .text.UART_EndTransmit_IT
                0x000000000800ba8e       0x32 ./Drivers/STM32F1xx_HAL_Driver/Src/stm32f1xx_hal_uart.o
 .text.UART_Receive_IT
                0x000000000800bac0      0x156 ./Drivers/STM32F1xx_HAL_Driver/Src/stm32f1xx_hal_uart.o
 *fill*         0x000000000800bc16        0x2 
 .text.UART_SetConfig
                0x000000000800bc18      0x11c ./Drivers/STM32F1xx_HAL_Driver/Src/stm32f1xx_hal_uart.o
 .text.calloc   0x000000000800bd34       0x10 C:/ST/STM32CubeIDE_1.13.0/STM32CubeIDE/plugins/com.st.stm32cube.ide.mcu.externaltools.gnu-tools-for-stm32.11.3.rel1.win32_1.1.0.202305231506/tools/bin/../lib/gcc/arm-none-eabi/11.3.1/../../../../arm-none-eabi/lib/thumb/v7-m/nofp\libc_nano.a(libc_a-calloc.o)
                0x000000000800bd34                calloc
 .text._calloc_r
                0x000000000800bd44       0x28 C:/ST/STM32CubeIDE_1.13.0/STM32CubeIDE/plugins/com.st.stm32cube.ide.mcu.externaltools.gnu-tools-for-stm32.11.3.rel1.win32_1.1.0.202305231506/tools/bin/../lib/gcc/arm-none-eabi/11.3.1/../../../../arm-none-eabi/lib/thumb/v7-m/nofp\libc_nano.a(libc_a-callocr.o)
                0x000000000800bd44                _calloc_r
 .text.free     0x000000000800bd6c       0x10 C:/ST/STM32CubeIDE_1.13.0/STM32CubeIDE/plugins/com.st.stm32cube.ide.mcu.externaltools.gnu-tools-for-stm32.11.3.rel1.win32_1.1.0.202305231506/tools/bin/../lib/gcc/arm-none-eabi/11.3.1/../../../../arm-none-eabi/lib/thumb/v7-m/nofp\libc_nano.a(libc_a-malloc.o)
                0x000000000800bd6c                free
 .text.sbrk_aligned
                0x000000000800bd7c       0x40 C:/ST/STM32CubeIDE_1.13.0/STM32CubeIDE/plugins/com.st.stm32cube.ide.mcu.externaltools.gnu-tools-for-stm32.11.3.rel1.win32_1.1.0.202305231506/tools/bin/../lib/gcc/arm-none-eabi/11.3.1/../../../../arm-none-eabi/lib/thumb/v7-m/nofp\libc_nano.a(libc_a-mallocr.o)
 .text._malloc_r
                0x000000000800bdbc      0x100 C:/ST/STM32CubeIDE_1.13.0/STM32CubeIDE/plugins/com.st.stm32cube.ide.mcu.externaltools.gnu-tools-for-stm32.11.3.rel1.win32_1.1.0.202305231506/tools/bin/../lib/gcc/arm-none-eabi/11.3.1/../../../../arm-none-eabi/lib/thumb/v7-m/nofp\libc_nano.a(libc_a-mallocr.o)
                0x000000000800bdbc                _malloc_r
 .text.__malloc_lock
                0x000000000800bebc        0xc C:/ST/STM32CubeIDE_1.13.0/STM32CubeIDE/plugins/com.st.stm32cube.ide.mcu.externaltools.gnu-tools-for-stm32.11.3.rel1.win32_1.1.0.202305231506/tools/bin/../lib/gcc/arm-none-eabi/11.3.1/../../../../arm-none-eabi/lib/thumb/v7-m/nofp\libc_nano.a(libc_a-mlock.o)
                0x000000000800bebc                __malloc_lock
 .text.__malloc_unlock
                0x000000000800bec8        0xc C:/ST/STM32CubeIDE_1.13.0/STM32CubeIDE/plugins/com.st.stm32cube.ide.mcu.externaltools.gnu-tools-for-stm32.11.3.rel1.win32_1.1.0.202305231506/tools/bin/../lib/gcc/arm-none-eabi/11.3.1/../../../../arm-none-eabi/lib/thumb/v7-m/nofp\libc_nano.a(libc_a-mlock.o)
                0x000000000800bec8                __malloc_unlock
 .text.__sflush_r
                0x000000000800bed4      0x104 C:/ST/STM32CubeIDE_1.13.0/STM32CubeIDE/plugins/com.st.stm32cube.ide.mcu.externaltools.gnu-tools-for-stm32.11.3.rel1.win32_1.1.0.202305231506/tools/bin/../lib/gcc/arm-none-eabi/11.3.1/../../../../arm-none-eabi/lib/thumb/v7-m/nofp\libc_nano.a(libc_a-fflush.o)
                0x000000000800bed4                __sflush_r
 .text._fflush_r
                0x000000000800bfd8       0x50 C:/ST/STM32CubeIDE_1.13.0/STM32CubeIDE/plugins/com.st.stm32cube.ide.mcu.externaltools.gnu-tools-for-stm32.11.3.rel1.win32_1.1.0.202305231506/tools/bin/../lib/gcc/arm-none-eabi/11.3.1/../../../../arm-none-eabi/lib/thumb/v7-m/nofp\libc_nano.a(libc_a-fflush.o)
                0x000000000800bfd8                _fflush_r
 .text.fflush   0x000000000800c028       0x28 C:/ST/STM32CubeIDE_1.13.0/STM32CubeIDE/plugins/com.st.stm32cube.ide.mcu.externaltools.gnu-tools-for-stm32.11.3.rel1.win32_1.1.0.202305231506/tools/bin/../lib/gcc/arm-none-eabi/11.3.1/../../../../arm-none-eabi/lib/thumb/v7-m/nofp\libc_nano.a(libc_a-fflush.o)
                0x000000000800c028                fflush
 .text.std      0x000000000800c050       0x48 C:/ST/STM32CubeIDE_1.13.0/STM32CubeIDE/plugins/com.st.stm32cube.ide.mcu.externaltools.gnu-tools-for-stm32.11.3.rel1.win32_1.1.0.202305231506/tools/bin/../lib/gcc/arm-none-eabi/11.3.1/../../../../arm-none-eabi/lib/thumb/v7-m/nofp\libc_nano.a(libc_a-findfp.o)
 .text.stdio_exit_handler
                0x000000000800c098       0x18 C:/ST/STM32CubeIDE_1.13.0/STM32CubeIDE/plugins/com.st.stm32cube.ide.mcu.externaltools.gnu-tools-for-stm32.11.3.rel1.win32_1.1.0.202305231506/tools/bin/../lib/gcc/arm-none-eabi/11.3.1/../../../../arm-none-eabi/lib/thumb/v7-m/nofp\libc_nano.a(libc_a-findfp.o)
 .text.cleanup_stdio
                0x000000000800c0b0       0x40 C:/ST/STM32CubeIDE_1.13.0/STM32CubeIDE/plugins/com.st.stm32cube.ide.mcu.externaltools.gnu-tools-for-stm32.11.3.rel1.win32_1.1.0.202305231506/tools/bin/../lib/gcc/arm-none-eabi/11.3.1/../../../../arm-none-eabi/lib/thumb/v7-m/nofp\libc_nano.a(libc_a-findfp.o)
 .text.global_stdio_init.part.0
                0x000000000800c0f0       0x3c C:/ST/STM32CubeIDE_1.13.0/STM32CubeIDE/plugins/com.st.stm32cube.ide.mcu.externaltools.gnu-tools-for-stm32.11.3.rel1.win32_1.1.0.202305231506/tools/bin/../lib/gcc/arm-none-eabi/11.3.1/../../../../arm-none-eabi/lib/thumb/v7-m/nofp\libc_nano.a(libc_a-findfp.o)
 .text.__sfp_lock_acquire
                0x000000000800c12c        0xc C:/ST/STM32CubeIDE_1.13.0/STM32CubeIDE/plugins/com.st.stm32cube.ide.mcu.externaltools.gnu-tools-for-stm32.11.3.rel1.win32_1.1.0.202305231506/tools/bin/../lib/gcc/arm-none-eabi/11.3.1/../../../../arm-none-eabi/lib/thumb/v7-m/nofp\libc_nano.a(libc_a-findfp.o)
                0x000000000800c12c                __sfp_lock_acquire
 .text.__sfp_lock_release
                0x000000000800c138        0xc C:/ST/STM32CubeIDE_1.13.0/STM32CubeIDE/plugins/com.st.stm32cube.ide.mcu.externaltools.gnu-tools-for-stm32.11.3.rel1.win32_1.1.0.202305231506/tools/bin/../lib/gcc/arm-none-eabi/11.3.1/../../../../arm-none-eabi/lib/thumb/v7-m/nofp\libc_nano.a(libc_a-findfp.o)
                0x000000000800c138                __sfp_lock_release
 .text.__sinit  0x000000000800c144       0x30 C:/ST/STM32CubeIDE_1.13.0/STM32CubeIDE/plugins/com.st.stm32cube.ide.mcu.externaltools.gnu-tools-for-stm32.11.3.rel1.win32_1.1.0.202305231506/tools/bin/../lib/gcc/arm-none-eabi/11.3.1/../../../../arm-none-eabi/lib/thumb/v7-m/nofp\libc_nano.a(libc_a-findfp.o)
                0x000000000800c144                __sinit
 .text._fwalk_sglue
                0x000000000800c174       0x3c C:/ST/STM32CubeIDE_1.13.0/STM32CubeIDE/plugins/com.st.stm32cube.ide.mcu.externaltools.gnu-tools-for-stm32.11.3.rel1.win32_1.1.0.202305231506/tools/bin/../lib/gcc/arm-none-eabi/11.3.1/../../../../arm-none-eabi/lib/thumb/v7-m/nofp\libc_nano.a(libc_a-fwalk.o)
                0x000000000800c174                _fwalk_sglue
 .text.printf   0x000000000800c1b0       0x24 C:/ST/STM32CubeIDE_1.13.0/STM32CubeIDE/plugins/com.st.stm32cube.ide.mcu.externaltools.gnu-tools-for-stm32.11.3.rel1.win32_1.1.0.202305231506/tools/bin/../lib/gcc/arm-none-eabi/11.3.1/../../../../arm-none-eabi/lib/thumb/v7-m/nofp\libc_nano.a(libc_a-printf.o)
                0x000000000800c1b0                iprintf
                0x000000000800c1b0                printf
 .text._puts_r  0x000000000800c1d4       0xa8 C:/ST/STM32CubeIDE_1.13.0/STM32CubeIDE/plugins/com.st.stm32cube.ide.mcu.externaltools.gnu-tools-for-stm32.11.3.rel1.win32_1.1.0.202305231506/tools/bin/../lib/gcc/arm-none-eabi/11.3.1/../../../../arm-none-eabi/lib/thumb/v7-m/nofp\libc_nano.a(libc_a-puts.o)
                0x000000000800c1d4                _puts_r
 .text.puts     0x000000000800c27c       0x10 C:/ST/STM32CubeIDE_1.13.0/STM32CubeIDE/plugins/com.st.stm32cube.ide.mcu.externaltools.gnu-tools-for-stm32.11.3.rel1.win32_1.1.0.202305231506/tools/bin/../lib/gcc/arm-none-eabi/11.3.1/../../../../arm-none-eabi/lib/thumb/v7-m/nofp\libc_nano.a(libc_a-puts.o)
                0x000000000800c27c                puts
 .text.__sread  0x000000000800c28c       0x22 C:/ST/STM32CubeIDE_1.13.0/STM32CubeIDE/plugins/com.st.stm32cube.ide.mcu.externaltools.gnu-tools-for-stm32.11.3.rel1.win32_1.1.0.202305231506/tools/bin/../lib/gcc/arm-none-eabi/11.3.1/../../../../arm-none-eabi/lib/thumb/v7-m/nofp\libc_nano.a(libc_a-stdio.o)
                0x000000000800c28c                __sread
 .text.__swrite
                0x000000000800c2ae       0x38 C:/ST/STM32CubeIDE_1.13.0/STM32CubeIDE/plugins/com.st.stm32cube.ide.mcu.externaltools.gnu-tools-for-stm32.11.3.rel1.win32_1.1.0.202305231506/tools/bin/../lib/gcc/arm-none-eabi/11.3.1/../../../../arm-none-eabi/lib/thumb/v7-m/nofp\libc_nano.a(libc_a-stdio.o)
                0x000000000800c2ae                __swrite
 .text.__sseek  0x000000000800c2e6       0x24 C:/ST/STM32CubeIDE_1.13.0/STM32CubeIDE/plugins/com.st.stm32cube.ide.mcu.externaltools.gnu-tools-for-stm32.11.3.rel1.win32_1.1.0.202305231506/tools/bin/../lib/gcc/arm-none-eabi/11.3.1/../../../../arm-none-eabi/lib/thumb/v7-m/nofp\libc_nano.a(libc_a-stdio.o)
                0x000000000800c2e6                __sseek
 .text.__sclose
                0x000000000800c30a        0x8 C:/ST/STM32CubeIDE_1.13.0/STM32CubeIDE/plugins/com.st.stm32cube.ide.mcu.externaltools.gnu-tools-for-stm32.11.3.rel1.win32_1.1.0.202305231506/tools/bin/../lib/gcc/arm-none-eabi/11.3.1/../../../../arm-none-eabi/lib/thumb/v7-m/nofp\libc_nano.a(libc_a-stdio.o)
                0x000000000800c30a                __sclose
 .text.__swbuf_r
                0x000000000800c312       0x7a C:/ST/STM32CubeIDE_1.13.0/STM32CubeIDE/plugins/com.st.stm32cube.ide.mcu.externaltools.gnu-tools-for-stm32.11.3.rel1.win32_1.1.0.202305231506/tools/bin/../lib/gcc/arm-none-eabi/11.3.1/../../../../arm-none-eabi/lib/thumb/v7-m/nofp\libc_nano.a(libc_a-wbuf.o)
                0x000000000800c312                __swbuf_r
 .text.__swsetup_r
                0x000000000800c38c       0xb0 C:/ST/STM32CubeIDE_1.13.0/STM32CubeIDE/plugins/com.st.stm32cube.ide.mcu.externaltools.gnu-tools-for-stm32.11.3.rel1.win32_1.1.0.202305231506/tools/bin/../lib/gcc/arm-none-eabi/11.3.1/../../../../arm-none-eabi/lib/thumb/v7-m/nofp\libc_nano.a(libc_a-wsetup.o)
                0x000000000800c38c                __swsetup_r
 .text.memmove  0x000000000800c43c       0x34 C:/ST/STM32CubeIDE_1.13.0/STM32CubeIDE/plugins/com.st.stm32cube.ide.mcu.externaltools.gnu-tools-for-stm32.11.3.rel1.win32_1.1.0.202305231506/tools/bin/../lib/gcc/arm-none-eabi/11.3.1/../../../../arm-none-eabi/lib/thumb/v7-m/nofp\libc_nano.a(libc_a-memmove.o)
                0x000000000800c43c                memmove
 .text.memset   0x000000000800c470       0x10 C:/ST/STM32CubeIDE_1.13.0/STM32CubeIDE/plugins/com.st.stm32cube.ide.mcu.externaltools.gnu-tools-for-stm32.11.3.rel1.win32_1.1.0.202305231506/tools/bin/../lib/gcc/arm-none-eabi/11.3.1/../../../../arm-none-eabi/lib/thumb/v7-m/nofp\libc_nano.a(libc_a-memset.o)
                0x000000000800c470                memset
 .text._close_r
                0x000000000800c480       0x20 C:/ST/STM32CubeIDE_1.13.0/STM32CubeIDE/plugins/com.st.stm32cube.ide.mcu.externaltools.gnu-tools-for-stm32.11.3.rel1.win32_1.1.0.202305231506/tools/bin/../lib/gcc/arm-none-eabi/11.3.1/../../../../arm-none-eabi/lib/thumb/v7-m/nofp\libc_nano.a(libc_a-closer.o)
                0x000000000800c480                _close_r
 .text._lseek_r
                0x000000000800c4a0       0x24 C:/ST/STM32CubeIDE_1.13.0/STM32CubeIDE/plugins/com.st.stm32cube.ide.mcu.externaltools.gnu-tools-for-stm32.11.3.rel1.win32_1.1.0.202305231506/tools/bin/../lib/gcc/arm-none-eabi/11.3.1/../../../../arm-none-eabi/lib/thumb/v7-m/nofp\libc_nano.a(libc_a-lseekr.o)
                0x000000000800c4a0                _lseek_r
 .text._read_r  0x000000000800c4c4       0x24 C:/ST/STM32CubeIDE_1.13.0/STM32CubeIDE/plugins/com.st.stm32cube.ide.mcu.externaltools.gnu-tools-for-stm32.11.3.rel1.win32_1.1.0.202305231506/tools/bin/../lib/gcc/arm-none-eabi/11.3.1/../../../../arm-none-eabi/lib/thumb/v7-m/nofp\libc_nano.a(libc_a-readr.o)
                0x000000000800c4c4                _read_r
 .text._sbrk_r  0x000000000800c4e8       0x20 C:/ST/STM32CubeIDE_1.13.0/STM32CubeIDE/plugins/com.st.stm32cube.ide.mcu.externaltools.gnu-tools-for-stm32.11.3.rel1.win32_1.1.0.202305231506/tools/bin/../lib/gcc/arm-none-eabi/11.3.1/../../../../arm-none-eabi/lib/thumb/v7-m/nofp\libc_nano.a(libc_a-sbrkr.o)
                0x000000000800c4e8                _sbrk_r
 .text._write_r
                0x000000000800c508       0x24 C:/ST/STM32CubeIDE_1.13.0/STM32CubeIDE/plugins/com.st.stm32cube.ide.mcu.externaltools.gnu-tools-for-stm32.11.3.rel1.win32_1.1.0.202305231506/tools/bin/../lib/gcc/arm-none-eabi/11.3.1/../../../../arm-none-eabi/lib/thumb/v7-m/nofp\libc_nano.a(libc_a-writer.o)
                0x000000000800c508                _write_r
 .text.__errno  0x000000000800c52c        0xc C:/ST/STM32CubeIDE_1.13.0/STM32CubeIDE/plugins/com.st.stm32cube.ide.mcu.externaltools.gnu-tools-for-stm32.11.3.rel1.win32_1.1.0.202305231506/tools/bin/../lib/gcc/arm-none-eabi/11.3.1/../../../../arm-none-eabi/lib/thumb/v7-m/nofp\libc_nano.a(libc_a-errno.o)
                0x000000000800c52c                __errno
 .text.__libc_init_array
                0x000000000800c538       0x48 C:/ST/STM32CubeIDE_1.13.0/STM32CubeIDE/plugins/com.st.stm32cube.ide.mcu.externaltools.gnu-tools-for-stm32.11.3.rel1.win32_1.1.0.202305231506/tools/bin/../lib/gcc/arm-none-eabi/11.3.1/../../../../arm-none-eabi/lib/thumb/v7-m/nofp\libc_nano.a(libc_a-init.o)
                0x000000000800c538                __libc_init_array
 .text.__retarget_lock_acquire_recursive
                0x000000000800c580        0x2 C:/ST/STM32CubeIDE_1.13.0/STM32CubeIDE/plugins/com.st.stm32cube.ide.mcu.externaltools.gnu-tools-for-stm32.11.3.rel1.win32_1.1.0.202305231506/tools/bin/../lib/gcc/arm-none-eabi/11.3.1/../../../../arm-none-eabi/lib/thumb/v7-m/nofp\libc_nano.a(libc_a-lock.o)
                0x000000000800c580                __retarget_lock_acquire_recursive
 .text.__retarget_lock_release_recursive
                0x000000000800c582        0x2 C:/ST/STM32CubeIDE_1.13.0/STM32CubeIDE/plugins/com.st.stm32cube.ide.mcu.externaltools.gnu-tools-for-stm32.11.3.rel1.win32_1.1.0.202305231506/tools/bin/../lib/gcc/arm-none-eabi/11.3.1/../../../../arm-none-eabi/lib/thumb/v7-m/nofp\libc_nano.a(libc_a-lock.o)
                0x000000000800c582                __retarget_lock_release_recursive
 .text.memcpy   0x000000000800c584       0x1c C:/ST/STM32CubeIDE_1.13.0/STM32CubeIDE/plugins/com.st.stm32cube.ide.mcu.externaltools.gnu-tools-for-stm32.11.3.rel1.win32_1.1.0.202305231506/tools/bin/../lib/gcc/arm-none-eabi/11.3.1/../../../../arm-none-eabi/lib/thumb/v7-m/nofp\libc_nano.a(libc_a-memcpy-stub.o)
                0x000000000800c584                memcpy
 .text._free_r  0x000000000800c5a0       0x90 C:/ST/STM32CubeIDE_1.13.0/STM32CubeIDE/plugins/com.st.stm32cube.ide.mcu.externaltools.gnu-tools-for-stm32.11.3.rel1.win32_1.1.0.202305231506/tools/bin/../lib/gcc/arm-none-eabi/11.3.1/../../../../arm-none-eabi/lib/thumb/v7-m/nofp\libc_nano.a(libc_a-freer.o)
                0x000000000800c5a0                _free_r
 .text.__sfputc_r
                0x000000000800c630       0x2a C:/ST/STM32CubeIDE_1.13.0/STM32CubeIDE/plugins/com.st.stm32cube.ide.mcu.externaltools.gnu-tools-for-stm32.11.3.rel1.win32_1.1.0.202305231506/tools/bin/../lib/gcc/arm-none-eabi/11.3.1/../../../../arm-none-eabi/lib/thumb/v7-m/nofp\libc_nano.a(libc_a-nano-vfprintf.o)
 .text.__sfputs_r
                0x000000000800c65a       0x24 C:/ST/STM32CubeIDE_1.13.0/STM32CubeIDE/plugins/com.st.stm32cube.ide.mcu.externaltools.gnu-tools-for-stm32.11.3.rel1.win32_1.1.0.202305231506/tools/bin/../lib/gcc/arm-none-eabi/11.3.1/../../../../arm-none-eabi/lib/thumb/v7-m/nofp\libc_nano.a(libc_a-nano-vfprintf.o)
                0x000000000800c65a                __sfputs_r
 *fill*         0x000000000800c67e        0x2 
 .text._vfprintf_r
                0x000000000800c680      0x234 C:/ST/STM32CubeIDE_1.13.0/STM32CubeIDE/plugins/com.st.stm32cube.ide.mcu.externaltools.gnu-tools-for-stm32.11.3.rel1.win32_1.1.0.202305231506/tools/bin/../lib/gcc/arm-none-eabi/11.3.1/../../../../arm-none-eabi/lib/thumb/v7-m/nofp\libc_nano.a(libc_a-nano-vfprintf.o)
                0x000000000800c680                _vfprintf_r
                0x000000000800c680                _vfiprintf_r
 .text._printf_common
                0x000000000800c8b4       0xe4 C:/ST/STM32CubeIDE_1.13.0/STM32CubeIDE/plugins/com.st.stm32cube.ide.mcu.externaltools.gnu-tools-for-stm32.11.3.rel1.win32_1.1.0.202305231506/tools/bin/../lib/gcc/arm-none-eabi/11.3.1/../../../../arm-none-eabi/lib/thumb/v7-m/nofp\libc_nano.a(libc_a-nano-vfprintf_i.o)
                0x000000000800c8b4                _printf_common
 .text._printf_i
                0x000000000800c998      0x244 C:/ST/STM32CubeIDE_1.13.0/STM32CubeIDE/plugins/com.st.stm32cube.ide.mcu.externaltools.gnu-tools-for-stm32.11.3.rel1.win32_1.1.0.202305231506/tools/bin/../lib/gcc/arm-none-eabi/11.3.1/../../../../arm-none-eabi/lib/thumb/v7-m/nofp\libc_nano.a(libc_a-nano-vfprintf_i.o)
                0x000000000800c998                _printf_i
 .text.__swhatbuf_r
                0x000000000800cbdc       0x4a C:/ST/STM32CubeIDE_1.13.0/STM32CubeIDE/plugins/com.st.stm32cube.ide.mcu.externaltools.gnu-tools-for-stm32.11.3.rel1.win32_1.1.0.202305231506/tools/bin/../lib/gcc/arm-none-eabi/11.3.1/../../../../arm-none-eabi/lib/thumb/v7-m/nofp\libc_nano.a(libc_a-makebuf.o)
                0x000000000800cbdc                __swhatbuf_r
 .text.__smakebuf_r
                0x000000000800cc26       0x78 C:/ST/STM32CubeIDE_1.13.0/STM32CubeIDE/plugins/com.st.stm32cube.ide.mcu.externaltools.gnu-tools-for-stm32.11.3.rel1.win32_1.1.0.202305231506/tools/bin/../lib/gcc/arm-none-eabi/11.3.1/../../../../arm-none-eabi/lib/thumb/v7-m/nofp\libc_nano.a(libc_a-makebuf.o)
                0x000000000800cc26                __smakebuf_r
 *fill*         0x000000000800cc9e        0x2 
 .text._fstat_r
                0x000000000800cca0       0x24 C:/ST/STM32CubeIDE_1.13.0/STM32CubeIDE/plugins/com.st.stm32cube.ide.mcu.externaltools.gnu-tools-for-stm32.11.3.rel1.win32_1.1.0.202305231506/tools/bin/../lib/gcc/arm-none-eabi/11.3.1/../../../../arm-none-eabi/lib/thumb/v7-m/nofp\libc_nano.a(libc_a-fstatr.o)
                0x000000000800cca0                _fstat_r
 .text._isatty_r
                0x000000000800ccc4       0x20 C:/ST/STM32CubeIDE_1.13.0/STM32CubeIDE/plugins/com.st.stm32cube.ide.mcu.externaltools.gnu-tools-for-stm32.11.3.rel1.win32_1.1.0.202305231506/tools/bin/../lib/gcc/arm-none-eabi/11.3.1/../../../../arm-none-eabi/lib/thumb/v7-m/nofp\libc_nano.a(libc_a-isattyr.o)
                0x000000000800ccc4                _isatty_r
 .text.memchr   0x000000000800cce4       0x1c C:/ST/STM32CubeIDE_1.13.0/STM32CubeIDE/plugins/com.st.stm32cube.ide.mcu.externaltools.gnu-tools-for-stm32.11.3.rel1.win32_1.1.0.202305231506/tools/bin/../lib/gcc/arm-none-eabi/11.3.1/../../../../arm-none-eabi/lib/thumb/v7-m/nofp\libc_nano.a(libc_a-memchr-stub.o)
                0x000000000800cce4                memchr
 *(.glue_7)
 .glue_7        0x000000000800cd00        0x0 linker stubs
 *(.glue_7t)
 .glue_7t       0x000000000800cd00        0x0 linker stubs
 *(.eh_frame)
 .eh_frame      0x000000000800cd00        0x0 C:/ST/STM32CubeIDE_1.13.0/STM32CubeIDE/plugins/com.st.stm32cube.ide.mcu.externaltools.gnu-tools-for-stm32.11.3.rel1.win32_1.1.0.202305231506/tools/bin/../lib/gcc/arm-none-eabi/11.3.1/thumb/v7-m/nofp/crtbegin.o
 *(.init)
 .init          0x000000000800cd00        0x4 C:/ST/STM32CubeIDE_1.13.0/STM32CubeIDE/plugins/com.st.stm32cube.ide.mcu.externaltools.gnu-tools-for-stm32.11.3.rel1.win32_1.1.0.202305231506/tools/bin/../lib/gcc/arm-none-eabi/11.3.1/thumb/v7-m/nofp/crti.o
                0x000000000800cd00                _init
 .init          0x000000000800cd04        0x8 C:/ST/STM32CubeIDE_1.13.0/STM32CubeIDE/plugins/com.st.stm32cube.ide.mcu.externaltools.gnu-tools-for-stm32.11.3.rel1.win32_1.1.0.202305231506/tools/bin/../lib/gcc/arm-none-eabi/11.3.1/thumb/v7-m/nofp/crtn.o
 *(.fini)
 .fini          0x000000000800cd0c        0x4 C:/ST/STM32CubeIDE_1.13.0/STM32CubeIDE/plugins/com.st.stm32cube.ide.mcu.externaltools.gnu-tools-for-stm32.11.3.rel1.win32_1.1.0.202305231506/tools/bin/../lib/gcc/arm-none-eabi/11.3.1/thumb/v7-m/nofp/crti.o
                0x000000000800cd0c                _fini
 .fini          0x000000000800cd10        0x8 C:/ST/STM32CubeIDE_1.13.0/STM32CubeIDE/plugins/com.st.stm32cube.ide.mcu.externaltools.gnu-tools-for-stm32.11.3.rel1.win32_1.1.0.202305231506/tools/bin/../lib/gcc/arm-none-eabi/11.3.1/thumb/v7-m/nofp/crtn.o
                0x000000000800cd18                . = ALIGN (0x4)
                0x000000000800cd18                _etext = .

.vfp11_veneer   0x000000000800cd18        0x0
 .vfp11_veneer  0x000000000800cd18        0x0 linker stubs

.v4_bx          0x000000000800cd18        0x0
 .v4_bx         0x000000000800cd18        0x0 linker stubs

.iplt           0x000000000800cd18        0x0
 .iplt          0x000000000800cd18        0x0 C:/ST/STM32CubeIDE_1.13.0/STM32CubeIDE/plugins/com.st.stm32cube.ide.mcu.externaltools.gnu-tools-for-stm32.11.3.rel1.win32_1.1.0.202305231506/tools/bin/../lib/gcc/arm-none-eabi/11.3.1/thumb/v7-m/nofp/crtbegin.o

.rodata         0x000000000800cd18      0x6e0
                0x000000000800cd18                . = ALIGN (0x4)
 *(.rodata)
 .rodata        0x000000000800cd18      0x1c5 ./CANopenNode_STM32/CO_app_STM32.o
 *fill*         0x000000000800cedd        0x3 
 .rodata        0x000000000800cee0       0x10 ./Drivers/STM32F1xx_HAL_Driver/Src/stm32f1xx_hal_rcc.o
 *(.rodata*)
 .rodata.abortCodes.0
                0x000000000800cef0       0x68 ./CANopenNode/301/CO_ODinterface.o
 .rodata.CO_LSS_bitTimingTableLookup
                0x000000000800cf58       0x14 ./CANopenNode/305/CO_LSSslave.o
 .rodata.ODObjs
                0x000000000800cf6c      0x440 ./CANopenNode_STM32/OD.o
 .rodata.AHBPrescTable
                0x000000000800d3ac       0x10 ./Core/Src/system_stm32f1xx.o
                0x000000000800d3ac                AHBPrescTable
 .rodata.APBPrescTable
                0x000000000800d3bc        0x8 ./Core/Src/system_stm32f1xx.o
                0x000000000800d3bc                APBPrescTable
 .rodata._vfprintf_r.str1.1
                0x000000000800d3c4       0x11 C:/ST/STM32CubeIDE_1.13.0/STM32CubeIDE/plugins/com.st.stm32cube.ide.mcu.externaltools.gnu-tools-for-stm32.11.3.rel1.win32_1.1.0.202305231506/tools/bin/../lib/gcc/arm-none-eabi/11.3.1/../../../../arm-none-eabi/lib/thumb/v7-m/nofp\libc_nano.a(libc_a-nano-vfprintf.o)
 .rodata._printf_i.str1.1
                0x000000000800d3d5       0x22 C:/ST/STM32CubeIDE_1.13.0/STM32CubeIDE/plugins/com.st.stm32cube.ide.mcu.externaltools.gnu-tools-for-stm32.11.3.rel1.win32_1.1.0.202305231506/tools/bin/../lib/gcc/arm-none-eabi/11.3.1/../../../../arm-none-eabi/lib/thumb/v7-m/nofp\libc_nano.a(libc_a-nano-vfprintf_i.o)
                0x000000000800d3f8                . = ALIGN (0x4)
 *fill*         0x000000000800d3f7        0x1 

.rel.dyn        0x000000000800d3f8        0x0
 .rel.iplt      0x000000000800d3f8        0x0 C:/ST/STM32CubeIDE_1.13.0/STM32CubeIDE/plugins/com.st.stm32cube.ide.mcu.externaltools.gnu-tools-for-stm32.11.3.rel1.win32_1.1.0.202305231506/tools/bin/../lib/gcc/arm-none-eabi/11.3.1/thumb/v7-m/nofp/crtbegin.o

.ARM.extab      0x000000000800d3f8        0x0
                0x000000000800d3f8                . = ALIGN (0x4)
 *(.ARM.extab* .gnu.linkonce.armextab.*)
                0x000000000800d3f8                . = ALIGN (0x4)

.ARM            0x000000000800d3f8        0x0
                0x000000000800d3f8                . = ALIGN (0x4)
                0x000000000800d3f8                __exidx_start = .
 *(.ARM.exidx*)
                0x000000000800d3f8                __exidx_end = .
                0x000000000800d3f8                . = ALIGN (0x4)

.preinit_array  0x000000000800d3f8        0x0
                0x000000000800d3f8                . = ALIGN (0x4)
                0x000000000800d3f8                PROVIDE (__preinit_array_start = .)
 *(.preinit_array*)
                0x000000000800d3f8                PROVIDE (__preinit_array_end = .)
                0x000000000800d3f8                . = ALIGN (0x4)

.init_array     0x000000000800d3f8        0x4
                0x000000000800d3f8                . = ALIGN (0x4)
                0x000000000800d3f8                PROVIDE (__init_array_start = .)
 *(SORT_BY_NAME(.init_array.*))
 *(.init_array*)
 .init_array    0x000000000800d3f8        0x4 C:/ST/STM32CubeIDE_1.13.0/STM32CubeIDE/plugins/com.st.stm32cube.ide.mcu.externaltools.gnu-tools-for-stm32.11.3.rel1.win32_1.1.0.202305231506/tools/bin/../lib/gcc/arm-none-eabi/11.3.1/thumb/v7-m/nofp/crtbegin.o
                0x000000000800d3fc                PROVIDE (__init_array_end = .)
                0x000000000800d3fc                . = ALIGN (0x4)

.fini_array     0x000000000800d3fc        0x4
                0x000000000800d3fc                . = ALIGN (0x4)
                [!provide]                        PROVIDE (__fini_array_start = .)
 *(SORT_BY_NAME(.fini_array.*))
 *(.fini_array*)
 .fini_array    0x000000000800d3fc        0x4 C:/ST/STM32CubeIDE_1.13.0/STM32CubeIDE/plugins/com.st.stm32cube.ide.mcu.externaltools.gnu-tools-for-stm32.11.3.rel1.win32_1.1.0.202305231506/tools/bin/../lib/gcc/arm-none-eabi/11.3.1/thumb/v7-m/nofp/crtbegin.o
                [!provide]                        PROVIDE (__fini_array_end = .)
                0x000000000800d400                . = ALIGN (0x4)
                0x000000000800d400                _sidata = LOADADDR (.data)

.data           0x0000000020000000      0x384 load address 0x000000000800d400
                0x0000000020000000                . = ALIGN (0x4)
                0x0000000020000000                _sdata = .
 *(.data)
 *(.data*)
 .data.OD_PERSIST_COMM
                0x0000000020000000      0x158 ./CANopenNode_STM32/OD.o
                0x0000000020000000                OD_PERSIST_COMM
 .data.OD_RAM   0x0000000020000158       0x34 ./CANopenNode_STM32/OD.o
                0x0000000020000158                OD_RAM
 .data.ODList   0x000000002000018c      0x180 ./CANopenNode_STM32/OD.o
 .data._OD      0x000000002000030c        0x8 ./CANopenNode_STM32/OD.o
 .data.OD       0x0000000020000314        0x4 ./CANopenNode_STM32/OD.o
                0x0000000020000314                OD
 .data.tmp32u_0
                0x0000000020000318        0x4 ./Core/Src/main.o
                0x0000000020000318                tmp32u_0
 .data.SystemCoreClock
                0x000000002000031c        0x4 ./Core/Src/system_stm32f1xx.o
                0x000000002000031c                SystemCoreClock
 .data.uwTickPrio
                0x0000000020000320        0x4 ./Drivers/STM32F1xx_HAL_Driver/Src/stm32f1xx_hal.o
                0x0000000020000320                uwTickPrio
 .data.uwTickFreq
                0x0000000020000324        0x1 ./Drivers/STM32F1xx_HAL_Driver/Src/stm32f1xx_hal.o
                0x0000000020000324                uwTickFreq
 *fill*         0x0000000020000325        0x3 
 .data.__sglue  0x0000000020000328        0xc C:/ST/STM32CubeIDE_1.13.0/STM32CubeIDE/plugins/com.st.stm32cube.ide.mcu.externaltools.gnu-tools-for-stm32.11.3.rel1.win32_1.1.0.202305231506/tools/bin/../lib/gcc/arm-none-eabi/11.3.1/../../../../arm-none-eabi/lib/thumb/v7-m/nofp\libc_nano.a(libc_a-findfp.o)
                0x0000000020000328                __sglue
 .data._impure_data
                0x0000000020000334       0x4c C:/ST/STM32CubeIDE_1.13.0/STM32CubeIDE/plugins/com.st.stm32cube.ide.mcu.externaltools.gnu-tools-for-stm32.11.3.rel1.win32_1.1.0.202305231506/tools/bin/../lib/gcc/arm-none-eabi/11.3.1/../../../../arm-none-eabi/lib/thumb/v7-m/nofp\libc_nano.a(libc_a-impure.o)
                0x0000000020000334                _impure_data
 .data._impure_ptr
                0x0000000020000380        0x4 C:/ST/STM32CubeIDE_1.13.0/STM32CubeIDE/plugins/com.st.stm32cube.ide.mcu.externaltools.gnu-tools-for-stm32.11.3.rel1.win32_1.1.0.202305231506/tools/bin/../lib/gcc/arm-none-eabi/11.3.1/../../../../arm-none-eabi/lib/thumb/v7-m/nofp\libc_nano.a(libc_a-impure.o)
                0x0000000020000380                _impure_ptr
 *(.RamFunc)
 *(.RamFunc*)
                0x0000000020000384                . = ALIGN (0x4)
                0x0000000020000384                _edata = .

.igot.plt       0x0000000020000384        0x0 load address 0x000000000800d784
 .igot.plt      0x0000000020000384        0x0 C:/ST/STM32CubeIDE_1.13.0/STM32CubeIDE/plugins/com.st.stm32cube.ide.mcu.externaltools.gnu-tools-for-stm32.11.3.rel1.win32_1.1.0.202305231506/tools/bin/../lib/gcc/arm-none-eabi/11.3.1/thumb/v7-m/nofp/crtbegin.o
                0x0000000020000384                . = ALIGN (0x4)

.bss            0x0000000020000384      0x6e8 load address 0x000000000800d784
                0x0000000020000384                _sbss = .
                0x0000000020000384                __bss_start__ = _sbss
 *(.bss)
 .bss           0x0000000020000384       0x1c C:/ST/STM32CubeIDE_1.13.0/STM32CubeIDE/plugins/com.st.stm32cube.ide.mcu.externaltools.gnu-tools-for-stm32.11.3.rel1.win32_1.1.0.202305231506/tools/bin/../lib/gcc/arm-none-eabi/11.3.1/thumb/v7-m/nofp/crtbegin.o
 *(.bss*)
 .bss.canopenNodeSTM32
                0x00000000200003a0        0x4 ./CANopenNode_STM32/CO_app_STM32.o
                0x00000000200003a0                canopenNodeSTM32
 .bss.CO        0x00000000200003a4        0x4 ./CANopenNode_STM32/CO_app_STM32.o
                0x00000000200003a4                CO
 .bss.time_old  0x00000000200003a8        0x4 ./CANopenNode_STM32/CO_app_STM32.o
                0x00000000200003a8                time_old
 .bss.time_current
                0x00000000200003ac        0x4 ./CANopenNode_STM32/CO_app_STM32.o
                0x00000000200003ac                time_current
 .bss.err       0x00000000200003b0        0x1 ./CANopenNode_STM32/CO_app_STM32.o
                0x00000000200003b0                err
 *fill*         0x00000000200003b1        0x3 
 .bss.CANModule_local
                0x00000000200003b4        0x4 ./CANopenNode_STM32/CO_driver_STM32.o
 .bss.tx_hdr.1  0x00000000200003b8       0x18 ./CANopenNode_STM32/CO_driver_STM32.o
 .bss.rx_hdr.0  0x00000000200003d0       0x1c ./CANopenNode_STM32/CO_driver_STM32.o
 .bss.hcan      0x00000000200003ec       0x64 ./Core/Src/main.o
                0x00000000200003ec                hcan
 .bss.hi2c1     0x0000000020000450       0x84 ./Core/Src/main.o
                0x0000000020000450                hi2c1
 .bss.htim1     0x00000000200004d4       0xb4 ./Core/Src/main.o
                0x00000000200004d4                htim1
 .bss.htim2     0x0000000020000588       0xb4 ./Core/Src/main.o
                0x0000000020000588                htim2
 .bss.htim3     0x000000002000063c       0xb4 ./Core/Src/main.o
                0x000000002000063c                htim3
 .bss.htim4     0x00000000200006f0       0xb4 ./Core/Src/main.o
                0x00000000200006f0                htim4
 .bss.huart1    0x00000000200007a4       0x74 ./Core/Src/main.o
                0x00000000200007a4                huart1
 .bss.huart2    0x0000000020000818       0x74 ./Core/Src/main.o
                0x0000000020000818                huart2
 .bss.hdma_usart1_rx
                0x000000002000088c       0x44 ./Core/Src/main.o
                0x000000002000088c                hdma_usart1_rx
 .bss.hdma_usart1_tx
                0x00000000200008d0       0x44 ./Core/Src/main.o
                0x00000000200008d0                hdma_usart1_tx
 .bss.Ticks     0x0000000020000914        0x4 ./Core/Src/main.o
                0x0000000020000914                Ticks
 .bss.__sbrk_heap_end
                0x0000000020000918        0x4 ./Core/Src/sysmem.o
 .bss.uwTick    0x000000002000091c        0x4 ./Drivers/STM32F1xx_HAL_Driver/Src/stm32f1xx_hal.o
                0x000000002000091c                uwTick
 .bss.__malloc_free_list
                0x0000000020000920        0x4 C:/ST/STM32CubeIDE_1.13.0/STM32CubeIDE/plugins/com.st.stm32cube.ide.mcu.externaltools.gnu-tools-for-stm32.11.3.rel1.win32_1.1.0.202305231506/tools/bin/../lib/gcc/arm-none-eabi/11.3.1/../../../../arm-none-eabi/lib/thumb/v7-m/nofp\libc_nano.a(libc_a-mallocr.o)
                0x0000000020000920                __malloc_free_list
 .bss.__malloc_sbrk_start
                0x0000000020000924        0x4 C:/ST/STM32CubeIDE_1.13.0/STM32CubeIDE/plugins/com.st.stm32cube.ide.mcu.externaltools.gnu-tools-for-stm32.11.3.rel1.win32_1.1.0.202305231506/tools/bin/../lib/gcc/arm-none-eabi/11.3.1/../../../../arm-none-eabi/lib/thumb/v7-m/nofp\libc_nano.a(libc_a-mallocr.o)
                0x0000000020000924                __malloc_sbrk_start
 .bss.__sf      0x0000000020000928      0x138 C:/ST/STM32CubeIDE_1.13.0/STM32CubeIDE/plugins/com.st.stm32cube.ide.mcu.externaltools.gnu-tools-for-stm32.11.3.rel1.win32_1.1.0.202305231506/tools/bin/../lib/gcc/arm-none-eabi/11.3.1/../../../../arm-none-eabi/lib/thumb/v7-m/nofp\libc_nano.a(libc_a-findfp.o)
                0x0000000020000928                __sf
 .bss.__stdio_exit_handler
                0x0000000020000a60        0x4 C:/ST/STM32CubeIDE_1.13.0/STM32CubeIDE/plugins/com.st.stm32cube.ide.mcu.externaltools.gnu-tools-for-stm32.11.3.rel1.win32_1.1.0.202305231506/tools/bin/../lib/gcc/arm-none-eabi/11.3.1/../../../../arm-none-eabi/lib/thumb/v7-m/nofp\libc_nano.a(libc_a-findfp.o)
                0x0000000020000a60                __stdio_exit_handler
 .bss.errno     0x0000000020000a64        0x4 C:/ST/STM32CubeIDE_1.13.0/STM32CubeIDE/plugins/com.st.stm32cube.ide.mcu.externaltools.gnu-tools-for-stm32.11.3.rel1.win32_1.1.0.202305231506/tools/bin/../lib/gcc/arm-none-eabi/11.3.1/../../../../arm-none-eabi/lib/thumb/v7-m/nofp\libc_nano.a(libc_a-reent.o)
                0x0000000020000a64                errno
 .bss.__lock___malloc_recursive_mutex
                0x0000000020000a68        0x1 C:/ST/STM32CubeIDE_1.13.0/STM32CubeIDE/plugins/com.st.stm32cube.ide.mcu.externaltools.gnu-tools-for-stm32.11.3.rel1.win32_1.1.0.202305231506/tools/bin/../lib/gcc/arm-none-eabi/11.3.1/../../../../arm-none-eabi/lib/thumb/v7-m/nofp\libc_nano.a(libc_a-lock.o)
                0x0000000020000a68                __lock___malloc_recursive_mutex
 .bss.__lock___sfp_recursive_mutex
                0x0000000020000a69        0x1 C:/ST/STM32CubeIDE_1.13.0/STM32CubeIDE/plugins/com.st.stm32cube.ide.mcu.externaltools.gnu-tools-for-stm32.11.3.rel1.win32_1.1.0.202305231506/tools/bin/../lib/gcc/arm-none-eabi/11.3.1/../../../../arm-none-eabi/lib/thumb/v7-m/nofp\libc_nano.a(libc_a-lock.o)
                0x0000000020000a69                __lock___sfp_recursive_mutex
 *(COMMON)
                0x0000000020000a6c                . = ALIGN (0x4)
 *fill*         0x0000000020000a6a        0x2 
                0x0000000020000a6c                _ebss = .
                0x0000000020000a6c                __bss_end__ = _ebss

._user_heap_stack
                0x0000000020000a6c      0xe04 load address 0x000000000800d784
                0x0000000020000a70                . = ALIGN (0x8)
 *fill*         0x0000000020000a6c        0x4 
                [!provide]                        PROVIDE (end = .)
                0x0000000020000a70                PROVIDE (_end = .)
                0x0000000020001270                . = (. + _Min_Heap_Size)
 *fill*         0x0000000020000a70      0x800 
                0x0000000020001870                . = (. + _Min_Stack_Size)
 *fill*         0x0000000020001270      0x600 
                0x0000000020001870                . = ALIGN (0x8)

/DISCARD/
 libc.a(*)
 libm.a(*)
 libgcc.a(*)

.ARM.attributes
                0x0000000000000000       0x29
 *(.ARM.attributes)
 .ARM.attributes
                0x0000000000000000       0x1d C:/ST/STM32CubeIDE_1.13.0/STM32CubeIDE/plugins/com.st.stm32cube.ide.mcu.externaltools.gnu-tools-for-stm32.11.3.rel1.win32_1.1.0.202305231506/tools/bin/../lib/gcc/arm-none-eabi/11.3.1/thumb/v7-m/nofp/crti.o
 .ARM.attributes
                0x000000000000001d       0x2d C:/ST/STM32CubeIDE_1.13.0/STM32CubeIDE/plugins/com.st.stm32cube.ide.mcu.externaltools.gnu-tools-for-stm32.11.3.rel1.win32_1.1.0.202305231506/tools/bin/../lib/gcc/arm-none-eabi/11.3.1/thumb/v7-m/nofp/crtbegin.o
 .ARM.attributes
                0x000000000000004a       0x2d ./CANopenNode/301/CO_Emergency.o
 .ARM.attributes
                0x0000000000000077       0x2d ./CANopenNode/301/CO_HBconsumer.o
 .ARM.attributes
                0x00000000000000a4       0x2d ./CANopenNode/301/CO_NMT_Heartbeat.o
 .ARM.attributes
                0x00000000000000d1       0x2d ./CANopenNode/301/CO_ODinterface.o
 .ARM.attributes
                0x00000000000000fe       0x2d ./CANopenNode/301/CO_PDO.o
 .ARM.attributes
                0x000000000000012b       0x2d ./CANopenNode/301/CO_SDOserver.o
 .ARM.attributes
                0x0000000000000158       0x2d ./CANopenNode/301/CO_SYNC.o
 .ARM.attributes
                0x0000000000000185       0x2d ./CANopenNode/301/CO_TIME.o
 .ARM.attributes
                0x00000000000001b2       0x2d ./CANopenNode/303/CO_LEDs.o
 .ARM.attributes
                0x00000000000001df       0x2d ./CANopenNode/305/CO_LSSslave.o
 .ARM.attributes
                0x000000000000020c       0x2d ./CANopenNode/CANopen.o
 .ARM.attributes
                0x0000000000000239       0x2d ./CANopenNode_STM32/CO_app_STM32.o
 .ARM.attributes
                0x0000000000000266       0x2d ./CANopenNode_STM32/CO_driver_STM32.o
 .ARM.attributes
                0x0000000000000293       0x2d ./CANopenNode_STM32/OD.o
 .ARM.attributes
                0x00000000000002c0       0x2d ./Core/Src/main.o
 .ARM.attributes
                0x00000000000002ed       0x2d ./Core/Src/stm32f1xx_hal_msp.o
 .ARM.attributes
                0x000000000000031a       0x2d ./Core/Src/stm32f1xx_it.o
 .ARM.attributes
                0x0000000000000347       0x2d ./Core/Src/syscalls.o
 .ARM.attributes
                0x0000000000000374       0x2d ./Core/Src/sysmem.o
 .ARM.attributes
                0x00000000000003a1       0x2d ./Core/Src/system_stm32f1xx.o
 .ARM.attributes